PASS: production UnitAccess boundaries, no invalid SDK calls, NeedsInit/identity neutrality, unload/reload, failure pointer clearing and bounded diagnostics.
PASS: 921 runtime source files; SDK unit lookups are confined to UnitAccess and callers consume their boolean results.
PASS: affected runtime projects and linked sources checked for JSON, plugin scheduling, lifecycle teardown and XAML roots.
PASS: workspace runtime sources contain no unsafe executable-memory toggles, and audited live-setting MonoMod hooks remain permanently published.
PASS: workspace runtime sources contain no unsafe executable-memory toggles, and audited live-setting MonoMod hooks remain permanently published.
ExtendedData runtime JSON/lifecycle preflight succeeded.
PASS: Fixes 1.24 implementation preflight; no runtime build or installation performed.
PASS: workspace runtime sources contain no unsafe executable-memory toggles, and audited live-setting MonoMod hooks remain permanently published.
Public installed member: GameUnit.r_AliveState : SHCDESE.Interop.Enums.AliveState
Public installed member: GameUnit.r_UnitChimp : SHCDESE.Interop.eChimps
Public installed member: GameUnit.r_CurrentPositionTileId : System.UInt32
Public installed member: GameUnit.r_NextPositionTileId2 : System.UInt32
Public installed member: GameUnit.r_AIState : System.UInt16
Public installed member: GameUnit.r_GlobalId : System.UInt32
Public installed member: GameUnit.r_AI_LastIssuedTribeCommand : System.UInt16
Public installed member: GameUnit.r_ControllableForPlayerId : System.Byte
Public installed member: GameUnit.r_TargetTilePositionX2 : System.UInt16
Public installed member: GameUnit.r_TargetTilePositionY2 : System.UInt16
System.Span`1<SHCDESE.Interop.GameUnit> SHCDESE.API.GameUnitManagerAPI::GetUnitsAsSpan()
System.Void SHCDESE.API.GameTimeManagerAPI::add_OnTick(System.Action`1<System.Int32>)
PASS: Assassin shared preflight, lifetime, JSON, XAML, CRLF and installed public-member contracts.
MSBuild-Version 17.11.9+a69bbaaf5 für .NET Framework
Der Buildvorgang wurde am 07.10.2026 19:14:19 gestartet.

Projekt "D:\CDesktopLink\Unterlagen\Mods\Stronghold Crusader DE\Meine Mods\_inspect\APISharedTests\APISharedTests.csproj" auf Knoten "1", Rebuild Ziel(e).
CoreClean:
  Die Datei "D:\CDesktopLink\Unterlagen\Mods\Stronghold Crusader DE\Meine Mods\_inspect\APISharedTests\bin\APISharedTests.exe.config" wird gelöscht.
  Die Datei "D:\CDesktopLink\Unterlagen\Mods\Stronghold Crusader DE\Meine Mods\_inspect\APISharedTests\bin\APISharedTests.exe" wird gelöscht.
  Die Datei "D:\CDesktopLink\Unterlagen\Mods\Stronghold Crusader DE\Meine Mods\_inspect\APISharedTests\bin\APIShared.dll" wird gelöscht.
  Die Datei "D:\CDesktopLink\Unterlagen\Mods\Stronghold Crusader DE\Meine Mods\_inspect\APISharedTests\bin\BepInEx.dll" wird gelöscht.
  Die Datei "D:\CDesktopLink\Unterlagen\Mods\Stronghold Crusader DE\Meine Mods\_inspect\APISharedTests\bin\R3.dll" wird gelöscht.
  Die Datei "D:\CDesktopLink\Unterlagen\Mods\Stronghold Crusader DE\Meine Mods\_inspect\APISharedTests\bin\SHCDESE.dll" wird gelöscht.
  Die Datei "D:\CDesktopLink\Unterlagen\Mods\Stronghold Crusader DE\Meine Mods\_inspect\APISharedTests\bin\System.Memory.dll" wird gelöscht.
  Die Datei "D:\CDesktopLink\Unterlagen\Mods\Stronghold Crusader DE\Meine Mods\_inspect\APISharedTests\bin\UnityEngine.CoreModule.dll" wird gelöscht.
  Die Datei "D:\CDesktopLink\Unterlagen\Mods\Stronghold Crusader DE\Meine Mods\_inspect\APISharedTests\bin\UnityEngine.dll" wird gelöscht.
  Die Datei "D:\CDesktopLink\Unterlagen\Mods\Stronghold Crusader DE\Meine Mods\_inspect\APISharedTests\bin\MonoMod.Utils.dll" wird gelöscht.
  Die Datei "D:\CDesktopLink\Unterlagen\Mods\Stronghold Crusader DE\Meine Mods\_inspect\APISharedTests\bin\0Harmony.dll" wird gelöscht.
  Die Datei "D:\CDesktopLink\Unterlagen\Mods\Stronghold Crusader DE\Meine Mods\_inspect\APISharedTests\bin\System.Threading.Channels.dll" wird gelöscht.
  Die Datei "D:\CDesktopLink\Unterlagen\Mods\Stronghold Crusader DE\Meine Mods\_inspect\APISharedTests\bin\System.Threading.Tasks.Extensions.dll" wird gelöscht.
  Die Datei "D:\CDesktopLink\Unterlagen\Mods\Stronghold Crusader DE\Meine Mods\_inspect\APISharedTests\bin\Microsoft.Bcl.TimeProvider.dll" wird gelöscht.
  Die Datei "D:\CDesktopLink\Unterlagen\Mods\Stronghold Crusader DE\Meine Mods\_inspect\APISharedTests\bin\Microsoft.Bcl.AsyncInterfaces.dll" wird gelöscht.
  Die Datei "D:\CDesktopLink\Unterlagen\Mods\Stronghold Crusader DE\Meine Mods\_inspect\APISharedTests\bin\System.Runtime.CompilerServices.Unsafe.dll" wird gelöscht.
  Die Datei "D:\CDesktopLink\Unterlagen\Mods\Stronghold Crusader DE\Meine Mods\_inspect\APISharedTests\bin\System.Buffers.dll" wird gelöscht.
  Die Datei "D:\CDesktopLink\Unterlagen\Mods\Stronghold Crusader DE\Meine Mods\_inspect\APISharedTests\bin\UnityEngine.DSPGraphModule.dll" wird gelöscht.
  Die Datei "D:\CDesktopLink\Unterlagen\Mods\Stronghold Crusader DE\Meine Mods\_inspect\APISharedTests\bin\UnityEngine.AudioModule.dll" wird gelöscht.
  Die Datei "D:\CDesktopLink\Unterlagen\Mods\Stronghold Crusader DE\Meine Mods\_inspect\APISharedTests\bin\UnityEngine.UnityCurlModule.dll" wird gelöscht.
  Die Datei "D:\CDesktopLink\Unterlagen\Mods\Stronghold Crusader DE\Meine Mods\_inspect\APISharedTests\bin\UnityEngine.TLSModule.dll" wird gelöscht.
  Die Datei "D:\CDesktopLink\Unterlagen\Mods\Stronghold Crusader DE\Meine Mods\_inspect\APISharedTests\bin\UnityEngine.UIElementsModule.dll" wird gelöscht.
  Die Datei "D:\CDesktopLink\Unterlagen\Mods\Stronghold Crusader DE\Meine Mods\_inspect\APISharedTests\bin\UnityEngine.AndroidJNIModule.dll" wird gelöscht.
  Die Datei "D:\CDesktopLink\Unterlagen\Mods\Stronghold Crusader DE\Meine Mods\_inspect\APISharedTests\bin\UnityEngine.InputLegacyModule.dll" wird gelöscht.
  Die Datei "D:\CDesktopLink\Unterlagen\Mods\Stronghold Crusader DE\Meine Mods\_inspect\APISharedTests\bin\UnityEngine.AccessibilityModule.dll" wird gelöscht.
  Die Datei "D:\CDesktopLink\Unterlagen\Mods\Stronghold Crusader DE\Meine Mods\_inspect\APISharedTests\bin\UnityEngine.UIModule.dll" wird gelöscht.
  Die Datei "D:\CDesktopLink\Unterlagen\Mods\Stronghold Crusader DE\Meine Mods\_inspect\APISharedTests\bin\UnityEngine.UnityConnectModule.dll" wird gelöscht.
  Die Datei "D:\CDesktopLink\Unterlagen\Mods\Stronghold Crusader DE\Meine Mods\_inspect\APISharedTests\bin\UnityEngine.AIModule.dll" wird gelöscht.
  Die Datei "D:\CDesktopLink\Unterlagen\Mods\Stronghold Crusader DE\Meine Mods\_inspect\APISharedTests\bin\UnityEngine.UnityAnalyticsModule.dll" wird gelöscht.
  Die Datei "D:\CDesktopLink\Unterlagen\Mods\Stronghold Crusader DE\Meine Mods\_inspect\APISharedTests\bin\UnityEngine.UnityAnalyticsCommonModule.dll" wird gelöscht.
  Die Datei "D:\CDesktopLink\Unterlagen\Mods\Stronghold Crusader DE\Meine Mods\_inspect\APISharedTests\bin\UnityEngine.PerformanceReportingModule.dll" wird gelöscht.
  Die Datei "D:\CDesktopLink\Unterlagen\Mods\Stronghold Crusader DE\Meine Mods\_inspect\APISharedTests\bin\UnityEngine.Physics2DModule.dll" wird gelöscht.
  Die Datei "D:\CDesktopLink\Unterlagen\Mods\Stronghold Crusader DE\Meine Mods\_inspect\APISharedTests\bin\UnityEngine.AnimationModule.dll" wird gelöscht.
  Die Datei "D:\CDesktopLink\Unterlagen\Mods\Stronghold Crusader DE\Meine Mods\_inspect\APISharedTests\bin\UnityEngine.PhysicsModule.dll" wird gelöscht.
  Die Datei "D:\CDesktopLink\Unterlagen\Mods\Stronghold Crusader DE\Meine Mods\_inspect\APISharedTests\bin\UnityEngine.AssetBundleModule.dll" wird gelöscht.
  Die Datei "D:\CDesktopLink\Unterlagen\Mods\Stronghold Crusader DE\Meine Mods\_inspect\APISharedTests\bin\UnityEngine.SharedInternalsModule.dll" wird gelöscht.
  Die Datei "D:\CDesktopLink\Unterlagen\Mods\Stronghold Crusader DE\Meine Mods\_inspect\APISharedTests\bin\UnityEngine.TextRenderingModule.dll" wird gelöscht.
  Die Datei "D:\CDesktopLink\Unterlagen\Mods\Stronghold Crusader DE\Meine Mods\_inspect\APISharedTests\bin\UnityEngine.ClothModule.dll" wird gelöscht.
  Die Datei "D:\CDesktopLink\Unterlagen\Mods\Stronghold Crusader DE\Meine Mods\_inspect\APISharedTests\bin\UnityEngine.ClusterInputModule.dll" wird gelöscht.
  Die Datei "D:\CDesktopLink\Unterlagen\Mods\Stronghold Crusader DE\Meine Mods\_inspect\APISharedTests\bin\UnityEngine.ClusterRendererModule.dll" wird gelöscht.
  Die Datei "D:\CDesktopLink\Unterlagen\Mods\Stronghold Crusader DE\Meine Mods\_inspect\APISharedTests\bin\UnityEngine.CrashReportingModule.dll" wird gelöscht.
  Die Datei "D:\CDesktopLink\Unterlagen\Mods\Stronghold Crusader DE\Meine Mods\_inspect\APISharedTests\bin\UnityEngine.TilemapModule.dll" wird gelöscht.
  Die Datei "D:\CDesktopLink\Unterlagen\Mods\Stronghold Crusader DE\Meine Mods\_inspect\APISharedTests\bin\UnityEngine.TerrainModule.dll" wird gelöscht.
  Die Datei "D:\CDesktopLink\Unterlagen\Mods\Stronghold Crusader DE\Meine Mods\_inspect\APISharedTests\bin\UnityEngine.IMGUIModule.dll" wird gelöscht.
  Die Datei "D:\CDesktopLink\Unterlagen\Mods\Stronghold Crusader DE\Meine Mods\_inspect\APISharedTests\bin\UnityEngine.VFXModule.dll" wird gelöscht.
  Die Datei "D:\CDesktopLink\Unterlagen\Mods\Stronghold Crusader DE\Meine Mods\_inspect\APISharedTests\bin\UnityEngine.VideoModule.dll" wird gelöscht.
  Die Datei "D:\CDesktopLink\Unterlagen\Mods\Stronghold Crusader DE\Meine Mods\_inspect\APISharedTests\bin\UnityEngine.VRModule.dll" wird gelöscht.
  Die Datei "D:\CDesktopLink\Unterlagen\Mods\Stronghold Crusader DE\Meine Mods\_inspect\APISharedTests\bin\UnityEngine.GridModule.dll" wird gelöscht.
  Die Datei "D:\CDesktopLink\Unterlagen\Mods\Stronghold Crusader DE\Meine Mods\_inspect\APISharedTests\bin\UnityEngine.ImageConversionModule.dll" wird gelöscht.
  Die Datei "D:\CDesktopLink\Unterlagen\Mods\Stronghold Crusader DE\Meine Mods\_inspect\APISharedTests\bin\UnityEngine.SubsystemsModule.dll" wird gelöscht.
  Die Datei "D:\CDesktopLink\Unterlagen\Mods\Stronghold Crusader DE\Meine Mods\_inspect\APISharedTests\bin\UnityEngine.JSONSerializeModule.dll" wird gelöscht.
  Die Datei "D:\CDesktopLink\Unterlagen\Mods\Stronghold Crusader DE\Meine Mods\_inspect\APISharedTests\bin\UnityEngine.LocalizationModule.dll" wird gelöscht.
  Die Datei "D:\CDesktopLink\Unterlagen\Mods\Stronghold Crusader DE\Meine Mods\_inspect\APISharedTests\bin\UnityEngine.UnityWebRequestModule.dll" wird gelöscht.
  Die Datei "D:\CDesktopLink\Unterlagen\Mods\Stronghold Crusader DE\Meine Mods\_inspect\APISharedTests\bin\UnityEngine.UNETModule.dll" wird gelöscht.
  Die Datei "D:\CDesktopLink\Unterlagen\Mods\Stronghold Crusader DE\Meine Mods\_inspect\APISharedTests\bin\UnityEngine.UnityWebRequestAssetBundleModule.dll" wird gelöscht.
  Die Datei "D:\CDesktopLink\Unterlagen\Mods\Stronghold Crusader DE\Meine Mods\_inspect\APISharedTests\bin\UnityEngine.UnityWebRequestAudioModule.dll" wird gelöscht.
  Die Datei "D:\CDesktopLink\Unterlagen\Mods\Stronghold Crusader DE\Meine Mods\_inspect\APISharedTests\bin\UnityEngine.UnityWebRequestTextureModule.dll" wird gelöscht.
  Die Datei "D:\CDesktopLink\Unterlagen\Mods\Stronghold Crusader DE\Meine Mods\_inspect\APISharedTests\bin\UnityEngine.UnityWebRequestWWWModule.dll" wird gelöscht.
  Die Datei "D:\CDesktopLink\Unterlagen\Mods\Stronghold Crusader DE\Meine Mods\_inspect\APISharedTests\bin\UnityEngine.NVIDIAModule.dll" wird gelöscht.
  Die Datei "D:\CDesktopLink\Unterlagen\Mods\Stronghold Crusader DE\Meine Mods\_inspect\APISharedTests\bin\UnityEngine.ParticleSystemModule.dll" wird gelöscht.
  Die Datei "D:\CDesktopLink\Unterlagen\Mods\Stronghold Crusader DE\Meine Mods\_inspect\APISharedTests\bin\UnityEngine.DirectorModule.dll" wird gelöscht.
  Die Datei "D:\CDesktopLink\Unterlagen\Mods\Stronghold Crusader DE\Meine Mods\_inspect\APISharedTests\bin\UnityEngine.VirtualTexturingModule.dll" wird gelöscht.
  Die Datei "D:\CDesktopLink\Unterlagen\Mods\Stronghold Crusader DE\Meine Mods\_inspect\APISharedTests\bin\UnityEngine.ScreenCaptureModule.dll" wird gelöscht.
  Die Datei "D:\CDesktopLink\Unterlagen\Mods\Stronghold Crusader DE\Meine Mods\_inspect\APISharedTests\bin\UnityEngine.GameCenterModule.dll" wird gelöscht.
  Die Datei "D:\CDesktopLink\Unterlagen\Mods\Stronghold Crusader DE\Meine Mods\_inspect\APISharedTests\bin\UnityEngine.SpriteMaskModule.dll" wird gelöscht.
  Die Datei "D:\CDesktopLink\Unterlagen\Mods\Stronghold Crusader DE\Meine Mods\_inspect\APISharedTests\bin\UnityEngine.StreamingModule.dll" wird gelöscht.
  Die Datei "D:\CDesktopLink\Unterlagen\Mods\Stronghold Crusader DE\Meine Mods\_inspect\APISharedTests\bin\UnityEngine.TerrainPhysicsModule.dll" wird gelöscht.
  Die Datei "D:\CDesktopLink\Unterlagen\Mods\Stronghold Crusader DE\Meine Mods\_inspect\APISharedTests\bin\UnityEngine.TextCoreFontEngineModule.dll" wird gelöscht.
  Die Datei "D:\CDesktopLink\Unterlagen\Mods\Stronghold Crusader DE\Meine Mods\_inspect\APISharedTests\bin\UnityEngine.TextCoreTextEngineModule.dll" wird gelöscht.
  Die Datei "D:\CDesktopLink\Unterlagen\Mods\Stronghold Crusader DE\Meine Mods\_inspect\APISharedTests\bin\UnityEngine.SpriteShapeModule.dll" wird gelöscht.
  Die Datei "D:\CDesktopLink\Unterlagen\Mods\Stronghold Crusader DE\Meine Mods\_inspect\APISharedTests\bin\UnityEngine.UIElementsNativeModule.dll" wird gelöscht.
  Die Datei "D:\CDesktopLink\Unterlagen\Mods\Stronghold Crusader DE\Meine Mods\_inspect\APISharedTests\bin\UnityEngine.VehiclesModule.dll" wird gelöscht.
  Die Datei "D:\CDesktopLink\Unterlagen\Mods\Stronghold Crusader DE\Meine Mods\_inspect\APISharedTests\bin\UnityEngine.WindModule.dll" wird gelöscht.
  Die Datei "D:\CDesktopLink\Unterlagen\Mods\Stronghold Crusader DE\Meine Mods\_inspect\APISharedTests\bin\UnityEngine.XRModule.dll" wird gelöscht.
  Die Datei "D:\CDesktopLink\Unterlagen\Mods\Stronghold Crusader DE\Meine Mods\_inspect\APISharedTests\bin\UnityEngine.ARModule.dll" wird gelöscht.
  Die Datei "D:\CDesktopLink\Unterlagen\Mods\Stronghold Crusader DE\Meine Mods\_inspect\APISharedTests\bin\UnityEngine.InputModule.dll" wird gelöscht.
  Die Datei "D:\CDesktopLink\Unterlagen\Mods\Stronghold Crusader DE\Meine Mods\_inspect\APISharedTests\bin\MessagePack.dll" wird gelöscht.
  Die Datei "D:\CDesktopLink\Unterlagen\Mods\Stronghold Crusader DE\Meine Mods\_inspect\APISharedTests\bin\System.Text.Json.dll" wird gelöscht.
  Die Datei "D:\CDesktopLink\Unterlagen\Mods\Stronghold Crusader DE\Meine Mods\_inspect\APISharedTests\bin\RedBird.Core.dll" wird gelöscht.
  Die Datei "D:\CDesktopLink\Unterlagen\Mods\Stronghold Crusader DE\Meine Mods\_inspect\APISharedTests\bin\Microsoft.Extensions.Logging.Abstractions.dll" wird gelöscht.
  Die Datei "D:\CDesktopLink\Unterlagen\Mods\Stronghold Crusader DE\Meine Mods\_inspect\APISharedTests\bin\NLua.dll" wird gelöscht.
  Die Datei "D:\CDesktopLink\Unterlagen\Mods\Stronghold Crusader DE\Meine Mods\_inspect\APISharedTests\bin\ICSharpCode.SharpZipLib.dll" wird gelöscht.
  Die Datei "D:\CDesktopLink\Unterlagen\Mods\Stronghold Crusader DE\Meine Mods\_inspect\APISharedTests\bin\RedBird.X64.dll" wird gelöscht.
  Die Datei "D:\CDesktopLink\Unterlagen\Mods\Stronghold Crusader DE\Meine Mods\_inspect\APISharedTests\bin\Serilog.dll" wird gelöscht.
  Die Datei "D:\CDesktopLink\Unterlagen\Mods\Stronghold Crusader DE\Meine Mods\_inspect\APISharedTests\bin\MessagePack.Annotations.dll" wird gelöscht.
  Die Datei "D:\CDesktopLink\Unterlagen\Mods\Stronghold Crusader DE\Meine Mods\_inspect\APISharedTests\bin\ImGui.NET.dll" wird gelöscht.
  Die Datei "D:\CDesktopLink\Unterlagen\Mods\Stronghold Crusader DE\Meine Mods\_inspect\APISharedTests\bin\Iced.dll" wird gelöscht.
  Die Datei "D:\CDesktopLink\Unterlagen\Mods\Stronghold Crusader DE\Meine Mods\_inspect\APISharedTests\bin\NVorbis.dll" wird gelöscht.
  Die Datei "D:\CDesktopLink\Unterlagen\Mods\Stronghold Crusader DE\Meine Mods\_inspect\APISharedTests\bin\RedBird.Abstractions.dll" wird gelöscht.
  Die Datei "D:\CDesktopLink\Unterlagen\Mods\Stronghold Crusader DE\Meine Mods\_inspect\APISharedTests\bin\PolyHook2.NET.dll" wird gelöscht.
  Die Datei "D:\CDesktopLink\Unterlagen\Mods\Stronghold Crusader DE\Meine Mods\_inspect\APISharedTests\bin\System.IO.Hashing.dll" wird gelöscht.
  Die Datei "D:\CDesktopLink\Unterlagen\Mods\Stronghold Crusader DE\Meine Mods\_inspect\APISharedTests\bin\KeraLua.dll" wird gelöscht.
  Die Datei "D:\CDesktopLink\Unterlagen\Mods\Stronghold Crusader DE\Meine Mods\_inspect\APISharedTests\bin\universal-unity-imgui-api.dll" wird gelöscht.
  Die Datei "D:\CDesktopLink\Unterlagen\Mods\Stronghold Crusader DE\Meine Mods\_inspect\APISharedTests\bin\Serilog.Sinks.Async.dll" wird gelöscht.
  Die Datei "D:\CDesktopLink\Unterlagen\Mods\Stronghold Crusader DE\Meine Mods\_inspect\APISharedTests\bin\Serilog.Extensions.Logging.dll" wird gelöscht.
  Die Datei "D:\CDesktopLink\Unterlagen\Mods\Stronghold Crusader DE\Meine Mods\_inspect\APISharedTests\bin\RedBird.Backends.NativeX64.dll" wird gelöscht.
  Die Datei "D:\CDesktopLink\Unterlagen\Mods\Stronghold Crusader DE\Meine Mods\_inspect\APISharedTests\bin\System.Numerics.Vectors.dll" wird gelöscht.
  Die Datei "D:\CDesktopLink\Unterlagen\Mods\Stronghold Crusader DE\Meine Mods\_inspect\APISharedTests\bin\MonoMod.RuntimeDetour.dll" wird gelöscht.
  Die Datei "D:\CDesktopLink\Unterlagen\Mods\Stronghold Crusader DE\Meine Mods\_inspect\APISharedTests\bin\System.Collections.Immutable.dll" wird gelöscht.
  Die Datei "D:\CDesktopLink\Unterlagen\Mods\Stronghold Crusader DE\Meine Mods\_inspect\APISharedTests\bin\Microsoft.NET.StringTools.dll" wird gelöscht.
  Die Datei "D:\CDesktopLink\Unterlagen\Mods\Stronghold Crusader DE\Meine Mods\_inspect\APISharedTests\bin\System.IO.Pipelines.dll" wird gelöscht.
  Die Datei "D:\CDesktopLink\Unterlagen\Mods\Stronghold Crusader DE\Meine Mods\_inspect\APISharedTests\bin\System.ValueTuple.dll" wird gelöscht.
  Die Datei "D:\CDesktopLink\Unterlagen\Mods\Stronghold Crusader DE\Meine Mods\_inspect\APISharedTests\bin\System.Text.Encodings.Web.dll" wird gelöscht.
  Die Datei "D:\CDesktopLink\Unterlagen\Mods\Stronghold Crusader DE\Meine Mods\_inspect\APISharedTests\bin\Microsoft.Extensions.DependencyInjection.Abstractions.dll" wird gelöscht.
  Die Datei "D:\CDesktopLink\Unterlagen\Mods\Stronghold Crusader DE\Meine Mods\_inspect\APISharedTests\bin\System.Diagnostics.DiagnosticSource.dll" wird gelöscht.
  Die Datei "D:\CDesktopLink\Unterlagen\Mods\Stronghold Crusader DE\Meine Mods\_inspect\APISharedTests\bin\Lepo.i18n.dll" wird gelöscht.
  Die Datei "D:\CDesktopLink\Unterlagen\Mods\Stronghold Crusader DE\Meine Mods\_inspect\APISharedTests\bin\ImPlot.NET.dll" wird gelöscht.
  Die Datei "D:\CDesktopLink\Unterlagen\Mods\Stronghold Crusader DE\Meine Mods\_inspect\APISharedTests\bin\ImPlot3D.NET.dll" wird gelöscht.
  Die Datei "D:\CDesktopLink\Unterlagen\Mods\Stronghold Crusader DE\Meine Mods\_inspect\APISharedTests\bin\ImNodes.NET.dll" wird gelöscht.
  Die Datei "D:\CDesktopLink\Unterlagen\Mods\Stronghold Crusader DE\Meine Mods\_inspect\APISharedTests\bin\ImCTE.NET.dll" wird gelöscht.
  Die Datei "D:\CDesktopLink\Unterlagen\Mods\Stronghold Crusader DE\Meine Mods\_inspect\APISharedTests\bin\Lepo.i18n.Json.dll" wird gelöscht.
  Die Datei "D:\CDesktopLink\Unterlagen\Mods\Stronghold Crusader DE\Meine Mods\_inspect\APISharedTests\bin\Microsoft.Extensions.Logging.dll" wird gelöscht.
  Die Datei "D:\CDesktopLink\Unterlagen\Mods\Stronghold Crusader DE\Meine Mods\_inspect\APISharedTests\bin\Microsoft.Extensions.Options.dll" wird gelöscht.
  Die Datei "D:\CDesktopLink\Unterlagen\Mods\Stronghold Crusader DE\Meine Mods\_inspect\APISharedTests\bin\Microsoft.Extensions.DependencyInjection.dll" wird gelöscht.
  Die Datei "D:\CDesktopLink\Unterlagen\Mods\Stronghold Crusader DE\Meine Mods\_inspect\APISharedTests\bin\Microsoft.Extensions.Primitives.dll" wird gelöscht.
  Die Datei "D:\CDesktopLink\Unterlagen\Mods\Stronghold Crusader DE\Meine Mods\_inspect\APISharedTests\bin\APIShared.pdb" wird gelöscht.
  Die Datei "D:\CDesktopLink\Unterlagen\Mods\Stronghold Crusader DE\Meine Mods\_inspect\APISharedTests\bin\APIShared.xml" wird gelöscht.
  Die Datei "D:\CDesktopLink\Unterlagen\Mods\Stronghold Crusader DE\Meine Mods\_inspect\APISharedTests\bin\BepInEx.xml" wird gelöscht.
  Die Datei "D:\CDesktopLink\Unterlagen\Mods\Stronghold Crusader DE\Meine Mods\_inspect\APISharedTests\bin\SHCDESE.pdb" wird gelöscht.
  Die Datei "D:\CDesktopLink\Unterlagen\Mods\Stronghold Crusader DE\Meine Mods\_inspect\APISharedTests\bin\SHCDESE.xml" wird gelöscht.
  Die Datei "D:\CDesktopLink\Unterlagen\Mods\Stronghold Crusader DE\Meine Mods\_inspect\APISharedTests\bin\MonoMod.Utils.xml" wird gelöscht.
  Die Datei "D:\CDesktopLink\Unterlagen\Mods\Stronghold Crusader DE\Meine Mods\_inspect\APISharedTests\bin\0Harmony.xml" wird gelöscht.
  Die Datei "D:\CDesktopLink\Unterlagen\Mods\Stronghold Crusader DE\Meine Mods\_inspect\APISharedTests\bin\MonoMod.RuntimeDetour.xml" wird gelöscht.
  Die Datei "D:\CDesktopLink\Unterlagen\Mods\Stronghold Crusader DE\Meine Mods\_inspect\APISharedTests\bin\Patches\Assets\GUI\XAMLResources\HUD_Buildings.xaml" wird gelöscht.
  Die Datei "D:\CDesktopLink\Unterlagen\Mods\Stronghold Crusader DE\Meine Mods\_inspect\APISharedTests\bin\Patches\Assets\GUI\XAMLResources\HUD_Troops.xaml" wird gelöscht.
  Die Datei "D:\CDesktopLink\Unterlagen\Mods\Stronghold Crusader DE\Meine Mods\_inspect\APISharedTests\bin\info.json" wird gelöscht.
  Die Datei "D:\CDesktopLink\Unterlagen\Mods\Stronghold Crusader DE\Meine Mods\_inspect\APISharedTests\bin\Assembly-CSharp-publicized.dll" wird gelöscht.
  Die Datei "D:\CDesktopLink\Unterlagen\Mods\Stronghold Crusader DE\Meine Mods\_inspect\APISharedTests\bin\Noesis.NoesisGUI.dll" wird gelöscht.
  Die Datei "D:\CDesktopLink\Unterlagen\Mods\Stronghold Crusader DE\Meine Mods\_inspect\APISharedTests\bin\UnityEngine.UI.dll" wird gelöscht.
  Die Datei "D:\CDesktopLink\Unterlagen\Mods\Stronghold Crusader DE\Meine Mods\_inspect\APISharedTests\bin\Unity.InputSystem.dll" wird gelöscht.
  Die Datei "D:\CDesktopLink\Unterlagen\Mods\Stronghold Crusader DE\Meine Mods\_inspect\APISharedTests\bin\Unity.RenderPipelines.Universal.Runtime.dll" wird gelöscht.
  Die Datei "D:\CDesktopLink\Unterlagen\Mods\Stronghold Crusader DE\Meine Mods\_inspect\APISharedTests\bin\Unity.RenderPipelines.Core.Runtime.dll" wird gelöscht.
  Die Datei "D:\CDesktopLink\Unterlagen\Mods\Stronghold Crusader DE\Meine Mods\_inspect\APISharedTests\bin\Unity.Mathematics.dll" wird gelöscht.
  Die Datei "D:\CDesktopLink\Unterlagen\Mods\Stronghold Crusader DE\Meine Mods\_inspect\APISharedTests\bin\Unity.RenderPipeline.Universal.ShaderLibrary.dll" wird gelöscht.
  Die Datei "D:\CDesktopLink\Unterlagen\Mods\Stronghold Crusader DE\Meine Mods\_inspect\APISharedTests\bin\Unity.Burst.dll" wird gelöscht.
  Die Datei "D:\CDesktopLink\Unterlagen\Mods\Stronghold Crusader DE\Meine Mods\_inspect\APISharedTests\bin\Unity.Burst.Unsafe.dll" wird gelöscht.
  Die Datei "D:\CDesktopLink\Unterlagen\Mods\Stronghold Crusader DE\Meine Mods\_inspect\APISharedTests\bin\com.rlabrecque.steamworks.net.dll" wird gelöscht.
  Die Datei "D:\CDesktopLink\Unterlagen\Mods\Stronghold Crusader DE\Meine Mods\_inspect\APISharedTests\bin\Pfim.dll" wird gelöscht.
  Die Datei "D:\CDesktopLink\Unterlagen\Mods\Stronghold Crusader DE\Meine Mods\_inspect\APISharedTests\bin\Patches\Assets\GUI\XAML\MainHUD.xaml" wird gelöscht.
  Die Datei "D:\CDesktopLink\Unterlagen\Mods\Stronghold Crusader DE\Meine Mods\_inspect\APISharedTests\bin\Mono.Cecil.dll" wird gelöscht.
  Die Datei "D:\CDesktopLink\Unterlagen\Mods\Stronghold Crusader DE\Meine Mods\_inspect\APISharedTests\bin\Blake3.dll" wird gelöscht.
  Die Datei "D:\CDesktopLink\Unterlagen\Mods\Stronghold Crusader DE\Meine Mods\_inspect\APISharedTests\obj\Release\APISharedTests.csproj.AssemblyReference.cache" wird gelöscht.
  Die Datei "D:\CDesktopLink\Unterlagen\Mods\Stronghold Crusader DE\Meine Mods\_inspect\APISharedTests\obj\Release\APISharedTests.csproj.SuggestedBindingRedirects.cache" wird gelöscht.
  Die Datei "D:\CDesktopLink\Unterlagen\Mods\Stronghold Crusader DE\Meine Mods\_inspect\APISharedTests\obj\Release\APISharedTests.exe.config" wird gelöscht.
  Die Datei "D:\CDesktopLink\Unterlagen\Mods\Stronghold Crusader DE\Meine Mods\_inspect\APISharedTests\obj\Release\APISharedTests.csproj.CoreCompileInputs.cache" wird gelöscht.
  Die Datei "D:\CDesktopLink\Unterlagen\Mods\Stronghold Crusader DE\Meine Mods\_inspect\APISharedTests\obj\Release\APIShare.3E11933F.Up2Date" wird gelöscht.
  Die Datei "D:\CDesktopLink\Unterlagen\Mods\Stronghold Crusader DE\Meine Mods\_inspect\APISharedTests\obj\Release\APISharedTests.exe" wird gelöscht.
Das Projekt "D:\CDesktopLink\Unterlagen\Mods\Stronghold Crusader DE\Meine Mods\_inspect\APISharedTests\APISharedTests.csproj" (1) erstellt "D:\CDesktopLink\Unterlagen\Mods\Stronghold Crusader DE\Meine Mods\APIShared\APIShared.csproj" (2:2) auf Knoten "1", Clean Ziel(e).
CoreClean:
  Die Datei "D:\CDesktopLink\Unterlagen\Mods\Stronghold Crusader DE\Meine Mods\APIShared\obj\Release\APIShared.csproj.AssemblyReference.cache" wird gelöscht.
  Die Datei "D:\CDesktopLink\Unterlagen\Mods\Stronghold Crusader DE\Meine Mods\APIShared\obj\Release\APIShared.csproj.CoreCompileInputs.cache" wird gelöscht.
  Die Datei "D:\CDesktopLink\Unterlagen\Mods\Stronghold Crusader DE\Meine Mods\APIShared\obj\Release\APIShared.dll" wird gelöscht.
  Die Datei "D:\CDesktopLink\Unterlagen\Mods\Stronghold Crusader DE\Meine Mods\APIShared\obj\Release\APIShared.pdb" wird gelöscht.
Die Erstellung von Projekt "D:\CDesktopLink\Unterlagen\Mods\Stronghold Crusader DE\Meine Mods\APIShared\APIShared.csproj" ist abgeschlossen (Clean Ziel(e)).
Das Projekt "D:\CDesktopLink\Unterlagen\Mods\Stronghold Crusader DE\Meine Mods\_inspect\APISharedTests\APISharedTests.csproj" (1) erstellt "D:\CDesktopLink\Unterlagen\Mods\Stronghold Crusader DE\Meine Mods\APIShared\APIShared.csproj" (2:3) auf Knoten "1" (Standardziele).
PrepareForBuild:
  Das Verzeichnis "BepInEx\plugins\APIShared_Serp\" wird erstellt.
GenerateTargetFrameworkMonikerAttribute:
Das Ziel "GenerateTargetFrameworkMonikerAttribute" wird übersprungen, da alle Ausgabedateien hinsichtlich der Eingabedateien aktuell sind.
CoreCompile:
  C:\Program Files (x86)\Microsoft Visual Studio\2022\BuildTools\MSBuild\Current\Bin\Roslyn\csc.exe /noconfig /unsafe+ /nowarn:1701,1702 /fullpaths /nostdlib+ /warn:4 /doc:BepInEx\plugins\APIShared_Serp\APIShared.xml /define:API_SHARED_LOBBY_OBSERVER;API_SHARED_INTERNAL_JSON /highentropyva+ /reference:"E:\ProgrammeE\Steam\steamapps\common\Stronghold Crusader Definitive Edition\BepInEx\core\0Harmony.dll" /reference:"D:\CDesktopLink\Unterlagen\Mods\Stronghold Crusader DE\Meine Mods\shcde-script-extender\deps\Assembly-CSharp-publicized.dll" /reference:"E:\ProgrammeE\Steam\steamapps\common\Stronghold Crusader Definitive Edition\BepInEx\core\BepInEx.dll" /reference:"E:\ProgrammeE\Steam\steamapps\common\Stronghold Crusader Definitive Edition\Stronghold Crusader Definitive Edition_Data\Managed\com.rlabrecque.steamworks.net.dll" /reference:"E:\ProgrammeE\Steam\steamapps\common\Stronghold Crusader Definitive Edition\BepInEx\plugins\000shcdese\Iced.dll" /reference:"E:\ProgrammeE\Steam\steamapps\common\Stronghold Crusader Definitive Edition\BepInEx\plugins\000shcdese\MessagePack.Annotations.dll" /reference:"E:\ProgrammeE\Steam\steamapps\common\Stronghold Crusader Definitive Edition\BepInEx\plugins\000shcdese\MessagePack.dll" /reference:"E:\ProgrammeE\Steam\steamapps\common\Stronghold Crusader Definitive Edition\BepInEx\plugins\000shcdese\Microsoft.Extensions.Logging.Abstractions.dll" /reference:"E:\ProgrammeE\Steam\steamapps\common\Stronghold Crusader Definitive Edition\BepInEx\core\MonoMod.RuntimeDetour.dll" /reference:"C:\Program Files (x86)\Reference Assemblies\Microsoft\Framework\.NETFramework\v4.8.1\mscorlib.dll" /reference:"E:\ProgrammeE\Steam\steamapps\common\Stronghold Crusader Definitive Edition\Stronghold Crusader Definitive Edition_Data\Managed\Noesis.NoesisGUI.dll" /reference:"E:\ProgrammeE\Steam\steamapps\common\Stronghold Crusader Definitive Edition\BepInEx\plugins\000shcdese\R3.dll" /reference:"E:\ProgrammeE\Steam\steamapps\common\Stronghold Crusader Definitive Edition\BepInEx\plugins\000shcdese\RedBird.Abstractions.dll" /reference:"E:\ProgrammeE\Steam\steamapps\common\Stronghold Crusader Definitive Edition\BepInEx\plugins\000shcdese\RedBird.Backends.NativeX64.dll" /reference:"E:\ProgrammeE\Steam\steamapps\common\Stronghold Crusader Definitive Edition\BepInEx\plugins\000shcdese\RedBird.Core.dll" /reference:"E:\ProgrammeE\Steam\steamapps\common\Stronghold Crusader Definitive Edition\BepInEx\plugins\000shcdese\RedBird.X64.dll" /reference:"E:\ProgrammeE\Steam\steamapps\common\Stronghold Crusader Definitive Edition\BepInEx\plugins\000shcdese\SHCDESE.dll" /reference:"C:\Program Files (x86)\Reference Assemblies\Microsoft\Framework\.NETFramework\v4.8.1\System.Core.dll" /reference:"C:\Program Files (x86)\Reference Assemblies\Microsoft\Framework\.NETFramework\v4.8.1\System.dll" /reference:"E:\ProgrammeE\Steam\steamapps\common\Stronghold Crusader Definitive Edition\BepInEx\plugins\000shcdese\System.Memory.dll" /reference:"C:\Program Files (x86)\Reference Assemblies\Microsoft\Framework\.NETFramework\v4.8.1\System.Xml.dll" /reference:"C:\Program Files (x86)\Reference Assemblies\Microsoft\Framework\.NETFramework\v4.8.1\System.Xml.Linq.dll" /reference:"E:\ProgrammeE\Steam\steamapps\common\Stronghold Crusader Definitive Edition\Stronghold Crusader Definitive Edition_Data\Managed\UnityEngine.CoreModule.dll" /reference:"E:\ProgrammeE\Steam\steamapps\common\Stronghold Crusader Definitive Edition\Stronghold Crusader Definitive Edition_Data\Managed\UnityEngine.dll" /reference:"C:\Program Files (x86)\Reference Assemblies\Microsoft\Framework\.NETFramework\v4.8.1\Facades\Microsoft.Win32.Primitives.dll" /reference:"C:\Program Files (x86)\Reference Assemblies\Microsoft\Framework\.NETFramework\v4.8.1\Facades\netstandard.dll" /reference:"C:\Program Files (x86)\Reference Assemblies\Microsoft\Framework\.NETFramework\v4.8.1\Facades\System.AppContext.dll" /reference:"C:\Program Files (x86)\Reference Assemblies\Microsoft\Framework\.NETFramework\v4.8.1\Facades\System.Collections.Concurrent.dll" /reference:"C:\Program Files (x86)\Reference Assemblies\Microsoft\Framework\.NETFramework\v4.8.1\Facades\System.Collections.dll" /reference:"C:\Program Files (x86)\Reference Assemblies\Microsoft\Framework\.NETFramework\v4.8.1\Facades\System.Collections.NonGeneric.dll" /reference:"C:\Program Files (x86)\Reference Assemblies\Microsoft\Framework\.NETFramework\v4.8.1\Facades\System.Collections.Specialized.dll" /reference:"C:\Program Files (x86)\Reference Assemblies\Microsoft\Framework\.NETFramework\v4.8.1\Facades\System.ComponentModel.Annotations.dll" /reference:"C:\Program Files (x86)\Reference Assemblies\Microsoft\Framework\.NETFramework\v4.8.1\Facades\System.ComponentModel.dll" /reference:"C:\Program Files (x86)\Reference Assemblies\Microsoft\Framework\.NETFramework\v4.8.1\Facades\System.ComponentModel.EventBasedAsync.dll" /reference:"C:\Program Files (x86)\Reference Assemblies\Microsoft\Framework\.NETFramework\v4.8.1\Facades\System.ComponentModel.Primitives.dll" /reference:"C:\Program Files (x86)\Reference Assemblies\Microsoft\Framework\.NETFramework\v4.8.1\Facades\System.ComponentModel.TypeConverter.dll" /reference:"C:\Program Files (x86)\Reference Assemblies\Microsoft\Framework\.NETFramework\v4.8.1\Facades\System.Console.dll" /reference:"C:\Program Files (x86)\Reference Assemblies\Microsoft\Framework\.NETFramework\v4.8.1\Facades\System.Data.Common.dll" /reference:"C:\Program Files (x86)\Reference Assemblies\Microsoft\Framework\.NETFramework\v4.8.1\Facades\System.Diagnostics.Contracts.dll" /reference:"C:\Program Files (x86)\Reference Assemblies\Microsoft\Framework\.NETFramework\v4.8.1\Facades\System.Diagnostics.Debug.dll" /reference:"C:\Program Files (x86)\Reference Assemblies\Microsoft\Framework\.NETFramework\v4.8.1\Facades\System.Diagnostics.FileVersionInfo.dll" /reference:"C:\Program Files (x86)\Reference Assemblies\Microsoft\Framework\.NETFramework\v4.8.1\Facades\System.Diagnostics.Process.dll" /reference:"C:\Program Files (x86)\Reference Assemblies\Microsoft\Framework\.NETFramework\v4.8.1\Facades\System.Diagnostics.StackTrace.dll" /reference:"C:\Program Files (x86)\Reference Assemblies\Microsoft\Framework\.NETFramework\v4.8.1\Facades\System.Diagnostics.TextWriterTraceListener.dll" /reference:"C:\Program Files (x86)\Reference Assemblies\Microsoft\Framework\.NETFramework\v4.8.1\Facades\System.Diagnostics.Tools.dll" /reference:"C:\Program Files (x86)\Reference Assemblies\Microsoft\Framework\.NETFramework\v4.8.1\Facades\System.Diagnostics.TraceSource.dll" /reference:"C:\Program Files (x86)\Reference Assemblies\Microsoft\Framework\.NETFramework\v4.8.1\Facades\System.Drawing.Primitives.dll" /reference:"C:\Program Files (x86)\Reference Assemblies\Microsoft\Framework\.NETFramework\v4.8.1\Facades\System.Dynamic.Runtime.dll" /reference:"C:\Program Files (x86)\Reference Assemblies\Microsoft\Framework\.NETFramework\v4.8.1\Facades\System.Globalization.Calendars.dll" /reference:"C:\Program Files (x86)\Reference Assemblies\Microsoft\Framework\.NETFramework\v4.8.1\Facades\System.Globalization.dll" /reference:"C:\Program Files (x86)\Reference Assemblies\Microsoft\Framework\.NETFramework\v4.8.1\Facades\System.Globalization.Extensions.dll" /reference:"C:\Program Files (x86)\Reference Assemblies\Microsoft\Framework\.NETFramework\v4.8.1\Facades\System.IO.Compression.ZipFile.dll" /reference:"C:\Program Files (x86)\Reference Assemblies\Microsoft\Framework\.NETFramework\v4.8.1\Facades\System.IO.dll" /reference:"C:\Program Files (x86)\Reference Assemblies\Microsoft\Framework\.NETFramework\v4.8.1\Facades\System.IO.FileSystem.dll" /reference:"C:\Program Files (x86)\Reference Assemblies\Microsoft\Framework\.NETFramework\v4.8.1\Facades\System.IO.FileSystem.DriveInfo.dll" /reference:"C:\Program Files (x86)\Reference Assemblies\Microsoft\Framework\.NETFramework\v4.8.1\Facades\System.IO.FileSystem.Primitives.dll" /reference:"C:\Program Files (x86)\Reference Assemblies\Microsoft\Framework\.NETFramework\v4.8.1\Facades\System.IO.FileSystem.Watcher.dll" /reference:"C:\Program Files (x86)\Reference Assemblies\Microsoft\Framework\.NETFramework\v4.8.1\Facades\System.IO.IsolatedStorage.dll" /reference:"C:\Program Files (x86)\Reference Assemblies\Microsoft\Framework\.NETFramework\v4.8.1\Facades\System.IO.MemoryMappedFiles.dll" /reference:"C:\Program Files (x86)\Reference Assemblies\Microsoft\Framework\.NETFramework\v4.8.1\Facades\System.IO.Pipes.dll" /reference:"C:\Program Files (x86)\Reference Assemblies\Microsoft\Framework\.NETFramework\v4.8.1\Facades\System.IO.UnmanagedMemoryStream.dll" /reference:"C:\Program Files (x86)\Reference Assemblies\Microsoft\Framework\.NETFramework\v4.8.1\Facades\System.Linq.dll" /reference:"C:\Program Files (x86)\Reference Assemblies\Microsoft\Framework\.NETFramework\v4.8.1\Facades\System.Linq.Expressions.dll" /reference:"C:\Program Files (x86)\Reference Assemblies\Microsoft\Framework\.NETFramework\v4.8.1\Facades\System.Linq.Parallel.dll" /reference:"C:\Program Files (x86)\Reference Assemblies\Microsoft\Framework\.NETFramework\v4.8.1\Facades\System.Linq.Queryable.dll" /reference:"C:\Program Files (x86)\Reference Assemblies\Microsoft\Framework\.NETFramework\v4.8.1\Facades\System.Net.Http.Rtc.dll" /reference:"C:\Program Files (x86)\Reference Assemblies\Microsoft\Framework\.NETFramework\v4.8.1\Facades\System.Net.NameResolution.dll" /reference:"C:\Program Files (x86)\Reference Assemblies\Microsoft\Framework\.NETFramework\v4.8.1\Facades\System.Net.NetworkInformation.dll" /reference:"C:\Program Files (x86)\Reference Assemblies\Microsoft\Framework\.NETFramework\v4.8.1\Facades\System.Net.Ping.dll" /reference:"C:\Program Files (x86)\Reference Assemblies\Microsoft\Framework\.NETFramework\v4.8.1\Facades\System.Net.Primitives.dll" /reference:"C:\Program Files (x86)\Reference Assemblies\Microsoft\Framework\.NETFramework\v4.8.1\Facades\System.Net.Requests.dll" /reference:"C:\Program Files (x86)\Reference Assemblies\Microsoft\Framework\.NETFramework\v4.8.1\Facades\System.Net.Security.dll" /reference:"C:\Program Files (x86)\Reference Assemblies\Microsoft\Framework\.NETFramework\v4.8.1\Facades\System.Net.Sockets.dll" /reference:"C:\Program Files (x86)\Reference Assemblies\Microsoft\Framework\.NETFramework\v4.8.1\Facades\System.Net.WebHeaderCollection.dll" /reference:"C:\Program Files (x86)\Reference Assemblies\Microsoft\Framework\.NETFramework\v4.8.1\Facades\System.Net.WebSockets.Client.dll" /reference:"C:\Program Files (x86)\Reference Assemblies\Microsoft\Framework\.NETFramework\v4.8.1\Facades\System.Net.WebSockets.dll" /reference:"C:\Program Files (x86)\Reference Assemblies\Microsoft\Framework\.NETFramework\v4.8.1\Facades\System.ObjectModel.dll" /reference:"C:\Program Files (x86)\Reference Assemblies\Microsoft\Framework\.NETFramework\v4.8.1\Facades\System.Reflection.dll" /reference:"C:\Program Files (x86)\Reference Assemblies\Microsoft\Framework\.NETFramework\v4.8.1\Facades\System.Reflection.Emit.dll" /reference:"C:\Program Files (x86)\Reference Assemblies\Microsoft\Framework\.NETFramework\v4.8.1\Facades\System.Reflection.Emit.ILGeneration.dll" /reference:"C:\Program Files (x86)\Reference Assemblies\Microsoft\Framework\.NETFramework\v4.8.1\Facades\System.Reflection.Emit.Lightweight.dll" /reference:"C:\Program Files (x86)\Reference Assemblies\Microsoft\Framework\.NETFramework\v4.8.1\Facades\System.Reflection.Extensions.dll" /reference:"C:\Program Files (x86)\Reference Assemblies\Microsoft\Framework\.NETFramework\v4.8.1\Facades\System.Reflection.Primitives.dll" /reference:"C:\Program Files (x86)\Reference Assemblies\Microsoft\Framework\.NETFramework\v4.8.1\Facades\System.Resources.Reader.dll" /reference:"C:\Program Files (x86)\Reference Assemblies\Microsoft\Framework\.NETFramework\v4.8.1\Facades\System.Resources.ResourceManager.dll" /reference:"C:\Program Files (x86)\Reference Assemblies\Microsoft\Framework\.NETFramework\v4.8.1\Facades\System.Resources.Writer.dll" /reference:"C:\Program Files (x86)\Reference Assemblies\Microsoft\Framework\.NETFramework\v4.8.1\Facades\System.Runtime.CompilerServices.VisualC.dll" /reference:"C:\Program Files (x86)\Reference Assemblies\Microsoft\Framework\.NETFramework\v4.8.1\Facades\System.Runtime.dll" /reference:"C:\Program Files (x86)\Reference Assemblies\Microsoft\Framework\.NETFramework\v4.8.1\Facades\System.Runtime.Extensions.dll" /reference:"C:\Program Files (x86)\Reference Assemblies\Microsoft\Framework\.NETFramework\v4.8.1\Facades\System.Runtime.Handles.dll" /reference:"C:\Program Files (x86)\Reference Assemblies\Microsoft\Framework\.NETFramework\v4.8.1\Facades\System.Runtime.InteropServices.dll" /reference:"C:\Program Files (x86)\Reference Assemblies\Microsoft\Framework\.NETFramework\v4.8.1\Facades\System.Runtime.InteropServices.RuntimeInformation.dll" /reference:"C:\Program Files (x86)\Reference Assemblies\Microsoft\Framework\.NETFramework\v4.8.1\Facades\System.Runtime.InteropServices.WindowsRuntime.dll" /reference:"C:\Program Files (x86)\Reference Assemblies\Microsoft\Framework\.NETFramework\v4.8.1\Facades\System.Runtime.Numerics.dll" /reference:"C:\Program Files (x86)\Reference Assemblies\Microsoft\Framework\.NETFramework\v4.8.1\Facades\System.Runtime.Serialization.Formatters.dll" /reference:"C:\Program Files (x86)\Reference Assemblies\Microsoft\Framework\.NETFramework\v4.8.1\Facades\System.Runtime.Serialization.Json.dll" /reference:"C:\Program Files (x86)\Reference Assemblies\Microsoft\Framework\.NETFramework\v4.8.1\Facades\System.Runtime.Serialization.Primitives.dll" /reference:"C:\Program Files (x86)\Reference Assemblies\Microsoft\Framework\.NETFramework\v4.8.1\Facades\System.Runtime.Serialization.Xml.dll" /reference:"C:\Program Files (x86)\Reference Assemblies\Microsoft\Framework\.NETFramework\v4.8.1\Facades\System.Security.Claims.dll" /reference:"C:\Program Files (x86)\Reference Assemblies\Microsoft\Framework\.NETFramework\v4.8.1\Facades\System.Security.Cryptography.Algorithms.dll" /reference:"C:\Program Files (x86)\Reference Assemblies\Microsoft\Framework\.NETFramework\v4.8.1\Facades\System.Security.Cryptography.Csp.dll" /reference:"C:\Program Files (x86)\Reference Assemblies\Microsoft\Framework\.NETFramework\v4.8.1\Facades\System.Security.Cryptography.Encoding.dll" /reference:"C:\Program Files (x86)\Reference Assemblies\Microsoft\Framework\.NETFramework\v4.8.1\Facades\System.Security.Cryptography.Primitives.dll" /reference:"C:\Program Files (x86)\Reference Assemblies\Microsoft\Framework\.NETFramework\v4.8.1\Facades\System.Security.Cryptography.X509Certificates.dll" /reference:"C:\Program Files (x86)\Reference Assemblies\Microsoft\Framework\.NETFramework\v4.8.1\Facades\System.Security.Principal.dll" /reference:"C:\Program Files (x86)\Reference Assemblies\Microsoft\Framework\.NETFramework\v4.8.1\Facades\System.Security.SecureString.dll" /reference:"C:\Program Files (x86)\Reference Assemblies\Microsoft\Framework\.NETFramework\v4.8.1\Facades\System.ServiceModel.Duplex.dll" /reference:"C:\Program Files (x86)\Reference Assemblies\Microsoft\Framework\.NETFramework\v4.8.1\Facades\System.ServiceModel.Http.dll" /reference:"C:\Program Files (x86)\Reference Assemblies\Microsoft\Framework\.NETFramework\v4.8.1\Facades\System.ServiceModel.NetTcp.dll" /reference:"C:\Program Files (x86)\Reference Assemblies\Microsoft\Framework\.NETFramework\v4.8.1\Facades\System.ServiceModel.Primitives.dll" /reference:"C:\Program Files (x86)\Reference Assemblies\Microsoft\Framework\.NETFramework\v4.8.1\Facades\System.ServiceModel.Security.dll" /reference:"C:\Program Files (x86)\Reference Assemblies\Microsoft\Framework\.NETFramework\v4.8.1\Facades\System.Text.Encoding.dll" /reference:"C:\Program Files (x86)\Reference Assemblies\Microsoft\Framework\.NETFramework\v4.8.1\Facades\System.Text.Encoding.Extensions.dll" /reference:"C:\Program Files (x86)\Reference Assemblies\Microsoft\Framework\.NETFramework\v4.8.1\Facades\System.Text.RegularExpressions.dll" /reference:"C:\Program Files (x86)\Reference Assemblies\Microsoft\Framework\.NETFramework\v4.8.1\Facades\System.Threading.dll" /reference:"C:\Program Files (x86)\Reference Assemblies\Microsoft\Framework\.NETFramework\v4.8.1\Facades\System.Threading.Overlapped.dll" /reference:"C:\Program Files (x86)\Reference Assemblies\Microsoft\Framework\.NETFramework\v4.8.1\Facades\System.Threading.Tasks.dll" /reference:"C:\Program Files (x86)\Reference Assemblies\Microsoft\Framework\.NETFramework\v4.8.1\Facades\System.Threading.Tasks.Parallel.dll" /reference:"C:\Program Files (x86)\Reference Assemblies\Microsoft\Framework\.NETFramework\v4.8.1\Facades\System.Threading.Thread.dll" /reference:"C:\Program Files (x86)\Reference Assemblies\Microsoft\Framework\.NETFramework\v4.8.1\Facades\System.Threading.ThreadPool.dll" /reference:"C:\Program Files (x86)\Reference Assemblies\Microsoft\Framework\.NETFramework\v4.8.1\Facades\System.Threading.Timer.dll" /reference:"C:\Program Files (x86)\Reference Assemblies\Microsoft\Framework\.NETFramework\v4.8.1\Facades\System.ValueTuple.dll" /reference:"C:\Program Files (x86)\Reference Assemblies\Microsoft\Framework\.NETFramework\v4.8.1\Facades\System.Xml.ReaderWriter.dll" /reference:"C:\Program Files (x86)\Reference Assemblies\Microsoft\Framework\.NETFramework\v4.8.1\Facades\System.Xml.XDocument.dll" /reference:"C:\Program Files (x86)\Reference Assemblies\Microsoft\Framework\.NETFramework\v4.8.1\Facades\System.Xml.XmlDocument.dll" /reference:"C:\Program Files (x86)\Reference Assemblies\Microsoft\Framework\.NETFramework\v4.8.1\Facades\System.Xml.XmlSerializer.dll" /reference:"C:\Program Files (x86)\Reference Assemblies\Microsoft\Framework\.NETFramework\v4.8.1\Facades\System.Xml.XPath.dll" /reference:"C:\Program Files (x86)\Reference Assemblies\Microsoft\Framework\.NETFramework\v4.8.1\Facades\System.Xml.XPath.XDocument.dll" /debug+ /debug:portable /out:obj\Release\APIShared.dll /subsystemversion:6.00 /target:library /utf8output /langversion:latest Properties\AssemblyInfo.cs src\Contracts.cs src\UnitAccess.cs src\AssassinPathAPI.cs src\AssassinGateTransitionPolicy.cs src\AssassinEndpointEmitter.cs src\AssassinPathNativeDefinition.cs src\GatehouseDrawbridgeCoupling.cs src\BuildingRepairContracts.cs src\BuildingRepairCapability.cs src\LocalSelectionAPI.cs src\MarkedUnitSelectionAPI.cs src\PlayerPerspectiveAPI.cs src\MissionModePolicy.cs src\SavegameModSettings.cs src\GameplayModModePolicy.cs src\GameplayFeatureModePolicy.cs ..\Shared\AtomicFileReplacement.cs ..\Shared\DebugLogHelper.cs ..\Shared\DependencyFreeJson.cs ..\Shared\GameModeHelper.cs ..\Shared\GameplaySessionLifecycle.cs src\ModSettingsSearch.cs src\PresetLobbyModSettingsViewModel.cs src\ModSettingsPresetDocuments.cs src\DynamicPresetSettings.cs src\ModSettingsApplication.cs src\MissionLifecycleContracts.cs src\MissionLifecycleState.cs src\MissionLifecycleCapability.cs src\AivBuildStepContracts.cs src\AiBuildDiagnostic.cs src\LobbyStateContracts.cs src\LobbyPreparationOverride.cs src\ElevatedMoatAiState.cs src\PlayerDefeatContracts.cs src\PlayerDefeatState.cs src\UnitHudContracts.cs src\BriefingGoldContracts.cs src\NativeInfrastructure.cs src\UniquePatternSearch.cs src\GatehouseDistanceOriginCapability.cs src\EnemyGatePathPolicyBridge.cs src\EnemyBridgeDiagnosticBridge.cs src\TemporaryGateRouteAcceptanceBridge.cs src\GatehouseTimingCapability.cs src\GatehousePermanentRuntimeState.cs src\GatehouseAutomationNativeState.cs src\UnitHudPresentationCapability.cs src\BriefingGoldPresentationCapability.cs src\AivBuildStepCapability.cs src\LobbyStateCapability.cs src\PlayerDefeatCapability.cs src\ApiSharedRuntime.cs src\APISharedPlugin.cs "obj\Release\.NETFramework,Version=v4.8.1.AssemblyAttributes.cs" /warnaserror+:1591
D:\CDesktopLink\Unterlagen\Mods\Stronghold Crusader DE\Meine Mods\APIShared\src\AssassinGateTransitionPolicy.cs(7,42): error CS1591: Der XML-Kommentar für den öffentlich sichtbaren Typ oder Member "AssassinTransitionKind.Unknown" fehlt. [D:\CDesktopLink\Unterlagen\Mods\Stronghold Crusader DE\Meine Mods\APIShared\APIShared.csproj]
D:\CDesktopLink\Unterlagen\Mods\Stronghold Crusader DE\Meine Mods\APIShared\src\AssassinGateTransitionPolicy.cs(7,51): error CS1591: Der XML-Kommentar für den öffentlich sichtbaren Typ oder Member "AssassinTransitionKind.Ground" fehlt. [D:\CDesktopLink\Unterlagen\Mods\Stronghold Crusader DE\Meine Mods\APIShared\APIShared.csproj]
D:\CDesktopLink\Unterlagen\Mods\Stronghold Crusader DE\Meine Mods\APIShared\src\AssassinGateTransitionPolicy.cs(7,59): error CS1591: Der XML-Kommentar für den öffentlich sichtbaren Typ oder Member "AssassinTransitionKind.ClimbUp" fehlt. [D:\CDesktopLink\Unterlagen\Mods\Stronghold Crusader DE\Meine Mods\APIShared\APIShared.csproj]
D:\CDesktopLink\Unterlagen\Mods\Stronghold Crusader DE\Meine Mods\APIShared\src\AssassinGateTransitionPolicy.cs(7,68): error CS1591: Der XML-Kommentar für den öffentlich sichtbaren Typ oder Member "AssassinTransitionKind.ClimbDown" fehlt. [D:\CDesktopLink\Unterlagen\Mods\Stronghold Crusader DE\Meine Mods\APIShared\APIShared.csproj]
  CompilerServer: server - server processed compilation - APIShared
Die Erstellung des Projekts "D:\CDesktopLink\Unterlagen\Mods\Stronghold Crusader DE\Meine Mods\APIShared\APIShared.csproj" ist abgeschlossen (Standardziele) -- FEHLER.
Die Erstellung des Projekts "D:\CDesktopLink\Unterlagen\Mods\Stronghold Crusader DE\Meine Mods\_inspect\APISharedTests\APISharedTests.csproj" ist abgeschlossen, Rebuild Ziel(e) -- FEHLER.

Fehler beim Buildvorgang.

"D:\CDesktopLink\Unterlagen\Mods\Stronghold Crusader DE\Meine Mods\_inspect\APISharedTests\APISharedTests.csproj" (Rebuild Ziel) (1) ->
"D:\CDesktopLink\Unterlagen\Mods\Stronghold Crusader DE\Meine Mods\APIShared\APIShared.csproj" (Standardziel) (2:3) ->
(CoreCompile Ziel) -> 
  D:\CDesktopLink\Unterlagen\Mods\Stronghold Crusader DE\Meine Mods\APIShared\src\AssassinGateTransitionPolicy.cs(7,42): error CS1591: Der XML-Kommentar für den öffentlich sichtbaren Typ oder Member "AssassinTransitionKind.Unknown" fehlt. [D:\CDesktopLink\Unterlagen\Mods\Stronghold Crusader DE\Meine Mods\APIShared\APIShared.csproj]
  D:\CDesktopLink\Unterlagen\Mods\Stronghold Crusader DE\Meine Mods\APIShared\src\AssassinGateTransitionPolicy.cs(7,51): error CS1591: Der XML-Kommentar für den öffentlich sichtbaren Typ oder Member "AssassinTransitionKind.Ground" fehlt. [D:\CDesktopLink\Unterlagen\Mods\Stronghold Crusader DE\Meine Mods\APIShared\APIShared.csproj]
  D:\CDesktopLink\Unterlagen\Mods\Stronghold Crusader DE\Meine Mods\APIShared\src\AssassinGateTransitionPolicy.cs(7,59): error CS1591: Der XML-Kommentar für den öffentlich sichtbaren Typ oder Member "AssassinTransitionKind.ClimbUp" fehlt. [D:\CDesktopLink\Unterlagen\Mods\Stronghold Crusader DE\Meine Mods\APIShared\APIShared.csproj]
  D:\CDesktopLink\Unterlagen\Mods\Stronghold Crusader DE\Meine Mods\APIShared\src\AssassinGateTransitionPolicy.cs(7,68): error CS1591: Der XML-Kommentar für den öffentlich sichtbaren Typ oder Member "AssassinTransitionKind.ClimbDown" fehlt. [D:\CDesktopLink\Unterlagen\Mods\Stronghold Crusader DE\Meine Mods\APIShared\APIShared.csproj]

    0 Warnung(en)
    4 Fehler

Verstrichene Zeit 00:00:00.70
Build failed.
