APISharedPresetConsumerTests verified reference SHCDESE: E:\ProgrammeE\Steam\steamapps\common\Stronghold Crusader Definitive Edition\BepInEx\plugins\000shcdese\SHCDESE.dll
APISharedPresetConsumerTests: 1 sources, 0 errors
APIShared verified reference Assembly-CSharp: E:\ProgrammeE\Steam\steamapps\common\Stronghold Crusader Definitive Edition\Stronghold Crusader Definitive Edition_Data/Managed/Assembly-CSharp.dll
APIShared verified reference SHCDESE: E:\ProgrammeE\Steam\steamapps\common\Stronghold Crusader Definitive Edition\BepInEx\plugins\000shcdese\SHCDESE.dll
APIShared: 113 sources, 0 errors
APISharedTests verified reference Assembly-CSharp: E:\ProgrammeE\Steam\steamapps\common\Stronghold Crusader Definitive Edition\Stronghold Crusader Definitive Edition_Data/Managed/Assembly-CSharp.dll
APISharedTests verified reference SHCDESE: E:\ProgrammeE\Steam\steamapps\common\Stronghold Crusader Definitive Edition\BepInEx\plugins\000shcdese\SHCDESE.dll
APISharedTests: 7 sources, 0 errors
ExtraFeaturesSessionTests: 3 sources, 0 errors
HostClientPresetTests: 81 sources, 0 errors
LobbyModSettingsPresetTests verified reference Assembly-CSharp: E:\ProgrammeE\Steam\steamapps\common\Stronghold Crusader Definitive Edition\Stronghold Crusader Definitive Edition_Data/Managed/Assembly-CSharp.dll
LobbyModSettingsPresetTests verified reference SHCDESE: E:\ProgrammeE\Steam\steamapps\common\Stronghold Crusader Definitive Edition\BepInEx\plugins\000shcdese\SHCDESE.dll
LobbyModSettingsPresetTests: 21 sources, 0 errors
Schema3PresetRecovery verified reference SHCDESE: E:\ProgrammeE\Steam\steamapps\common\Stronghold Crusader Definitive Edition\BepInEx\plugins\000shcdese\SHCDESE.dll
Schema3PresetRecovery: 4 sources, 0 errors
ThirdPartyMod.Examples verified reference SHCDESE: E:\ProgrammeE\Steam\steamapps\common\Stronghold Crusader Definitive Edition\BepInEx\plugins\000shcdese\SHCDESE.dll
ThirdPartyMod.Examples: 4 sources, 0 errors
Public example XAML bindings verified against compiled inherited contracts.
BugfixesAndQoL verified reference Assembly-CSharp: E:\ProgrammeE\Steam\steamapps\common\Stronghold Crusader Definitive Edition\Stronghold Crusader Definitive Edition_Data/Managed/Assembly-CSharp.dll
BugfixesAndQoL verified reference SHCDESE: E:\ProgrammeE\Steam\steamapps\common\Stronghold Crusader Definitive Edition\BepInEx\plugins\000shcdese\SHCDESE.dll
BugfixesAndQoL: 262 sources, 0 errors
AIKeepRangeTests verified reference Assembly-CSharp: E:\ProgrammeE\Steam\steamapps\common\Stronghold Crusader Definitive Edition\Stronghold Crusader Definitive Edition_Data/Managed/Assembly-CSharp.dll
AIKeepRangeTests verified reference SHCDESE: E:\ProgrammeE\Steam\steamapps\common\Stronghold Crusader Definitive Edition\BepInEx\plugins\000shcdese\SHCDESE.dll
AIKeepRangeTests: 7 sources, 0 errors
AssassinPathfinding.Tests: 19 sources, 0 errors
ExtendedShiftCommandQueue.Tests: 7 sources, 0 errors
Formations.Tests: 8 sources, 0 errors
FriendlyMoatMovement.Tests: 10 sources, 0 errors
GatehouseLivingCapture.Tests verified reference SHCDESE: E:\ProgrammeE\Steam\steamapps\common\Stronghold Crusader Definitive Edition\BepInEx\plugins\000shcdese\SHCDESE.dll
GatehouseLivingCapture.Tests: 9 sources, 0 errors
ImprovedMoatFilling.Tests verified reference Assembly-CSharp: E:\ProgrammeE\Steam\steamapps\common\Stronghold Crusader Definitive Edition\Stronghold Crusader Definitive Edition_Data/Managed/Assembly-CSharp.dll
ImprovedMoatFilling.Tests verified reference SHCDESE: E:\ProgrammeE\Steam\steamapps\common\Stronghold Crusader Definitive Edition\BepInEx\plugins\000shcdese\SHCDESE.dll
ImprovedMoatFilling.Tests: 61 sources, 0 errors
ModOptions.Tests: 7 sources, 0 errors
TannerFade.Tests: 2 sources, 0 errors
WaterboyTargetReservation.Tests verified reference SHCDESE: E:\ProgrammeE\Steam\steamapps\common\Stronghold Crusader Definitive Edition\BepInEx\plugins\000shcdese\SHCDESE.dll
WaterboyTargetReservation.Tests: 3 sources, 0 errors
WorkerBreakPause.Tests: 2 sources, 0 errors
WorkshopIdleDelay.Tests verified reference SHCDESE: E:\ProgrammeE\Steam\steamapps\common\Stronghold Crusader Definitive Edition\BepInEx\plugins\000shcdese\SHCDESE.dll
WorkshopIdleDelay.Tests: 2 sources, 0 errors
BuildingCosts verified reference Assembly-CSharp: E:\ProgrammeE\Steam\steamapps\common\Stronghold Crusader Definitive Edition\Stronghold Crusader Definitive Edition_Data/Managed/Assembly-CSharp.dll
BuildingCosts verified reference SHCDESE: E:\ProgrammeE\Steam\steamapps\common\Stronghold Crusader Definitive Edition\BepInEx\plugins\000shcdese\SHCDESE.dll
BuildingCosts: 13 sources, 0 errors
BuildingLimit verified reference Assembly-CSharp: E:\ProgrammeE\Steam\steamapps\common\Stronghold Crusader Definitive Edition\Stronghold Crusader Definitive Edition_Data/Managed/Assembly-CSharp.dll
BuildingLimit verified reference SHCDESE: E:\ProgrammeE\Steam\steamapps\common\Stronghold Crusader Definitive Edition\BepInEx\plugins\000shcdese\SHCDESE.dll
BuildingLimit: 20 sources, 0 errors
CastlePlanner verified reference Assembly-CSharp: E:\ProgrammeE\Steam\steamapps\common\Stronghold Crusader Definitive Edition\Stronghold Crusader Definitive Edition_Data/Managed/Assembly-CSharp.dll
CastlePlanner verified reference SHCDESE: E:\ProgrammeE\Steam\steamapps\common\Stronghold Crusader Definitive Edition\BepInEx\plugins\000shcdese\SHCDESE.dll
CastlePlanner: 52 sources, 0 errors
CheatMod verified reference Assembly-CSharp: E:\ProgrammeE\Steam\steamapps\common\Stronghold Crusader Definitive Edition\Stronghold Crusader Definitive Edition_Data/Managed/Assembly-CSharp.dll
CheatMod verified reference SHCDESE: E:\ProgrammeE\Steam\steamapps\common\Stronghold Crusader Definitive Edition\BepInEx\plugins\000shcdese\SHCDESE.dll
CheatMod: 10 sources, 0 errors
ExtendedData verified reference Assembly-CSharp: E:\ProgrammeE\Steam\steamapps\common\Stronghold Crusader Definitive Edition\Stronghold Crusader Definitive Edition_Data/Managed/Assembly-CSharp.dll
ExtendedData verified reference SHCDESE: E:\ProgrammeE\Steam\steamapps\common\Stronghold Crusader Definitive Edition\BepInEx\plugins\000shcdese\SHCDESE.dll
ExtendedData: 46 sources, 0 errors
ExtendedData.Core: 21 sources, 0 errors
ExtendedData.Tests: 13 sources, 0 errors
ExtraFeatures verified reference Assembly-CSharp: E:\ProgrammeE\Steam\steamapps\common\Stronghold Crusader Definitive Edition\Stronghold Crusader Definitive Edition_Data/Managed/Assembly-CSharp.dll
ExtraFeatures verified reference SHCDESE: E:\ProgrammeE\Steam\steamapps\common\Stronghold Crusader Definitive Edition\BepInEx\plugins\000shcdese\SHCDESE.dll
ExtraFeatures: 72 sources, 0 errors
ExtremePowers.API verified reference Assembly-CSharp: E:\ProgrammeE\Steam\steamapps\common\Stronghold Crusader Definitive Edition\Stronghold Crusader Definitive Edition_Data/Managed/Assembly-CSharp.dll
ExtremePowers.API verified reference SHCDESE: E:\ProgrammeE\Steam\steamapps\common\Stronghold Crusader Definitive Edition\BepInEx\plugins\000shcdese\SHCDESE.dll
ExtremePowers.API: 21 sources, 0 errors
ExtremePowers verified reference Assembly-CSharp: E:\ProgrammeE\Steam\steamapps\common\Stronghold Crusader Definitive Edition\Stronghold Crusader Definitive Edition_Data/Managed/Assembly-CSharp.dll
ExtremePowers verified reference SHCDESE: E:\ProgrammeE\Steam\steamapps\common\Stronghold Crusader Definitive Edition\BepInEx\plugins\000shcdese\SHCDESE.dll
ExtremePowers: 15 sources, 0 errors
ActiveAIVDetector verified reference Assembly-CSharp: E:\ProgrammeE\Steam\steamapps\common\Stronghold Crusader Definitive Edition\Stronghold Crusader Definitive Edition_Data/Managed/Assembly-CSharp.dll
ActiveAIVDetector verified reference SHCDESE: E:\ProgrammeE\Steam\steamapps\common\Stronghold Crusader Definitive Edition\BepInEx\plugins\000shcdese\SHCDESE.dll
ActiveAIVDetector: 11 sources, 0 errors
HunterQueryTargetDiagnostic verified reference SHCDESE: E:\ProgrammeE\Steam\steamapps\common\Stronghold Crusader Definitive Edition\BepInEx\plugins\000shcdese\SHCDESE.dll
HunterQueryTargetDiagnostic: 4 sources, 0 errors
ImprovedHunters verified reference Assembly-CSharp: E:\ProgrammeE\Steam\steamapps\common\Stronghold Crusader Definitive Edition\Stronghold Crusader Definitive Edition_Data/Managed/Assembly-CSharp.dll
ImprovedHunters verified reference SHCDESE: E:\ProgrammeE\Steam\steamapps\common\Stronghold Crusader Definitive Edition\BepInEx\plugins\000shcdese\SHCDESE.dll
ImprovedHunters: 42 sources, 0 errors
RandomEvents verified reference Assembly-CSharp: E:\ProgrammeE\Steam\steamapps\common\Stronghold Crusader Definitive Edition\Stronghold Crusader Definitive Edition_Data/Managed/Assembly-CSharp.dll
RandomEvents verified reference SHCDESE: E:\ProgrammeE\Steam\steamapps\common\Stronghold Crusader Definitive Edition\BepInEx\plugins\000shcdese\SHCDESE.dll
RandomEvents: 37 sources, 0 errors
SerpsModsHost verified reference Assembly-CSharp: E:\ProgrammeE\Steam\steamapps\common\Stronghold Crusader Definitive Edition\Stronghold Crusader Definitive Edition_Data/Managed/Assembly-CSharp.dll
SerpsModsHost verified reference SHCDESE: E:\ProgrammeE\Steam\steamapps\common\Stronghold Crusader Definitive Edition\BepInEx\plugins\000shcdese\SHCDESE.dll
SerpsModsHost: 28 sources, 0 errors
StartConditions verified reference Assembly-CSharp: E:\ProgrammeE\Steam\steamapps\common\Stronghold Crusader Definitive Edition\Stronghold Crusader Definitive Edition_Data/Managed/Assembly-CSharp.dll
StartConditions verified reference SHCDESE: E:\ProgrammeE\Steam\steamapps\common\Stronghold Crusader Definitive Edition\BepInEx\plugins\000shcdese\SHCDESE.dll
StartConditions: 27 sources, 0 errors
AIAttackTest verified reference Assembly-CSharp: E:\ProgrammeE\Steam\steamapps\common\Stronghold Crusader Definitive Edition\Stronghold Crusader Definitive Edition_Data/Managed/Assembly-CSharp.dll
AIAttackTest verified reference SHCDESE: E:\ProgrammeE\Steam\steamapps\common\Stronghold Crusader Definitive Edition\BepInEx\plugins\000shcdese\SHCDESE.dll
AIAttackTest: 11 sources, 0 errors
AIBuildDiagnoseTest verified reference Assembly-CSharp: E:\ProgrammeE\Steam\steamapps\common\Stronghold Crusader Definitive Edition\Stronghold Crusader Definitive Edition_Data/Managed/Assembly-CSharp.dll
AIBuildDiagnoseTest verified reference SHCDESE: E:\ProgrammeE\Steam\steamapps\common\Stronghold Crusader Definitive Edition\BepInEx\plugins\000shcdese\SHCDESE.dll
AIBuildDiagnoseTest: 9 sources, 0 errors
AICoarsePathComponentFixTest verified reference SHCDESE: E:\ProgrammeE\Steam\steamapps\common\Stronghold Crusader Definitive Edition\BepInEx\plugins\000shcdese\SHCDESE.dll
AICoarsePathComponentFixTest: 7 sources, 0 errors
AIDefenseTest verified reference SHCDESE: E:\ProgrammeE\Steam\steamapps\common\Stronghold Crusader Definitive Edition\BepInEx\plugins\000shcdese\SHCDESE.dll
AIDefenseTest: 5 sources, 0 errors
AIMarketOverbuyDiagnostic verified reference Assembly-CSharp: E:\ProgrammeE\Steam\steamapps\common\Stronghold Crusader Definitive Edition\Stronghold Crusader Definitive Edition_Data/Managed/Assembly-CSharp.dll
AIMarketOverbuyDiagnostic verified reference SHCDESE: E:\ProgrammeE\Steam\steamapps\common\Stronghold Crusader Definitive Edition\BepInEx\plugins\000shcdese\SHCDESE.dll
AIMarketOverbuyDiagnostic: 5 sources, 0 errors
AivLobbyPresetTest verified reference Assembly-CSharp: E:\ProgrammeE\Steam\steamapps\common\Stronghold Crusader Definitive Edition\Stronghold Crusader Definitive Edition_Data/Managed/Assembly-CSharp.dll
AivLobbyPresetTest verified reference SHCDESE: E:\ProgrammeE\Steam\steamapps\common\Stronghold Crusader Definitive Edition\BepInEx\plugins\000shcdese\SHCDESE.dll
AivLobbyPresetTest: 4 sources, 0 errors
AssassinAttackControlTest verified reference Assembly-CSharp: E:\ProgrammeE\Steam\steamapps\common\Stronghold Crusader Definitive Edition\Stronghold Crusader Definitive Edition_Data/Managed/Assembly-CSharp.dll
AssassinAttackControlTest verified reference SHCDESE: E:\ProgrammeE\Steam\steamapps\common\Stronghold Crusader Definitive Edition\BepInEx\plugins\000shcdese\SHCDESE.dll
AssassinAttackControlTest: 9 sources, 0 errors
AssassinAttackControlTests verified reference SHCDESE: E:\ProgrammeE\Steam\steamapps\common\Stronghold Crusader Definitive Edition\BepInEx\plugins\000shcdese\SHCDESE.dll
AssassinAttackControlTests: 4 sources, 0 errors
EnemyBridgePathTest verified reference Assembly-CSharp: E:\ProgrammeE\Steam\steamapps\common\Stronghold Crusader Definitive Edition\Stronghold Crusader Definitive Edition_Data/Managed/Assembly-CSharp.dll
EnemyBridgePathTest verified reference SHCDESE: E:\ProgrammeE\Steam\steamapps\common\Stronghold Crusader Definitive Edition\BepInEx\plugins\000shcdese\SHCDESE.dll
EnemyBridgePathTest: 30 sources, 0 errors
EnemyBridgePathTest.PolicyTests verified reference SHCDESE: E:\ProgrammeE\Steam\steamapps\common\Stronghold Crusader Definitive Edition\BepInEx\plugins\000shcdese\SHCDESE.dll
EnemyBridgePathTest.PolicyTests verified reference Assembly-CSharp: E:\ProgrammeE\Steam\steamapps\common\Stronghold Crusader Definitive Edition\Stronghold Crusader Definitive Edition_Data/Managed/Assembly-CSharp.dll
EnemyBridgePathTest.PolicyTests: 40 sources, 0 errors
EnemyGatePathfindingTest verified reference Assembly-CSharp: E:\ProgrammeE\Steam\steamapps\common\Stronghold Crusader Definitive Edition\Stronghold Crusader Definitive Edition_Data/Managed/Assembly-CSharp.dll
EnemyGatePathfindingTest verified reference SHCDESE: E:\ProgrammeE\Steam\steamapps\common\Stronghold Crusader Definitive Edition\BepInEx\plugins\000shcdese\SHCDESE.dll
EnemyGatePathfindingTest: 29 sources, 0 errors
EnemyGatePathfindingTest.PolicyTests: 27 sources, 0 errors
EngineerSiegeFixTest verified reference SHCDESE: E:\ProgrammeE\Steam\steamapps\common\Stronghold Crusader Definitive Edition\BepInEx\plugins\000shcdese\SHCDESE.dll
EngineerSiegeFixTest: 7 sources, 0 errors
MainViewModelInitProbe verified reference Assembly-CSharp: E:\ProgrammeE\Steam\steamapps\common\Stronghold Crusader Definitive Edition\Stronghold Crusader Definitive Edition_Data/Managed/Assembly-CSharp.dll
MainViewModelInitProbe verified reference SHCDESE: E:\ProgrammeE\Steam\steamapps\common\Stronghold Crusader Definitive Edition\BepInEx\plugins\000shcdese\SHCDESE.dll
MainViewModelInitProbe: 2 sources, 0 errors
MoatMove verified reference Assembly-CSharp: E:\ProgrammeE\Steam\steamapps\common\Stronghold Crusader Definitive Edition\Stronghold Crusader Definitive Edition_Data/Managed/Assembly-CSharp.dll
MoatMove verified reference SHCDESE: E:\ProgrammeE\Steam\steamapps\common\Stronghold Crusader Definitive Edition\BepInEx\plugins\000shcdese\SHCDESE.dll
MoatMove: 23 sources, 0 errors
OutpostTest verified reference SHCDESE: E:\ProgrammeE\Steam\steamapps\common\Stronghold Crusader Definitive Edition\BepInEx\plugins\000shcdese\SHCDESE.dll
OutpostTest verified reference Assembly-CSharp: E:\ProgrammeE\Steam\steamapps\common\Stronghold Crusader Definitive Edition\Stronghold Crusader Definitive Edition_Data/Managed/Assembly-CSharp.dll
OutpostTest: 15 sources, 0 errors
OutpostTest.Tests verified reference SHCDESE: E:\ProgrammeE\Steam\steamapps\common\Stronghold Crusader Definitive Edition\BepInEx\plugins\000shcdese\SHCDESE.dll
OutpostTest.Tests: 10 sources, 0 errors
PrebuiltWorkshopBothFixTest verified reference Assembly-CSharp: E:\ProgrammeE\Steam\steamapps\common\Stronghold Crusader Definitive Edition\Stronghold Crusader Definitive Edition_Data/Managed/Assembly-CSharp.dll
PrebuiltWorkshopBothFixTest verified reference SHCDESE: E:\ProgrammeE\Steam\steamapps\common\Stronghold Crusader Definitive Edition\BepInEx\plugins\000shcdese\SHCDESE.dll
PrebuiltWorkshopBothFixTest: 6 sources, 0 errors
SkinTest verified reference Assembly-CSharp: E:\ProgrammeE\Steam\steamapps\common\Stronghold Crusader Definitive Edition\Stronghold Crusader Definitive Edition_Data/Managed/Assembly-CSharp.dll
SkinTest verified reference SHCDESE: E:\ProgrammeE\Steam\steamapps\common\Stronghold Crusader Definitive Edition\BepInEx\plugins\000shcdese\SHCDESE.dll
SkinTest: 9 sources, 0 errors
SpectatorEditorBuildTest verified reference Assembly-CSharp: E:\ProgrammeE\Steam\steamapps\common\Stronghold Crusader Definitive Edition\Stronghold Crusader Definitive Edition_Data/Managed/Assembly-CSharp.dll
SpectatorEditorBuildTest verified reference SHCDESE: E:\ProgrammeE\Steam\steamapps\common\Stronghold Crusader Definitive Edition\BepInEx\plugins\000shcdese\SHCDESE.dll
SpectatorEditorBuildTest: 1 sources, 0 errors
StockpileAccessFixTest verified reference SHCDESE: E:\ProgrammeE\Steam\steamapps\common\Stronghold Crusader Definitive Edition\BepInEx\plugins\000shcdese\SHCDESE.dll
StockpileAccessFixTest: 7 sources, 0 errors
VirtualUnitsPrototype verified reference Assembly-CSharp: E:\ProgrammeE\Steam\steamapps\common\Stronghold Crusader Definitive Edition\Stronghold Crusader Definitive Edition_Data/Managed/Assembly-CSharp.dll
VirtualUnitsPrototype verified reference SHCDESE: E:\ProgrammeE\Steam\steamapps\common\Stronghold Crusader Definitive Edition\BepInEx\plugins\000shcdese\SHCDESE.dll
VirtualUnitsPrototype: 14 sources, 0 errors
UnitCosts verified reference Assembly-CSharp: E:\ProgrammeE\Steam\steamapps\common\Stronghold Crusader Definitive Edition\Stronghold Crusader Definitive Edition_Data/Managed/Assembly-CSharp.dll
UnitCosts verified reference SHCDESE: E:\ProgrammeE\Steam\steamapps\common\Stronghold Crusader Definitive Edition\BepInEx\plugins\000shcdese\SHCDESE.dll
UnitCosts: 23 sources, 0 errors
UnitLimit verified reference Assembly-CSharp: E:\ProgrammeE\Steam\steamapps\common\Stronghold Crusader Definitive Edition\Stronghold Crusader Definitive Edition_Data/Managed/Assembly-CSharp.dll
UnitLimit verified reference SHCDESE: E:\ProgrammeE\Steam\steamapps\common\Stronghold Crusader Definitive Edition\BepInEx\plugins\000shcdese\SHCDESE.dll
UnitLimit: 30 sources, 0 errors
