CULTURE de-DE
========================================
=== CORE LOGIC UNIT TEST SUITE ===
========================================
--- PropertyHandler Test Suite ---
EXPECTED TEST WARNING: [ShieldHealth] 100000 is above the game's maximum for this property; clamped to 65535.
EXPECTED TEST WARNING: [ShieldHealth] -5 is below the game's minimum (0) for this property; value ignored.
EXPECTED TEST WARNING: Health for EntityA: Invalid value 200
  PropertyHandler: 71/71 tests passed
--- PropertyRegistry Test Suite ---
EXPECTED TEST WARNING: Property handler 'Health' is already registered. Overwriting.
  PropertyRegistry: 15/15 tests passed
--- EntityProcessor Test Suite ---
EXPECTED TEST WARNING: Unknown TestEntity in config: UnknownEntity
EXPECTED TEST WARNING: Unknown property 'UnknownProperty' for TestEntity EntityA
  EntityProcessor: 7/7 tests passed
--- CsvHelper Test Suite ---
EXPECTED TEST WARNING: [CSV] Skipping data row with an empty defender name: ' , -1, -1'
EXPECTED TEST WARNING: [CSV] Unparseable value 'abc'; treating as -1 (skipped).
  CsvHelper: 8/8 tests passed
--- TemplateBaseline Test Suite ---
  TemplateBaseline: 3/3 tests passed
--- ConfigSync Test Suite ---
  ConfigSync: 22/22 tests passed
========================================
=== TEST SUMMARY ===
  [PASS] PropertyHandler: 71 test(s)
  [PASS] PropertyRegistry: 15 test(s)
  [PASS] EntityProcessor: 7 test(s)
  [PASS] CsvHelper: 8 test(s)
  [PASS] TemplateBaseline: 3 test(s)
  [PASS] ConfigSync: 22 test(s)
========================================
=== ALL 6 TEST SUITES PASSED ===
CULTURE en-US
========================================
=== CORE LOGIC UNIT TEST SUITE ===
========================================
--- PropertyHandler Test Suite ---
EXPECTED TEST WARNING: [ShieldHealth] 100000 is above the game's maximum for this property; clamped to 65535.
EXPECTED TEST WARNING: [ShieldHealth] -5 is below the game's minimum (0) for this property; value ignored.
EXPECTED TEST WARNING: Health for EntityA: Invalid value 200
  PropertyHandler: 71/71 tests passed
--- PropertyRegistry Test Suite ---
EXPECTED TEST WARNING: Property handler 'Health' is already registered. Overwriting.
  PropertyRegistry: 15/15 tests passed
--- EntityProcessor Test Suite ---
EXPECTED TEST WARNING: Unknown TestEntity in config: UnknownEntity
EXPECTED TEST WARNING: Unknown property 'UnknownProperty' for TestEntity EntityA
  EntityProcessor: 7/7 tests passed
--- CsvHelper Test Suite ---
EXPECTED TEST WARNING: [CSV] Skipping data row with an empty defender name: ' , -1, -1'
EXPECTED TEST WARNING: [CSV] Unparseable value 'abc'; treating as -1 (skipped).
  CsvHelper: 8/8 tests passed
--- TemplateBaseline Test Suite ---
  TemplateBaseline: 3/3 tests passed
--- ConfigSync Test Suite ---
  ConfigSync: 22/22 tests passed
========================================
=== TEST SUMMARY ===
  [PASS] PropertyHandler: 71 test(s)
  [PASS] PropertyRegistry: 15 test(s)
  [PASS] EntityProcessor: 7 test(s)
  [PASS] CsvHelper: 8 test(s)
  [PASS] TemplateBaseline: 3 test(s)
  [PASS] ConfigSync: 22 test(s)
========================================
=== ALL 6 TEST SUITES PASSED ===
