[10.10.2026  0:02:34,18] START ExtendedData
[10.10.2026  0:02:34,18] Workspace source and runtime preflight
[Preflight] Discovering active projects and explicit source links...
[Preflight] Checking 100 projects and source ownership...
[Preflight] Checking active references and CRLF...
[Preflight] Checking JSON, lifecycle and persistent runtime call paths...
[Preflight] Checking XAML content roots...
[Preflight] Checking permanent published hooks and executable-memory mutations...
PASS: workspace runtime sources contain no unsafe executable-memory toggles, and audited live-setting MonoMod hooks remain permanently published.
PASS: shared ownership boundaries; 100 projects, 1427 valid explicit links; runtime JSON/lifecycle/scheduling, XAML and permanent hooks.
[Preflight] Checking manifest and plugin minimum dependencies...
PASS: 41 runtime manifests use consistent generic minimum dependencies; soft dependencies remain optional.
[Preflight] Completed in 11,4s.
PASS: 10 mod-owned ingame popup usages have the modoptions style; 0 explicitly disabled popups; HUD action/category/recruitment runtime descriptions use Vanilla rollover paths.
[10.10.2026  0:02:45,74] PowerShell checks / build step
PASS: local APIShared package and build inputs.
[10.10.2026  0:02:46,10] Check that the game is closed
Verwende Script Extender Referenzen:
E:\ProgrammeE\Steam\steamapps\common\Stronghold Crusader Definitive Edition\BepInEx\plugins\000shcdese

[10.10.2026  0:02:46,26] PowerShell checks / build step
[Preflight] Checking permanent published hooks and executable-memory mutations...
PASS: workspace runtime sources contain no unsafe executable-memory toggles, and audited live-setting MonoMod hooks remain permanently published.
ExtendedData runtime JSON/lifecycle preflight succeeded.
PASS: Fixes 1.24 implementation preflight; no runtime build or installation performed.
[10.10.2026  0:02:49,77] PowerShell checks / build step
ExtendedData runtime JSON/lifecycle preflight succeeded.
[10.10.2026  0:02:50,39] Run tests
D:\CDesktopLink\Unterlagen\Mods\Stronghold Crusader DE\Meine Mods\ExtendedData\ExtendedData.Core\ExtendedData.Core.csproj : warning NU1900: Fehler beim Abrufen von Paketsicherheitsrisikodaten: Der Dienstindex für die Quelle "https://api.nuget.org/v3/index.json" konnte nicht geladen werden. [D:\CDesktopLink\Unterlagen\Mods\Stronghold Crusader DE\Meine Mods\ExtendedData\ExtendedData.Tests\ExtendedData.Tests.csproj]
D:\CDesktopLink\Unterlagen\Mods\Stronghold Crusader DE\Meine Mods\ExtendedData\ExtendedData.Core\ExtendedData.Core.csproj : warning NU1900: Fehler beim Abrufen von Paketsicherheitsrisikodaten: Der Dienstindex für die Quelle "https://api.nuget.org/v3/index.json" konnte nicht geladen werden.
PASS Fixes bridge owns custom aliases, extended identity, defaults and originals
PASS deferred settings remain complete at 4233, 12000 and 16384 options
PASS Custom Coop Trail preview names follow the selected lobby slot
PASS Custom Coop Trail preview separates displayed teams
PASS Custom Coop Trail team display hooks all four Vanilla pages
PASS bundled mission loads
PASS Coop mission modsettings use an optional sidecar
PASS path escape rejected
PASS invalid rotation rejected
PASS package catalog rejects invalid packages
PASS package catalog ignores in-progress Coop Trail exports
PASS package catalog logs only state changes
PASS package catalog reports new and resolved errors
PASS old mission schemas are rejected
PASS old Coop package schema is rejected
PASS locally edited mission JSON reloads from the same slot
PASS invalid mod settings are isolated
PASS first two active players become allied humans
PASS source alliances are normalized for Vanilla Coop
PASS complete multiplayer setup roundtrips
PASS malformed multiplayer setup is rejected
PASS preferred AIV permits differing rotations
PASS fourth trail tenth slot is addressable
PASS package fingerprint detects content changes
PASS Coop Workshop staging filters modsettings
PASS Coop Lord requirements remain mandatory when modsettings are excluded
PASS duplicate package IDs are rejected
PASS identical local and Workshop replicas are merged
PASS ordinal mapping covers four trails and ignores mission 41
PASS short Coop packages end at their declared mission
PASS native mod-settings JSON roundtrip
PASS dynamic third-party mod ids are preserved
PASS missing mod entry uses the mod-defined default
PASS Trail mod compatibility contract is validated
PASS explicit plugin opt-out marker is honored
PASS sidecar schema evolution keeps only current settings
PASS coop mission schema evolution keeps only current settings
PASS invalid mod-settings documents are rejected
PASS atomic sidecar write replaces existing file
PASS Trail coordinator ownership is centralized
PASS mission preset lifecycle preserves only expected replacements
PASS Trail Maker authoring preset survives test returns
PASS BugfixesAndQoL Customize button delegation is optional
PASS customized launch origin is persisted and fail-closed
PASS customized launch origin save roundtrip
PASS Built-in Customize origin packet roundtrip
PASS Map mod-settings packet roundtrip
PASS Map mod-settings runtime integration is fail-closed
PASS lobby packets retain main-thread ordering
PASS Steam Workshop discovery waits for Steamworks
PASS local activation setting gates the complete runtime
PASS Script Extender manifest range contract is explicit
PASS Trail Maker Coop export is integrated
PASS Coop package JSON is Unity dependency-free
PASS mission and manifest JSON use CRLF
PASS Workshop Trail staging includes nested JSON
PASS Workshop Trail staging preserves existing JSON
PASS Workshop Trail staging rejects overlapping roots
PASS Workshop upload checkbox is unified
PASS editor saves require an explicit modsettings decision
PASS mod-data namespaces are isolated and immutable
PASS invalid mod-data containers fail closed
PASS map mod-data API distinguishes file and namespace absence
PASS Custom Lord mod-data API supports paths and configs
PASS selected Lord data uses host snapshots without local files
PASS Lord data rejects altered and oversized snapshots
PASS Lord mod data validates local limits and UTF-8
PASS Lord snapshot version 3 holds six mods across eight slots
PASS Lord snapshot version 1 remains readable
PASS Fixes preference snapshots retain every current and future property
PASS Fixes preference snapshots reject incompatible schemas and lossy values
PASS Lord sync diagnostics identify state without logging JSON values
PASS deferred Lord confirmations reject stale lobby and selection
PASS Lord sync accepts a confirmed lobby before game mode becomes multiplayer
PASS selected Lord fingerprint ignores media and detects gameplay files
PASS Trail Lord requirements bind the mission and survive optional-media changes
PASS Trail Lord selection distinguishes embedded, replaced Custom, and Vanilla Lords
PASS Custom Trail launch prepares Lord values and Workshop media on both paths
PASS Lord Workshop metadata never requires local multiplayer files
PASS selected Lord package manifest binds identities and mode
80/80 tests passed.
[10.10.2026  0:02:55,12] Compile projects
MSBuild-Version 17.11.9+a69bbaaf5 für .NET Framework
Der Buildvorgang wurde am 10.10.2026 00:02:55 gestartet.

Projekt "D:\CDesktopLink\Unterlagen\Mods\Stronghold Crusader DE\Meine Mods\ExtendedData\ExtendedData.Upload.Tests\ExtendedData.Upload.Tests.csproj" auf Knoten "1" (Standardziele).
GenerateTargetFrameworkMonikerAttribute:
Das Ziel "GenerateTargetFrameworkMonikerAttribute" wird übersprungen, da alle Ausgabedateien hinsichtlich der Eingabedateien aktuell sind.
CoreCompile:
Das Ziel "CoreCompile" wird übersprungen, da alle Ausgabedateien hinsichtlich der Eingabedateien aktuell sind.
CopyFilesToOutputDirectory:
  ExtendedData.Upload.Tests -> D:\CDesktopLink\Unterlagen\Mods\Stronghold Crusader DE\Meine Mods\ExtendedData\ExtendedData.Upload.Tests\bin\Debug\ExtendedData.Upload.Tests.exe
Die Erstellung von Projekt "D:\CDesktopLink\Unterlagen\Mods\Stronghold Crusader DE\Meine Mods\ExtendedData\ExtendedData.Upload.Tests\ExtendedData.Upload.Tests.csproj" ist abgeschlossen (Standardziele).

Der Buildvorgang wurde erfolgreich ausgeführt.
    0 Warnung(en)
    0 Fehler

Verstrichene Zeit 00:00:00.13
PASS: complete package and retry
PASS: upload allowlist and excluded gameplay gate
PASS: local and Workshop Lord source selection
PASS: unnamed Extended Lord source identity
PASS: conflict rollback
PASS: dynamic rules
PASS: unknown extender identity upload
PASS: version-specific info.json warning
PASS: exact tag workflow
PASS: yes/no workflow
PASS: completion callback tracking
PASS: staging failure aborts upload
PASS: explicit Vanilla upload bypasses extras
PASS: staging reset removes stale extras
PASS: valid metadata and version
PASS: message IDs
PASS: invalid WAV
PASS: separate WAV defects
PASS: misplaced paths
PASS: generic Override asset names
All CustomLordUpload tests passed.
[10.10.2026  0:02:56,04] Compile projects
MSBuild-Version 17.11.9+a69bbaaf5 für .NET Framework
Der Buildvorgang wurde am 10.10.2026 00:02:56 gestartet.

Projekt "D:\CDesktopLink\Unterlagen\Mods\Stronghold Crusader DE\Meine Mods\ExtendedData\ExtendedData.JsonUpload.Tests\ExtendedData.JsonUpload.Tests.csproj" auf Knoten "1" (Standardziele).
GenerateTargetFrameworkMonikerAttribute:
Das Ziel "GenerateTargetFrameworkMonikerAttribute" wird übersprungen, da alle Ausgabedateien hinsichtlich der Eingabedateien aktuell sind.
CoreCompile:
Das Ziel "CoreCompile" wird übersprungen, da alle Ausgabedateien hinsichtlich der Eingabedateien aktuell sind.
CopyFilesToOutputDirectory:
  ExtendedData.JsonUpload.Tests -> D:\CDesktopLink\Unterlagen\Mods\Stronghold Crusader DE\Meine Mods\ExtendedData\ExtendedData.JsonUpload.Tests\bin\Debug\ExtendedData.JsonUpload.Tests.exe
Die Erstellung von Projekt "D:\CDesktopLink\Unterlagen\Mods\Stronghold Crusader DE\Meine Mods\ExtendedData\ExtendedData.JsonUpload.Tests\ExtendedData.JsonUpload.Tests.csproj" ist abgeschlossen (Standardziele).

Der Buildvorgang wurde erfolgreich ausgeführt.
    0 Warnung(en)
    0 Fehler

Verstrichene Zeit 00:00:00.08
PASS: exact upload classification
PASS: recursive JSON staging
PASS: no JSON succeeds
PASS: idempotent retry
PASS: conflict rolls back
PASS: invalid child is rejected
All CustomLordJsonUpload tests passed.
[10.10.2026  0:02:56,35] Compile projects
MSBuild-Version 17.11.9+a69bbaaf5 für .NET Framework
Der Buildvorgang wurde am 10.10.2026 00:02:56 gestartet.

Projekt "D:\CDesktopLink\Unterlagen\Mods\Stronghold Crusader DE\Meine Mods\ExtendedData\ExtendedData.csproj" auf Knoten "1" (Standardziele).
PrepareForBuild:
  Das Verzeichnis "BepInEx\plugins\ExtendedData_Serp\" wird erstellt.
ValidateWorkspaceApiSharedPackage:
  powershell.exe -NoProfile -ExecutionPolicy Bypass -File "D:\CDesktopLink\Unterlagen\Mods\Stronghold Crusader DE\Meine Mods\Shared\Tools\ApiSharedRepository\Test-ConsumerPackage.ps1" -Workspace "D:\CDesktopLink\Unterlagen\Mods\Stronghold Crusader DE\Meine Mods" -PackageDirectory "D:\CDesktopLink\Unterlagen\Mods\Stronghold Crusader DE\Meine Mods\ExtendedData\..\APIShared\BepInEx\plugins\APIShared_Serp"
  PASS: local APIShared package and build inputs.
GenerateTargetFrameworkMonikerAttribute:
Das Ziel "GenerateTargetFrameworkMonikerAttribute" wird übersprungen, da alle Ausgabedateien hinsichtlich der Eingabedateien aktuell sind.
CoreCompile:
  C:\Program Files (x86)\Microsoft Visual Studio\2022\BuildTools\MSBuild\Current\Bin\Roslyn\csc.exe /noconfig /unsafe+ /nowarn:1701,1702 /fullpaths /nostdlib+ /warn:4 /highentropyva+ /nullable:annotations /reference:"D:\CDesktopLink\Unterlagen\Mods\Stronghold Crusader DE\Meine Mods\APIShared\BepInEx\plugins\APIShared_Serp\APIShared.dll" /reference:"E:\ProgrammeE\Steam\steamapps\common\Stronghold Crusader Definitive Edition\Stronghold Crusader Definitive Edition_Data\Managed\Assembly-CSharp.dll" /reference:"E:\ProgrammeE\Steam\steamapps\common\Stronghold Crusader Definitive Edition\BepInEx\core\BepInEx.dll" /reference:"E:\ProgrammeE\Steam\steamapps\common\Stronghold Crusader Definitive Edition\Stronghold Crusader Definitive Edition_Data\Managed\com.rlabrecque.steamworks.net.dll" /reference:"D:\CDesktopLink\Unterlagen\Mods\Stronghold Crusader DE\Meine Mods\ExtendedData\ExtendedData.Core\bin\Release\netstandard2.0\ExtendedData.Core.dll" /reference:"E:\ProgrammeE\Steam\steamapps\common\Stronghold Crusader Definitive Edition\BepInEx\plugins\000shcdese\ICSharpCode.SharpZipLib.dll" /reference:"E:\ProgrammeE\Steam\steamapps\common\Stronghold Crusader Definitive Edition\BepInEx\plugins\000shcdese\MessagePack.Annotations.dll" /reference:"E:\ProgrammeE\Steam\steamapps\common\Stronghold Crusader Definitive Edition\BepInEx\plugins\000shcdese\MessagePack.dll" /reference:"E:\ProgrammeE\Steam\steamapps\common\Stronghold Crusader Definitive Edition\BepInEx\core\MonoMod.RuntimeDetour.dll" /reference:"C:\Program Files (x86)\Reference Assemblies\Microsoft\Framework\.NETFramework\v4.8.1\mscorlib.dll" /reference:"E:\ProgrammeE\Steam\steamapps\common\Stronghold Crusader Definitive Edition\Stronghold Crusader Definitive Edition_Data\Managed\Noesis.NoesisGUI.dll" /reference:"E:\ProgrammeE\Steam\steamapps\common\Stronghold Crusader Definitive Edition\BepInEx\plugins\000shcdese\R3.dll" /reference:"E:\ProgrammeE\Steam\steamapps\common\Stronghold Crusader Definitive Edition\BepInEx\plugins\000shcdese\SHCDESE.dll" /reference:"C:\Program Files (x86)\Reference Assemblies\Microsoft\Framework\.NETFramework\v4.8.1\System.Core.dll" /reference:"C:\Program Files (x86)\Reference Assemblies\Microsoft\Framework\.NETFramework\v4.8.1\System.dll" /reference:"E:\ProgrammeE\Steam\steamapps\common\Stronghold Crusader Definitive Edition\BepInEx\plugins\000shcdese\System.Memory.dll" /reference:"C:\Program Files (x86)\Reference Assemblies\Microsoft\Framework\.NETFramework\v4.8.1\System.Xml.dll" /reference:"C:\Program Files (x86)\Reference Assemblies\Microsoft\Framework\.NETFramework\v4.8.1\System.Xml.Linq.dll" /reference:"E:\ProgrammeE\Steam\steamapps\common\Stronghold Crusader Definitive Edition\Stronghold Crusader Definitive Edition_Data\Managed\UnityEngine.CoreModule.dll" /reference:"E:\ProgrammeE\Steam\steamapps\common\Stronghold Crusader Definitive Edition\Stronghold Crusader Definitive Edition_Data\Managed\UnityEngine.dll" /reference:"C:\Program Files (x86)\Reference Assemblies\Microsoft\Framework\.NETFramework\v4.8.1\Facades\Microsoft.Win32.Primitives.dll" /reference:"C:\Program Files (x86)\Reference Assemblies\Microsoft\Framework\.NETFramework\v4.8.1\Facades\netstandard.dll" /reference:"C:\Program Files (x86)\Reference Assemblies\Microsoft\Framework\.NETFramework\v4.8.1\Facades\System.AppContext.dll" /reference:"C:\Program Files (x86)\Reference Assemblies\Microsoft\Framework\.NETFramework\v4.8.1\Facades\System.Collections.Concurrent.dll" /reference:"C:\Program Files (x86)\Reference Assemblies\Microsoft\Framework\.NETFramework\v4.8.1\Facades\System.Collections.dll" /reference:"C:\Program Files (x86)\Reference Assemblies\Microsoft\Framework\.NETFramework\v4.8.1\Facades\System.Collections.NonGeneric.dll" /reference:"C:\Program Files (x86)\Reference Assemblies\Microsoft\Framework\.NETFramework\v4.8.1\Facades\System.Collections.Specialized.dll" /reference:"C:\Program Files (x86)\Reference Assemblies\Microsoft\Framework\.NETFramework\v4.8.1\Facades\System.ComponentModel.Annotations.dll" /reference:"C:\Program Files (x86)\Reference Assemblies\Microsoft\Framework\.NETFramework\v4.8.1\Facades\System.ComponentModel.dll" /reference:"C:\Program Files (x86)\Reference Assemblies\Microsoft\Framework\.NETFramework\v4.8.1\Facades\System.ComponentModel.EventBasedAsync.dll" /reference:"C:\Program Files (x86)\Reference Assemblies\Microsoft\Framework\.NETFramework\v4.8.1\Facades\System.ComponentModel.Primitives.dll" /reference:"C:\Program Files (x86)\Reference Assemblies\Microsoft\Framework\.NETFramework\v4.8.1\Facades\System.ComponentModel.TypeConverter.dll" /reference:"C:\Program Files (x86)\Reference Assemblies\Microsoft\Framework\.NETFramework\v4.8.1\Facades\System.Console.dll" /reference:"C:\Program Files (x86)\Reference Assemblies\Microsoft\Framework\.NETFramework\v4.8.1\Facades\System.Data.Common.dll" /reference:"C:\Program Files (x86)\Reference Assemblies\Microsoft\Framework\.NETFramework\v4.8.1\Facades\System.Diagnostics.Contracts.dll" /reference:"C:\Program Files (x86)\Reference Assemblies\Microsoft\Framework\.NETFramework\v4.8.1\Facades\System.Diagnostics.Debug.dll" /reference:"C:\Program Files (x86)\Reference Assemblies\Microsoft\Framework\.NETFramework\v4.8.1\Facades\System.Diagnostics.FileVersionInfo.dll" /reference:"C:\Program Files (x86)\Reference Assemblies\Microsoft\Framework\.NETFramework\v4.8.1\Facades\System.Diagnostics.Process.dll" /reference:"C:\Program Files (x86)\Reference Assemblies\Microsoft\Framework\.NETFramework\v4.8.1\Facades\System.Diagnostics.StackTrace.dll" /reference:"C:\Program Files (x86)\Reference Assemblies\Microsoft\Framework\.NETFramework\v4.8.1\Facades\System.Diagnostics.TextWriterTraceListener.dll" /reference:"C:\Program Files (x86)\Reference Assemblies\Microsoft\Framework\.NETFramework\v4.8.1\Facades\System.Diagnostics.Tools.dll" /reference:"C:\Program Files (x86)\Reference Assemblies\Microsoft\Framework\.NETFramework\v4.8.1\Facades\System.Diagnostics.TraceSource.dll" /reference:"C:\Program Files (x86)\Reference Assemblies\Microsoft\Framework\.NETFramework\v4.8.1\Facades\System.Drawing.Primitives.dll" /reference:"C:\Program Files (x86)\Reference Assemblies\Microsoft\Framework\.NETFramework\v4.8.1\Facades\System.Dynamic.Runtime.dll" /reference:"C:\Program Files (x86)\Reference Assemblies\Microsoft\Framework\.NETFramework\v4.8.1\Facades\System.Globalization.Calendars.dll" /reference:"C:\Program Files (x86)\Reference Assemblies\Microsoft\Framework\.NETFramework\v4.8.1\Facades\System.Globalization.dll" /reference:"C:\Program Files (x86)\Reference Assemblies\Microsoft\Framework\.NETFramework\v4.8.1\Facades\System.Globalization.Extensions.dll" /reference:"C:\Program Files (x86)\Reference Assemblies\Microsoft\Framework\.NETFramework\v4.8.1\Facades\System.IO.Compression.ZipFile.dll" /reference:"C:\Program Files (x86)\Reference Assemblies\Microsoft\Framework\.NETFramework\v4.8.1\Facades\System.IO.dll" /reference:"C:\Program Files (x86)\Reference Assemblies\Microsoft\Framework\.NETFramework\v4.8.1\Facades\System.IO.FileSystem.dll" /reference:"C:\Program Files (x86)\Reference Assemblies\Microsoft\Framework\.NETFramework\v4.8.1\Facades\System.IO.FileSystem.DriveInfo.dll" /reference:"C:\Program Files (x86)\Reference Assemblies\Microsoft\Framework\.NETFramework\v4.8.1\Facades\System.IO.FileSystem.Primitives.dll" /reference:"C:\Program Files (x86)\Reference Assemblies\Microsoft\Framework\.NETFramework\v4.8.1\Facades\System.IO.FileSystem.Watcher.dll" /reference:"C:\Program Files (x86)\Reference Assemblies\Microsoft\Framework\.NETFramework\v4.8.1\Facades\System.IO.IsolatedStorage.dll" /reference:"C:\Program Files (x86)\Reference Assemblies\Microsoft\Framework\.NETFramework\v4.8.1\Facades\System.IO.MemoryMappedFiles.dll" /reference:"C:\Program Files (x86)\Reference Assemblies\Microsoft\Framework\.NETFramework\v4.8.1\Facades\System.IO.Pipes.dll" /reference:"C:\Program Files (x86)\Reference Assemblies\Microsoft\Framework\.NETFramework\v4.8.1\Facades\System.IO.UnmanagedMemoryStream.dll" /reference:"C:\Program Files (x86)\Reference Assemblies\Microsoft\Framework\.NETFramework\v4.8.1\Facades\System.Linq.dll" /reference:"C:\Program Files (x86)\Reference Assemblies\Microsoft\Framework\.NETFramework\v4.8.1\Facades\System.Linq.Expressions.dll" /reference:"C:\Program Files (x86)\Reference Assemblies\Microsoft\Framework\.NETFramework\v4.8.1\Facades\System.Linq.Parallel.dll" /reference:"C:\Program Files (x86)\Reference Assemblies\Microsoft\Framework\.NETFramework\v4.8.1\Facades\System.Linq.Queryable.dll" /reference:"C:\Program Files (x86)\Reference Assemblies\Microsoft\Framework\.NETFramework\v4.8.1\Facades\System.Net.Http.Rtc.dll" /reference:"C:\Program Files (x86)\Reference Assemblies\Microsoft\Framework\.NETFramework\v4.8.1\Facades\System.Net.NameResolution.dll" /reference:"C:\Program Files (x86)\Reference Assemblies\Microsoft\Framework\.NETFramework\v4.8.1\Facades\System.Net.NetworkInformation.dll" /reference:"C:\Program Files (x86)\Reference Assemblies\Microsoft\Framework\.NETFramework\v4.8.1\Facades\System.Net.Ping.dll" /reference:"C:\Program Files (x86)\Reference Assemblies\Microsoft\Framework\.NETFramework\v4.8.1\Facades\System.Net.Primitives.dll" /reference:"C:\Program Files (x86)\Reference Assemblies\Microsoft\Framework\.NETFramework\v4.8.1\Facades\System.Net.Requests.dll" /reference:"C:\Program Files (x86)\Reference Assemblies\Microsoft\Framework\.NETFramework\v4.8.1\Facades\System.Net.Security.dll" /reference:"C:\Program Files (x86)\Reference Assemblies\Microsoft\Framework\.NETFramework\v4.8.1\Facades\System.Net.Sockets.dll" /reference:"C:\Program Files (x86)\Reference Assemblies\Microsoft\Framework\.NETFramework\v4.8.1\Facades\System.Net.WebHeaderCollection.dll" /reference:"C:\Program Files (x86)\Reference Assemblies\Microsoft\Framework\.NETFramework\v4.8.1\Facades\System.Net.WebSockets.Client.dll" /reference:"C:\Program Files (x86)\Reference Assemblies\Microsoft\Framework\.NETFramework\v4.8.1\Facades\System.Net.WebSockets.dll" /reference:"C:\Program Files (x86)\Reference Assemblies\Microsoft\Framework\.NETFramework\v4.8.1\Facades\System.ObjectModel.dll" /reference:"C:\Program Files (x86)\Reference Assemblies\Microsoft\Framework\.NETFramework\v4.8.1\Facades\System.Reflection.dll" /reference:"C:\Program Files (x86)\Reference Assemblies\Microsoft\Framework\.NETFramework\v4.8.1\Facades\System.Reflection.Emit.dll" /reference:"C:\Program Files (x86)\Reference Assemblies\Microsoft\Framework\.NETFramework\v4.8.1\Facades\System.Reflection.Emit.ILGeneration.dll" /reference:"C:\Program Files (x86)\Reference Assemblies\Microsoft\Framework\.NETFramework\v4.8.1\Facades\System.Reflection.Emit.Lightweight.dll" /reference:"C:\Program Files (x86)\Reference Assemblies\Microsoft\Framework\.NETFramework\v4.8.1\Facades\System.Reflection.Extensions.dll" /reference:"C:\Program Files (x86)\Reference Assemblies\Microsoft\Framework\.NETFramework\v4.8.1\Facades\System.Reflection.Primitives.dll" /reference:"C:\Program Files (x86)\Reference Assemblies\Microsoft\Framework\.NETFramework\v4.8.1\Facades\System.Resources.Reader.dll" /reference:"C:\Program Files (x86)\Reference Assemblies\Microsoft\Framework\.NETFramework\v4.8.1\Facades\System.Resources.ResourceManager.dll" /reference:"C:\Program Files (x86)\Reference Assemblies\Microsoft\Framework\.NETFramework\v4.8.1\Facades\System.Resources.Writer.dll" /reference:"C:\Program Files (x86)\Reference Assemblies\Microsoft\Framework\.NETFramework\v4.8.1\Facades\System.Runtime.CompilerServices.VisualC.dll" /reference:"C:\Program Files (x86)\Reference Assemblies\Microsoft\Framework\.NETFramework\v4.8.1\Facades\System.Runtime.dll" /reference:"C:\Program Files (x86)\Reference Assemblies\Microsoft\Framework\.NETFramework\v4.8.1\Facades\System.Runtime.Extensions.dll" /reference:"C:\Program Files (x86)\Reference Assemblies\Microsoft\Framework\.NETFramework\v4.8.1\Facades\System.Runtime.Handles.dll" /reference:"C:\Program Files (x86)\Reference Assemblies\Microsoft\Framework\.NETFramework\v4.8.1\Facades\System.Runtime.InteropServices.dll" /reference:"C:\Program Files (x86)\Reference Assemblies\Microsoft\Framework\.NETFramework\v4.8.1\Facades\System.Runtime.InteropServices.RuntimeInformation.dll" /reference:"C:\Program Files (x86)\Reference Assemblies\Microsoft\Framework\.NETFramework\v4.8.1\Facades\System.Runtime.InteropServices.WindowsRuntime.dll" /reference:"C:\Program Files (x86)\Reference Assemblies\Microsoft\Framework\.NETFramework\v4.8.1\Facades\System.Runtime.Numerics.dll" /reference:"C:\Program Files (x86)\Reference Assemblies\Microsoft\Framework\.NETFramework\v4.8.1\Facades\System.Runtime.Serialization.Formatters.dll" /reference:"C:\Program Files (x86)\Reference Assemblies\Microsoft\Framework\.NETFramework\v4.8.1\Facades\System.Runtime.Serialization.Json.dll" /reference:"C:\Program Files (x86)\Reference Assemblies\Microsoft\Framework\.NETFramework\v4.8.1\Facades\System.Runtime.Serialization.Primitives.dll" /reference:"C:\Program Files (x86)\Reference Assemblies\Microsoft\Framework\.NETFramework\v4.8.1\Facades\System.Runtime.Serialization.Xml.dll" /reference:"C:\Program Files (x86)\Reference Assemblies\Microsoft\Framework\.NETFramework\v4.8.1\Facades\System.Security.Claims.dll" /reference:"C:\Program Files (x86)\Reference Assemblies\Microsoft\Framework\.NETFramework\v4.8.1\Facades\System.Security.Cryptography.Algorithms.dll" /reference:"C:\Program Files (x86)\Reference Assemblies\Microsoft\Framework\.NETFramework\v4.8.1\Facades\System.Security.Cryptography.Csp.dll" /reference:"C:\Program Files (x86)\Reference Assemblies\Microsoft\Framework\.NETFramework\v4.8.1\Facades\System.Security.Cryptography.Encoding.dll" /reference:"C:\Program Files (x86)\Reference Assemblies\Microsoft\Framework\.NETFramework\v4.8.1\Facades\System.Security.Cryptography.Primitives.dll" /reference:"C:\Program Files (x86)\Reference Assemblies\Microsoft\Framework\.NETFramework\v4.8.1\Facades\System.Security.Cryptography.X509Certificates.dll" /reference:"C:\Program Files (x86)\Reference Assemblies\Microsoft\Framework\.NETFramework\v4.8.1\Facades\System.Security.Principal.dll" /reference:"C:\Program Files (x86)\Reference Assemblies\Microsoft\Framework\.NETFramework\v4.8.1\Facades\System.Security.SecureString.dll" /reference:"C:\Program Files (x86)\Reference Assemblies\Microsoft\Framework\.NETFramework\v4.8.1\Facades\System.ServiceModel.Duplex.dll" /reference:"C:\Program Files (x86)\Reference Assemblies\Microsoft\Framework\.NETFramework\v4.8.1\Facades\System.ServiceModel.Http.dll" /reference:"C:\Program Files (x86)\Reference Assemblies\Microsoft\Framework\.NETFramework\v4.8.1\Facades\System.ServiceModel.NetTcp.dll" /reference:"C:\Program Files (x86)\Reference Assemblies\Microsoft\Framework\.NETFramework\v4.8.1\Facades\System.ServiceModel.Primitives.dll" /reference:"C:\Program Files (x86)\Reference Assemblies\Microsoft\Framework\.NETFramework\v4.8.1\Facades\System.ServiceModel.Security.dll" /reference:"C:\Program Files (x86)\Reference Assemblies\Microsoft\Framework\.NETFramework\v4.8.1\Facades\System.Text.Encoding.dll" /reference:"C:\Program Files (x86)\Reference Assemblies\Microsoft\Framework\.NETFramework\v4.8.1\Facades\System.Text.Encoding.Extensions.dll" /reference:"C:\Program Files (x86)\Reference Assemblies\Microsoft\Framework\.NETFramework\v4.8.1\Facades\System.Text.RegularExpressions.dll" /reference:"C:\Program Files (x86)\Reference Assemblies\Microsoft\Framework\.NETFramework\v4.8.1\Facades\System.Threading.dll" /reference:"C:\Program Files (x86)\Reference Assemblies\Microsoft\Framework\.NETFramework\v4.8.1\Facades\System.Threading.Overlapped.dll" /reference:"C:\Program Files (x86)\Reference Assemblies\Microsoft\Framework\.NETFramework\v4.8.1\Facades\System.Threading.Tasks.dll" /reference:"C:\Program Files (x86)\Reference Assemblies\Microsoft\Framework\.NETFramework\v4.8.1\Facades\System.Threading.Tasks.Parallel.dll" /reference:"C:\Program Files (x86)\Reference Assemblies\Microsoft\Framework\.NETFramework\v4.8.1\Facades\System.Threading.Thread.dll" /reference:"C:\Program Files (x86)\Reference Assemblies\Microsoft\Framework\.NETFramework\v4.8.1\Facades\System.Threading.ThreadPool.dll" /reference:"C:\Program Files (x86)\Reference Assemblies\Microsoft\Framework\.NETFramework\v4.8.1\Facades\System.Threading.Timer.dll" /reference:"C:\Program Files (x86)\Reference Assemblies\Microsoft\Framework\.NETFramework\v4.8.1\Facades\System.ValueTuple.dll" /reference:"C:\Program Files (x86)\Reference Assemblies\Microsoft\Framework\.NETFramework\v4.8.1\Facades\System.Xml.ReaderWriter.dll" /reference:"C:\Program Files (x86)\Reference Assemblies\Microsoft\Framework\.NETFramework\v4.8.1\Facades\System.Xml.XDocument.dll" /reference:"C:\Program Files (x86)\Reference Assemblies\Microsoft\Framework\.NETFramework\v4.8.1\Facades\System.Xml.XmlDocument.dll" /reference:"C:\Program Files (x86)\Reference Assemblies\Microsoft\Framework\.NETFramework\v4.8.1\Facades\System.Xml.XmlSerializer.dll" /reference:"C:\Program Files (x86)\Reference Assemblies\Microsoft\Framework\.NETFramework\v4.8.1\Facades\System.Xml.XPath.dll" /reference:"C:\Program Files (x86)\Reference Assemblies\Microsoft\Framework\.NETFramework\v4.8.1\Facades\System.Xml.XPath.XDocument.dll" /debug+ /debug:portable /out:obj\Release\ExtendedData.dll /subsystemversion:6.00 /target:library /utf8output /langversion:latest ..\Shared\Runtime\Diagnostics\DebugLogHelper.cs ..\Shared\Runtime\Persistence\DependencyFreeJson.cs ..\Shared\Runtime\Threading\UnityMainThreadDispatch.cs ..\Shared\Adapters\APIShared\PlayerIdentityHelper.cs ..\Shared\Adapters\APIShared\MissionEventsAdapter.cs ..\Shared\Runtime\Localization\SerpLocalization.cs ..\Shared\Runtime\UI\ToolTipPresentation.cs ..\Shared\Runtime\Workshop\WorkshopContentPaths.cs ..\Shared\Runtime\Workshop\WorkshopUploadStaging.cs src\ExtendedDataPlugin.cs src\Properties\AssemblyInfo.cs src\ExtendedDataSettingsViewModel.cs src\TrailModSelectionItem.cs src\ExtendedDataRuntime.cs src\ExtendedDataLaunchOriginApi.cs src\ExtendedDataOriginRegistration.cs src\ExtendedDataModDataApi.cs src\FixesLordPreferencesBridge.cs src\TypedPreferenceSnapshotCodec.cs src\LordDataSyncCoordinator.cs src\LordDataSyncDiagnostics.cs src\TrailLordPackageRuntime.cs src\TrailLordSourceSelector.cs src\CoopCustomizePacket.cs src\BuiltInCustomizeOriginPacket.cs src\MapModSettingsPacket.cs src\MapModSettingsCoordinator.cs src\BugfixesAndQoLTrailCustomizationBridge.cs src\MissionPresetLifecycleState.cs src\TrailMissionSettingsCoordinator.cs src\TrailWorkshopUploadOptionsViewModel.cs src\EditorModSettingsSaveOptionsViewModel.cs src\MissionAssetResolver.cs src\CoopTrailPackageExporter.cs src\ResolvedMission.cs src\LordUpload\CustomLordCompatibilityProfile.cs src\LordUpload\CustomLordPopupPatchVerifier.cs src\LordUpload\CustomLordRuntimeRules.cs src\LordUpload\CustomLordUploadConfirmation.cs src\LordUpload\CustomLordUploadContracts.cs src\LordUpload\CustomLordUploadIssue.cs src\LordUpload\CustomLordUploadRequest.cs src\LordUpload\CustomLordUploadStager.cs src\LordUpload\CustomLordUploadWorkflow.cs src\LordUpload\CustomLordWorkshopPackagePolicy.cs src\LordUpload\CustomLordWorkshopPreflight.cs src\LordUpload\CustomLordJsonUploadPolicy.cs "obj\Release\.NETFramework,Version=v4.8.1.AssemblyAttributes.cs"
D:\CDesktopLink\Unterlagen\Mods\Stronghold Crusader DE\Meine Mods\ExtendedData\src\TypedPreferenceSnapshotCodec.cs(31,26): warning CS0436: Der Typ "DependencyFreeJson" in "D:\CDesktopLink\Unterlagen\Mods\Stronghold Crusader DE\Meine Mods\ExtendedData\..\Shared\Runtime\Persistence\DependencyFreeJson.cs" verursacht einen Konflikt mit dem importierten Typ "DependencyFreeJson" in "ExtendedData.Core, Version=1.0.9.0, Culture=neutral, PublicKeyToken=null". Der in "D:\CDesktopLink\Unterlagen\Mods\Stronghold Crusader DE\Meine Mods\ExtendedData\..\Shared\Runtime\Persistence\DependencyFreeJson.cs" definierte Typ wird verwendet. [D:\CDesktopLink\Unterlagen\Mods\Stronghold Crusader DE\Meine Mods\ExtendedData\ExtendedData.csproj]
D:\CDesktopLink\Unterlagen\Mods\Stronghold Crusader DE\Meine Mods\ExtendedData\src\TypedPreferenceSnapshotCodec.cs(35,50): warning CS0436: Der Typ "DependencyFreeJson" in "D:\CDesktopLink\Unterlagen\Mods\Stronghold Crusader DE\Meine Mods\ExtendedData\..\Shared\Runtime\Persistence\DependencyFreeJson.cs" verursacht einen Konflikt mit dem importierten Typ "DependencyFreeJson" in "ExtendedData.Core, Version=1.0.9.0, Culture=neutral, PublicKeyToken=null". Der in "D:\CDesktopLink\Unterlagen\Mods\Stronghold Crusader DE\Meine Mods\ExtendedData\..\Shared\Runtime\Persistence\DependencyFreeJson.cs" definierte Typ wird verwendet. [D:\CDesktopLink\Unterlagen\Mods\Stronghold Crusader DE\Meine Mods\ExtendedData\ExtendedData.csproj]
D:\CDesktopLink\Unterlagen\Mods\Stronghold Crusader DE\Meine Mods\ExtendedData\src\TypedPreferenceSnapshotCodec.cs(46,20): warning CS0436: Der Typ "DependencyFreeJson" in "D:\CDesktopLink\Unterlagen\Mods\Stronghold Crusader DE\Meine Mods\ExtendedData\..\Shared\Runtime\Persistence\DependencyFreeJson.cs" verursacht einen Konflikt mit dem importierten Typ "DependencyFreeJson" in "ExtendedData.Core, Version=1.0.9.0, Culture=neutral, PublicKeyToken=null". Der in "D:\CDesktopLink\Unterlagen\Mods\Stronghold Crusader DE\Meine Mods\ExtendedData\..\Shared\Runtime\Persistence\DependencyFreeJson.cs" definierte Typ wird verwendet. [D:\CDesktopLink\Unterlagen\Mods\Stronghold Crusader DE\Meine Mods\ExtendedData\ExtendedData.csproj]
D:\CDesktopLink\Unterlagen\Mods\Stronghold Crusader DE\Meine Mods\ExtendedData\src\TypedPreferenceSnapshotCodec.cs(53,25): warning CS0436: Der Typ "DependencyFreeJson" in "D:\CDesktopLink\Unterlagen\Mods\Stronghold Crusader DE\Meine Mods\ExtendedData\..\Shared\Runtime\Persistence\DependencyFreeJson.cs" verursacht einen Konflikt mit dem importierten Typ "DependencyFreeJson" in "ExtendedData.Core, Version=1.0.9.0, Culture=neutral, PublicKeyToken=null". Der in "D:\CDesktopLink\Unterlagen\Mods\Stronghold Crusader DE\Meine Mods\ExtendedData\..\Shared\Runtime\Persistence\DependencyFreeJson.cs" definierte Typ wird verwendet. [D:\CDesktopLink\Unterlagen\Mods\Stronghold Crusader DE\Meine Mods\ExtendedData\ExtendedData.csproj]
D:\CDesktopLink\Unterlagen\Mods\Stronghold Crusader DE\Meine Mods\ExtendedData\src\LordDataSyncDiagnostics.cs(50,36): warning CS0436: Der Typ "DependencyFreeJson" in "D:\CDesktopLink\Unterlagen\Mods\Stronghold Crusader DE\Meine Mods\ExtendedData\..\Shared\Runtime\Persistence\DependencyFreeJson.cs" verursacht einen Konflikt mit dem importierten Typ "DependencyFreeJson" in "ExtendedData.Core, Version=1.0.9.0, Culture=neutral, PublicKeyToken=null". Der in "D:\CDesktopLink\Unterlagen\Mods\Stronghold Crusader DE\Meine Mods\ExtendedData\..\Shared\Runtime\Persistence\DependencyFreeJson.cs" definierte Typ wird verwendet. [D:\CDesktopLink\Unterlagen\Mods\Stronghold Crusader DE\Meine Mods\ExtendedData\ExtendedData.csproj]
D:\CDesktopLink\Unterlagen\Mods\Stronghold Crusader DE\Meine Mods\ExtendedData\src\TypedPreferenceSnapshotCodec.cs(97,25): warning CS0436: Der Typ "DependencyFreeJson" in "D:\CDesktopLink\Unterlagen\Mods\Stronghold Crusader DE\Meine Mods\ExtendedData\..\Shared\Runtime\Persistence\DependencyFreeJson.cs" verursacht einen Konflikt mit dem importierten Typ "DependencyFreeJson" in "ExtendedData.Core, Version=1.0.9.0, Culture=neutral, PublicKeyToken=null". Der in "D:\CDesktopLink\Unterlagen\Mods\Stronghold Crusader DE\Meine Mods\ExtendedData\..\Shared\Runtime\Persistence\DependencyFreeJson.cs" definierte Typ wird verwendet. [D:\CDesktopLink\Unterlagen\Mods\Stronghold Crusader DE\Meine Mods\ExtendedData\ExtendedData.csproj]
D:\CDesktopLink\Unterlagen\Mods\Stronghold Crusader DE\Meine Mods\ExtendedData\src\TrailLordPackageRuntime.cs(183,28): warning CS0436: Der Typ "DependencyFreeJson" in "D:\CDesktopLink\Unterlagen\Mods\Stronghold Crusader DE\Meine Mods\ExtendedData\..\Shared\Runtime\Persistence\DependencyFreeJson.cs" verursacht einen Konflikt mit dem importierten Typ "DependencyFreeJson" in "ExtendedData.Core, Version=1.0.9.0, Culture=neutral, PublicKeyToken=null". Der in "D:\CDesktopLink\Unterlagen\Mods\Stronghold Crusader DE\Meine Mods\ExtendedData\..\Shared\Runtime\Persistence\DependencyFreeJson.cs" definierte Typ wird verwendet. [D:\CDesktopLink\Unterlagen\Mods\Stronghold Crusader DE\Meine Mods\ExtendedData\ExtendedData.csproj]
D:\CDesktopLink\Unterlagen\Mods\Stronghold Crusader DE\Meine Mods\ExtendedData\src\TypedPreferenceSnapshotCodec.cs(190,25): warning CS0436: Der Typ "DependencyFreeJson" in "D:\CDesktopLink\Unterlagen\Mods\Stronghold Crusader DE\Meine Mods\ExtendedData\..\Shared\Runtime\Persistence\DependencyFreeJson.cs" verursacht einen Konflikt mit dem importierten Typ "DependencyFreeJson" in "ExtendedData.Core, Version=1.0.9.0, Culture=neutral, PublicKeyToken=null". Der in "D:\CDesktopLink\Unterlagen\Mods\Stronghold Crusader DE\Meine Mods\ExtendedData\..\Shared\Runtime\Persistence\DependencyFreeJson.cs" definierte Typ wird verwendet. [D:\CDesktopLink\Unterlagen\Mods\Stronghold Crusader DE\Meine Mods\ExtendedData\ExtendedData.csproj]
D:\CDesktopLink\Unterlagen\Mods\Stronghold Crusader DE\Meine Mods\ExtendedData\src\LordUpload\CustomLordWorkshopPreflight.cs(467,35): warning CS0436: Der Typ "DependencyFreeJson" in "D:\CDesktopLink\Unterlagen\Mods\Stronghold Crusader DE\Meine Mods\ExtendedData\..\Shared\Runtime\Persistence\DependencyFreeJson.cs" verursacht einen Konflikt mit dem importierten Typ "DependencyFreeJson" in "ExtendedData.Core, Version=1.0.9.0, Culture=neutral, PublicKeyToken=null". Der in "D:\CDesktopLink\Unterlagen\Mods\Stronghold Crusader DE\Meine Mods\ExtendedData\..\Shared\Runtime\Persistence\DependencyFreeJson.cs" definierte Typ wird verwendet. [D:\CDesktopLink\Unterlagen\Mods\Stronghold Crusader DE\Meine Mods\ExtendedData\ExtendedData.csproj]
D:\CDesktopLink\Unterlagen\Mods\Stronghold Crusader DE\Meine Mods\ExtendedData\src\LordDataSyncCoordinator.cs(1261,27): warning CS0436: Der Typ "DependencyFreeJson" in "D:\CDesktopLink\Unterlagen\Mods\Stronghold Crusader DE\Meine Mods\ExtendedData\..\Shared\Runtime\Persistence\DependencyFreeJson.cs" verursacht einen Konflikt mit dem importierten Typ "DependencyFreeJson" in "ExtendedData.Core, Version=1.0.9.0, Culture=neutral, PublicKeyToken=null". Der in "D:\CDesktopLink\Unterlagen\Mods\Stronghold Crusader DE\Meine Mods\ExtendedData\..\Shared\Runtime\Persistence\DependencyFreeJson.cs" definierte Typ wird verwendet. [D:\CDesktopLink\Unterlagen\Mods\Stronghold Crusader DE\Meine Mods\ExtendedData\ExtendedData.csproj]
D:\CDesktopLink\Unterlagen\Mods\Stronghold Crusader DE\Meine Mods\ExtendedData\src\LordDataSyncCoordinator.cs(1274,28): warning CS0436: Der Typ "DependencyFreeJson" in "D:\CDesktopLink\Unterlagen\Mods\Stronghold Crusader DE\Meine Mods\ExtendedData\..\Shared\Runtime\Persistence\DependencyFreeJson.cs" verursacht einen Konflikt mit dem importierten Typ "DependencyFreeJson" in "ExtendedData.Core, Version=1.0.9.0, Culture=neutral, PublicKeyToken=null". Der in "D:\CDesktopLink\Unterlagen\Mods\Stronghold Crusader DE\Meine Mods\ExtendedData\..\Shared\Runtime\Persistence\DependencyFreeJson.cs" definierte Typ wird verwendet. [D:\CDesktopLink\Unterlagen\Mods\Stronghold Crusader DE\Meine Mods\ExtendedData\ExtendedData.csproj]
  CompilerServer: server - server processed compilation - ExtendedData
_CopyFilesMarkedCopyLocal:
  Die Datei wird von "D:\CDesktopLink\Unterlagen\Mods\Stronghold Crusader DE\Meine Mods\ExtendedData\ExtendedData.Core\bin\Release\netstandard2.0\ExtendedData.Core.pdb" in "D:\CDesktopLink\Unterlagen\Mods\Stronghold Crusader DE\Meine Mods\ExtendedData\BepInEx\plugins\ExtendedData_Serp\ExtendedData.Core.pdb" kopiert.
  Die Datei wird von "D:\CDesktopLink\Unterlagen\Mods\Stronghold Crusader DE\Meine Mods\ExtendedData\ExtendedData.Core\bin\Release\netstandard2.0\ExtendedData.Core.dll" in "D:\CDesktopLink\Unterlagen\Mods\Stronghold Crusader DE\Meine Mods\ExtendedData\BepInEx\plugins\ExtendedData_Serp\ExtendedData.Core.dll" kopiert.
  Aktualisieren des Timestamps von "D:\CDesktopLink\Unterlagen\Mods\Stronghold Crusader DE\Meine Mods\ExtendedData\obj\Release\Extended.1DBEBA44.Up2Date".
_CopyOutOfDateSourceItemsToOutputDirectory:
  Das Verzeichnis "BepInEx\plugins\ExtendedData_Serp\Locales" wird erstellt.
  Das Verzeichnis "BepInEx\plugins\ExtendedData_Serp\Locales" wird erstellt.
  Das Verzeichnis "BepInEx\plugins\ExtendedData_Serp\Locales" wird erstellt.
  Das Verzeichnis "BepInEx\plugins\ExtendedData_Serp\Locales" wird erstellt.
  Die Datei wird von "D:\CDesktopLink\Unterlagen\Mods\Stronghold Crusader DE\Meine Mods\ExtendedData\Locales\el-GR.txt" in "D:\CDesktopLink\Unterlagen\Mods\Stronghold Crusader DE\Meine Mods\ExtendedData\BepInEx\plugins\ExtendedData_Serp\Locales\el-GR.txt" kopiert.
  Die Datei wird von "D:\CDesktopLink\Unterlagen\Mods\Stronghold Crusader DE\Meine Mods\ExtendedData\Locales\ar.txt" in "D:\CDesktopLink\Unterlagen\Mods\Stronghold Crusader DE\Meine Mods\ExtendedData\BepInEx\plugins\ExtendedData_Serp\Locales\ar.txt" kopiert.
  Das Verzeichnis "BepInEx\plugins\ExtendedData_Serp\Locales" wird erstellt.
  Die Datei wird von "D:\CDesktopLink\Unterlagen\Mods\Stronghold Crusader DE\Meine Mods\ExtendedData\Locales\de-DE.txt" in "D:\CDesktopLink\Unterlagen\Mods\Stronghold Crusader DE\Meine Mods\ExtendedData\BepInEx\plugins\ExtendedData_Serp\Locales\de-DE.txt" kopiert.
  Die Datei wird von "D:\CDesktopLink\Unterlagen\Mods\Stronghold Crusader DE\Meine Mods\ExtendedData\Locales\es-ES.txt" in "D:\CDesktopLink\Unterlagen\Mods\Stronghold Crusader DE\Meine Mods\ExtendedData\BepInEx\plugins\ExtendedData_Serp\Locales\es-ES.txt" kopiert.
  Die Datei wird von "D:\CDesktopLink\Unterlagen\Mods\Stronghold Crusader DE\Meine Mods\ExtendedData\Locales\en-US.txt" in "D:\CDesktopLink\Unterlagen\Mods\Stronghold Crusader DE\Meine Mods\ExtendedData\BepInEx\plugins\ExtendedData_Serp\Locales\en-US.txt" kopiert.
  Das Verzeichnis "BepInEx\plugins\ExtendedData_Serp\Locales" wird erstellt.
  Die Datei wird von "D:\CDesktopLink\Unterlagen\Mods\Stronghold Crusader DE\Meine Mods\ExtendedData\Locales\cs-CZ.txt" in "D:\CDesktopLink\Unterlagen\Mods\Stronghold Crusader DE\Meine Mods\ExtendedData\BepInEx\plugins\ExtendedData_Serp\Locales\cs-CZ.txt" kopiert.
  Die Datei wird von "D:\CDesktopLink\Unterlagen\Mods\Stronghold Crusader DE\Meine Mods\ExtendedData\Locales\fr-FR.txt" in "D:\CDesktopLink\Unterlagen\Mods\Stronghold Crusader DE\Meine Mods\ExtendedData\BepInEx\plugins\ExtendedData_Serp\Locales\fr-FR.txt" kopiert.
  Die Datei wird von "D:\CDesktopLink\Unterlagen\Mods\Stronghold Crusader DE\Meine Mods\ExtendedData\Locales\hu-HU.txt" in "D:\CDesktopLink\Unterlagen\Mods\Stronghold Crusader DE\Meine Mods\ExtendedData\BepInEx\plugins\ExtendedData_Serp\Locales\hu-HU.txt" kopiert.
  Die Datei wird von "D:\CDesktopLink\Unterlagen\Mods\Stronghold Crusader DE\Meine Mods\ExtendedData\Locales\it-IT.txt" in "D:\CDesktopLink\Unterlagen\Mods\Stronghold Crusader DE\Meine Mods\ExtendedData\BepInEx\plugins\ExtendedData_Serp\Locales\it-IT.txt" kopiert.
  Die Datei wird von "D:\CDesktopLink\Unterlagen\Mods\Stronghold Crusader DE\Meine Mods\ExtendedData\Locales\ja-JP.txt" in "D:\CDesktopLink\Unterlagen\Mods\Stronghold Crusader DE\Meine Mods\ExtendedData\BepInEx\plugins\ExtendedData_Serp\Locales\ja-JP.txt" kopiert.
  Die Datei wird von "D:\CDesktopLink\Unterlagen\Mods\Stronghold Crusader DE\Meine Mods\ExtendedData\Locales\ko-KR.txt" in "D:\CDesktopLink\Unterlagen\Mods\Stronghold Crusader DE\Meine Mods\ExtendedData\BepInEx\plugins\ExtendedData_Serp\Locales\ko-KR.txt" kopiert.
  Die Datei wird von "D:\CDesktopLink\Unterlagen\Mods\Stronghold Crusader DE\Meine Mods\ExtendedData\Locales\nl-NL.txt" in "D:\CDesktopLink\Unterlagen\Mods\Stronghold Crusader DE\Meine Mods\ExtendedData\BepInEx\plugins\ExtendedData_Serp\Locales\nl-NL.txt" kopiert.
  Die Datei wird von "D:\CDesktopLink\Unterlagen\Mods\Stronghold Crusader DE\Meine Mods\ExtendedData\Locales\pt-BR.txt" in "D:\CDesktopLink\Unterlagen\Mods\Stronghold Crusader DE\Meine Mods\ExtendedData\BepInEx\plugins\ExtendedData_Serp\Locales\pt-BR.txt" kopiert.
  Die Datei wird von "D:\CDesktopLink\Unterlagen\Mods\Stronghold Crusader DE\Meine Mods\ExtendedData\Locales\pl-PL.txt" in "D:\CDesktopLink\Unterlagen\Mods\Stronghold Crusader DE\Meine Mods\ExtendedData\BepInEx\plugins\ExtendedData_Serp\Locales\pl-PL.txt" kopiert.
  Die Datei wird von "D:\CDesktopLink\Unterlagen\Mods\Stronghold Crusader DE\Meine Mods\ExtendedData\Locales\ru-RU.txt" in "D:\CDesktopLink\Unterlagen\Mods\Stronghold Crusader DE\Meine Mods\ExtendedData\BepInEx\plugins\ExtendedData_Serp\Locales\ru-RU.txt" kopiert.
  Die Datei wird von "D:\CDesktopLink\Unterlagen\Mods\Stronghold Crusader DE\Meine Mods\ExtendedData\Locales\sv-SE.txt" in "D:\CDesktopLink\Unterlagen\Mods\Stronghold Crusader DE\Meine Mods\ExtendedData\BepInEx\plugins\ExtendedData_Serp\Locales\sv-SE.txt" kopiert.
  Die Datei wird von "D:\CDesktopLink\Unterlagen\Mods\Stronghold Crusader DE\Meine Mods\ExtendedData\Locales\th-TH.txt" in "D:\CDesktopLink\Unterlagen\Mods\Stronghold Crusader DE\Meine Mods\ExtendedData\BepInEx\plugins\ExtendedData_Serp\Locales\th-TH.txt" kopiert.
  Die Datei wird von "D:\CDesktopLink\Unterlagen\Mods\Stronghold Crusader DE\Meine Mods\ExtendedData\Locales\tr-TR.txt" in "D:\CDesktopLink\Unterlagen\Mods\Stronghold Crusader DE\Meine Mods\ExtendedData\BepInEx\plugins\ExtendedData_Serp\Locales\tr-TR.txt" kopiert.
  Die Datei wird von "D:\CDesktopLink\Unterlagen\Mods\Stronghold Crusader DE\Meine Mods\ExtendedData\Locales\uk-UA.txt" in "D:\CDesktopLink\Unterlagen\Mods\Stronghold Crusader DE\Meine Mods\ExtendedData\BepInEx\plugins\ExtendedData_Serp\Locales\uk-UA.txt" kopiert.
  Die Datei wird von "D:\CDesktopLink\Unterlagen\Mods\Stronghold Crusader DE\Meine Mods\ExtendedData\Locales\zh-CN.txt" in "D:\CDesktopLink\Unterlagen\Mods\Stronghold Crusader DE\Meine Mods\ExtendedData\BepInEx\plugins\ExtendedData_Serp\Locales\zh-CN.txt" kopiert.
  Die Datei wird von "D:\CDesktopLink\Unterlagen\Mods\Stronghold Crusader DE\Meine Mods\ExtendedData\Locales\zh-HK.txt" in "D:\CDesktopLink\Unterlagen\Mods\Stronghold Crusader DE\Meine Mods\ExtendedData\BepInEx\plugins\ExtendedData_Serp\Locales\zh-HK.txt" kopiert.
  Das Verzeichnis "BepInEx\plugins\ExtendedData_Serp\Patches\Assets\GUI\XAMLResources" wird erstellt.
  Das Verzeichnis "BepInEx\plugins\ExtendedData_Serp\Patches\Assets\GUI\XAMLResources" wird erstellt.
  Das Verzeichnis "BepInEx\plugins\ExtendedData_Serp\Override\ScriptExtenderUI" wird erstellt.
  Das Verzeichnis "BepInEx\plugins\ExtendedData_Serp\Patches\Assets\GUI\XAMLResources" wird erstellt.
  Das Verzeichnis "BepInEx\plugins\ExtendedData_Serp\Patches\Assets\GUI\XAMLResources" wird erstellt.
  Die Datei wird von "D:\CDesktopLink\Unterlagen\Mods\Stronghold Crusader DE\Meine Mods\ExtendedData\Override\ScriptExtenderUI\ExtendedDataSettings.xaml" in "D:\CDesktopLink\Unterlagen\Mods\Stronghold Crusader DE\Meine Mods\ExtendedData\BepInEx\plugins\ExtendedData_Serp\Override\ScriptExtenderUI\ExtendedDataSettings.xaml" kopiert.
  Die Datei wird von "D:\CDesktopLink\Unterlagen\Mods\Stronghold Crusader DE\Meine Mods\ExtendedData\Patches\Assets\GUI\XAMLResources\HUD_ConfirmationPopup.xaml" in "D:\CDesktopLink\Unterlagen\Mods\Stronghold Crusader DE\Meine Mods\ExtendedData\BepInEx\plugins\ExtendedData_Serp\Patches\Assets\GUI\XAMLResources\HUD_ConfirmationPopup.xaml" kopiert.
  Die Datei wird von "D:\CDesktopLink\Unterlagen\Mods\Stronghold Crusader DE\Meine Mods\ExtendedData\Patches\Assets\GUI\XAMLResources\FRONT_ManageTrail.xaml" in "D:\CDesktopLink\Unterlagen\Mods\Stronghold Crusader DE\Meine Mods\ExtendedData\BepInEx\plugins\ExtendedData_Serp\Patches\Assets\GUI\XAMLResources\FRONT_ManageTrail.xaml" kopiert.
  Die Datei wird von "D:\CDesktopLink\Unterlagen\Mods\Stronghold Crusader DE\Meine Mods\ExtendedData\Patches\Assets\GUI\XAMLResources\FRONT_EditorSetup.xaml" in "D:\CDesktopLink\Unterlagen\Mods\Stronghold Crusader DE\Meine Mods\ExtendedData\BepInEx\plugins\ExtendedData_Serp\Patches\Assets\GUI\XAMLResources\FRONT_EditorSetup.xaml" kopiert.
  Die Datei wird von "D:\CDesktopLink\Unterlagen\Mods\Stronghold Crusader DE\Meine Mods\ExtendedData\Patches\Assets\GUI\XAMLResources\HUD_LoadSaveRequester.xaml" in "D:\CDesktopLink\Unterlagen\Mods\Stronghold Crusader DE\Meine Mods\ExtendedData\BepInEx\plugins\ExtendedData_Serp\Patches\Assets\GUI\XAMLResources\HUD_LoadSaveRequester.xaml" kopiert.
CopyFilesToOutputDirectory:
  Die Datei wird von "D:\CDesktopLink\Unterlagen\Mods\Stronghold Crusader DE\Meine Mods\ExtendedData\obj\Release\ExtendedData.dll" in "D:\CDesktopLink\Unterlagen\Mods\Stronghold Crusader DE\Meine Mods\ExtendedData\BepInEx\plugins\ExtendedData_Serp\ExtendedData.dll" kopiert.
  ExtendedData -> D:\CDesktopLink\Unterlagen\Mods\Stronghold Crusader DE\Meine Mods\ExtendedData\BepInEx\plugins\ExtendedData_Serp\ExtendedData.dll
  Die Datei wird von "D:\CDesktopLink\Unterlagen\Mods\Stronghold Crusader DE\Meine Mods\ExtendedData\obj\Release\ExtendedData.pdb" in "D:\CDesktopLink\Unterlagen\Mods\Stronghold Crusader DE\Meine Mods\ExtendedData\BepInEx\plugins\ExtendedData_Serp\ExtendedData.pdb" kopiert.
Die Erstellung von Projekt "D:\CDesktopLink\Unterlagen\Mods\Stronghold Crusader DE\Meine Mods\ExtendedData\ExtendedData.csproj" ist abgeschlossen (Standardziele).

Der Buildvorgang wurde erfolgreich ausgeführt.

"D:\CDesktopLink\Unterlagen\Mods\Stronghold Crusader DE\Meine Mods\ExtendedData\ExtendedData.csproj" (Standardziel) (1) ->
(CoreCompile Ziel) -> 
  D:\CDesktopLink\Unterlagen\Mods\Stronghold Crusader DE\Meine Mods\ExtendedData\src\TypedPreferenceSnapshotCodec.cs(31,26): warning CS0436: Der Typ "DependencyFreeJson" in "D:\CDesktopLink\Unterlagen\Mods\Stronghold Crusader DE\Meine Mods\ExtendedData\..\Shared\Runtime\Persistence\DependencyFreeJson.cs" verursacht einen Konflikt mit dem importierten Typ "DependencyFreeJson" in "ExtendedData.Core, Version=1.0.9.0, Culture=neutral, PublicKeyToken=null". Der in "D:\CDesktopLink\Unterlagen\Mods\Stronghold Crusader DE\Meine Mods\ExtendedData\..\Shared\Runtime\Persistence\DependencyFreeJson.cs" definierte Typ wird verwendet. [D:\CDesktopLink\Unterlagen\Mods\Stronghold Crusader DE\Meine Mods\ExtendedData\ExtendedData.csproj]
  D:\CDesktopLink\Unterlagen\Mods\Stronghold Crusader DE\Meine Mods\ExtendedData\src\TypedPreferenceSnapshotCodec.cs(35,50): warning CS0436: Der Typ "DependencyFreeJson" in "D:\CDesktopLink\Unterlagen\Mods\Stronghold Crusader DE\Meine Mods\ExtendedData\..\Shared\Runtime\Persistence\DependencyFreeJson.cs" verursacht einen Konflikt mit dem importierten Typ "DependencyFreeJson" in "ExtendedData.Core, Version=1.0.9.0, Culture=neutral, PublicKeyToken=null". Der in "D:\CDesktopLink\Unterlagen\Mods\Stronghold Crusader DE\Meine Mods\ExtendedData\..\Shared\Runtime\Persistence\DependencyFreeJson.cs" definierte Typ wird verwendet. [D:\CDesktopLink\Unterlagen\Mods\Stronghold Crusader DE\Meine Mods\ExtendedData\ExtendedData.csproj]
  D:\CDesktopLink\Unterlagen\Mods\Stronghold Crusader DE\Meine Mods\ExtendedData\src\TypedPreferenceSnapshotCodec.cs(46,20): warning CS0436: Der Typ "DependencyFreeJson" in "D:\CDesktopLink\Unterlagen\Mods\Stronghold Crusader DE\Meine Mods\ExtendedData\..\Shared\Runtime\Persistence\DependencyFreeJson.cs" verursacht einen Konflikt mit dem importierten Typ "DependencyFreeJson" in "ExtendedData.Core, Version=1.0.9.0, Culture=neutral, PublicKeyToken=null". Der in "D:\CDesktopLink\Unterlagen\Mods\Stronghold Crusader DE\Meine Mods\ExtendedData\..\Shared\Runtime\Persistence\DependencyFreeJson.cs" definierte Typ wird verwendet. [D:\CDesktopLink\Unterlagen\Mods\Stronghold Crusader DE\Meine Mods\ExtendedData\ExtendedData.csproj]
  D:\CDesktopLink\Unterlagen\Mods\Stronghold Crusader DE\Meine Mods\ExtendedData\src\TypedPreferenceSnapshotCodec.cs(53,25): warning CS0436: Der Typ "DependencyFreeJson" in "D:\CDesktopLink\Unterlagen\Mods\Stronghold Crusader DE\Meine Mods\ExtendedData\..\Shared\Runtime\Persistence\DependencyFreeJson.cs" verursacht einen Konflikt mit dem importierten Typ "DependencyFreeJson" in "ExtendedData.Core, Version=1.0.9.0, Culture=neutral, PublicKeyToken=null". Der in "D:\CDesktopLink\Unterlagen\Mods\Stronghold Crusader DE\Meine Mods\ExtendedData\..\Shared\Runtime\Persistence\DependencyFreeJson.cs" definierte Typ wird verwendet. [D:\CDesktopLink\Unterlagen\Mods\Stronghold Crusader DE\Meine Mods\ExtendedData\ExtendedData.csproj]
  D:\CDesktopLink\Unterlagen\Mods\Stronghold Crusader DE\Meine Mods\ExtendedData\src\LordDataSyncDiagnostics.cs(50,36): warning CS0436: Der Typ "DependencyFreeJson" in "D:\CDesktopLink\Unterlagen\Mods\Stronghold Crusader DE\Meine Mods\ExtendedData\..\Shared\Runtime\Persistence\DependencyFreeJson.cs" verursacht einen Konflikt mit dem importierten Typ "DependencyFreeJson" in "ExtendedData.Core, Version=1.0.9.0, Culture=neutral, PublicKeyToken=null". Der in "D:\CDesktopLink\Unterlagen\Mods\Stronghold Crusader DE\Meine Mods\ExtendedData\..\Shared\Runtime\Persistence\DependencyFreeJson.cs" definierte Typ wird verwendet. [D:\CDesktopLink\Unterlagen\Mods\Stronghold Crusader DE\Meine Mods\ExtendedData\ExtendedData.csproj]
  D:\CDesktopLink\Unterlagen\Mods\Stronghold Crusader DE\Meine Mods\ExtendedData\src\TypedPreferenceSnapshotCodec.cs(97,25): warning CS0436: Der Typ "DependencyFreeJson" in "D:\CDesktopLink\Unterlagen\Mods\Stronghold Crusader DE\Meine Mods\ExtendedData\..\Shared\Runtime\Persistence\DependencyFreeJson.cs" verursacht einen Konflikt mit dem importierten Typ "DependencyFreeJson" in "ExtendedData.Core, Version=1.0.9.0, Culture=neutral, PublicKeyToken=null". Der in "D:\CDesktopLink\Unterlagen\Mods\Stronghold Crusader DE\Meine Mods\ExtendedData\..\Shared\Runtime\Persistence\DependencyFreeJson.cs" definierte Typ wird verwendet. [D:\CDesktopLink\Unterlagen\Mods\Stronghold Crusader DE\Meine Mods\ExtendedData\ExtendedData.csproj]
  D:\CDesktopLink\Unterlagen\Mods\Stronghold Crusader DE\Meine Mods\ExtendedData\src\TrailLordPackageRuntime.cs(183,28): warning CS0436: Der Typ "DependencyFreeJson" in "D:\CDesktopLink\Unterlagen\Mods\Stronghold Crusader DE\Meine Mods\ExtendedData\..\Shared\Runtime\Persistence\DependencyFreeJson.cs" verursacht einen Konflikt mit dem importierten Typ "DependencyFreeJson" in "ExtendedData.Core, Version=1.0.9.0, Culture=neutral, PublicKeyToken=null". Der in "D:\CDesktopLink\Unterlagen\Mods\Stronghold Crusader DE\Meine Mods\ExtendedData\..\Shared\Runtime\Persistence\DependencyFreeJson.cs" definierte Typ wird verwendet. [D:\CDesktopLink\Unterlagen\Mods\Stronghold Crusader DE\Meine Mods\ExtendedData\ExtendedData.csproj]
  D:\CDesktopLink\Unterlagen\Mods\Stronghold Crusader DE\Meine Mods\ExtendedData\src\TypedPreferenceSnapshotCodec.cs(190,25): warning CS0436: Der Typ "DependencyFreeJson" in "D:\CDesktopLink\Unterlagen\Mods\Stronghold Crusader DE\Meine Mods\ExtendedData\..\Shared\Runtime\Persistence\DependencyFreeJson.cs" verursacht einen Konflikt mit dem importierten Typ "DependencyFreeJson" in "ExtendedData.Core, Version=1.0.9.0, Culture=neutral, PublicKeyToken=null". Der in "D:\CDesktopLink\Unterlagen\Mods\Stronghold Crusader DE\Meine Mods\ExtendedData\..\Shared\Runtime\Persistence\DependencyFreeJson.cs" definierte Typ wird verwendet. [D:\CDesktopLink\Unterlagen\Mods\Stronghold Crusader DE\Meine Mods\ExtendedData\ExtendedData.csproj]
  D:\CDesktopLink\Unterlagen\Mods\Stronghold Crusader DE\Meine Mods\ExtendedData\src\LordUpload\CustomLordWorkshopPreflight.cs(467,35): warning CS0436: Der Typ "DependencyFreeJson" in "D:\CDesktopLink\Unterlagen\Mods\Stronghold Crusader DE\Meine Mods\ExtendedData\..\Shared\Runtime\Persistence\DependencyFreeJson.cs" verursacht einen Konflikt mit dem importierten Typ "DependencyFreeJson" in "ExtendedData.Core, Version=1.0.9.0, Culture=neutral, PublicKeyToken=null". Der in "D:\CDesktopLink\Unterlagen\Mods\Stronghold Crusader DE\Meine Mods\ExtendedData\..\Shared\Runtime\Persistence\DependencyFreeJson.cs" definierte Typ wird verwendet. [D:\CDesktopLink\Unterlagen\Mods\Stronghold Crusader DE\Meine Mods\ExtendedData\ExtendedData.csproj]
  D:\CDesktopLink\Unterlagen\Mods\Stronghold Crusader DE\Meine Mods\ExtendedData\src\LordDataSyncCoordinator.cs(1261,27): warning CS0436: Der Typ "DependencyFreeJson" in "D:\CDesktopLink\Unterlagen\Mods\Stronghold Crusader DE\Meine Mods\ExtendedData\..\Shared\Runtime\Persistence\DependencyFreeJson.cs" verursacht einen Konflikt mit dem importierten Typ "DependencyFreeJson" in "ExtendedData.Core, Version=1.0.9.0, Culture=neutral, PublicKeyToken=null". Der in "D:\CDesktopLink\Unterlagen\Mods\Stronghold Crusader DE\Meine Mods\ExtendedData\..\Shared\Runtime\Persistence\DependencyFreeJson.cs" definierte Typ wird verwendet. [D:\CDesktopLink\Unterlagen\Mods\Stronghold Crusader DE\Meine Mods\ExtendedData\ExtendedData.csproj]
  D:\CDesktopLink\Unterlagen\Mods\Stronghold Crusader DE\Meine Mods\ExtendedData\src\LordDataSyncCoordinator.cs(1274,28): warning CS0436: Der Typ "DependencyFreeJson" in "D:\CDesktopLink\Unterlagen\Mods\Stronghold Crusader DE\Meine Mods\ExtendedData\..\Shared\Runtime\Persistence\DependencyFreeJson.cs" verursacht einen Konflikt mit dem importierten Typ "DependencyFreeJson" in "ExtendedData.Core, Version=1.0.9.0, Culture=neutral, PublicKeyToken=null". Der in "D:\CDesktopLink\Unterlagen\Mods\Stronghold Crusader DE\Meine Mods\ExtendedData\..\Shared\Runtime\Persistence\DependencyFreeJson.cs" definierte Typ wird verwendet. [D:\CDesktopLink\Unterlagen\Mods\Stronghold Crusader DE\Meine Mods\ExtendedData\ExtendedData.csproj]

    11 Warnung(en)
    0 Fehler

Verstrichene Zeit 00:00:01.51
[10.10.2026  0:02:57,95] Copy package files
[10.10.2026  0:02:57,95] Copy package files
3 Datei(en) kopiert
Installiere geprueftes Paket...
[10.10.2026  0:02:57,97] Copy package files
34 Datei(en) kopiert
[10.10.2026  0:02:58,00] Copy package files
1 Datei(en) kopiert
[10.10.2026  0:02:58,01] PowerShell checks / build step
Lokaler Buildnachweis: D:\CDesktopLink\Unterlagen\Mods\Stronghold Crusader DE\Meine Mods\.release-output\local\ExtendedData\latest.provenance.json

Build, Tests und Installation erfolgreich.
[10.10.2026  0:02:59,10] END: exit code 0
