[10.10.2026  0:02:07,82] START AIVParser
Baue AIVParser in der Release-Konfiguration...

[10.10.2026  0:02:07,86] Compile projects
  Wiederherzustellende Projekte werden ermittelt...
  Alle Projekte sind für die Wiederherstellung auf dem neuesten Stand.
  AIVParser.Core -> D:\CDesktopLink\Unterlagen\Mods\Stronghold Crusader DE\Meine Mods\Helpers\AIVParser\AIVParser.Core\bin\Release\netstandard2.0\AIVParser.Core.dll
  AIVParser.Cli -> D:\CDesktopLink\Unterlagen\Mods\Stronghold Crusader DE\Meine Mods\Helpers\AIVParser\AIVParser.Cli\bin\Release\net10.0\AIVParser.dll
C:\Program Files\dotnet\sdk\10.0.303\Microsoft.Common.CurrentVersion.targets(2453,5): warning MSB3277: Es wurden Konflikte zwischen verschiedenen Versionen von "System.Text.Json" gefunden, die nicht aufgelöst werden konnten. [D:\CDesktopLink\Unterlagen\Mods\Stronghold Crusader DE\Meine Mods\Helpers\AIVParser\AIVParser.Tests\AIVParser.Tests.csproj]
C:\Program Files\dotnet\sdk\10.0.303\Microsoft.Common.CurrentVersion.targets(2453,5): warning MSB3277: Konflikt zwischen System.Text.Json, Version=10.0.0.0, Culture=neutral, PublicKeyToken=cc7b13ffcd2ddd51 und System.Text.Json, Version=10.0.0.12, Culture=neutral, PublicKeyToken=cc7b13ffcd2ddd51. [D:\CDesktopLink\Unterlagen\Mods\Stronghold Crusader DE\Meine Mods\Helpers\AIVParser\AIVParser.Tests\AIVParser.Tests.csproj]
C:\Program Files\dotnet\sdk\10.0.303\Microsoft.Common.CurrentVersion.targets(2453,5): warning MSB3277:     System.Text.Json, Version=10.0.0.0, Culture=neutral, PublicKeyToken=cc7b13ffcd2ddd51 wurde aufgrund der primären Eigenschaft System.Text.Json, Version=10.0.0.12, Culture=neutral, PublicKeyToken=cc7b13ffcd2ddd51 vorgezogen. [D:\CDesktopLink\Unterlagen\Mods\Stronghold Crusader DE\Meine Mods\Helpers\AIVParser\AIVParser.Tests\AIVParser.Tests.csproj]
C:\Program Files\dotnet\sdk\10.0.303\Microsoft.Common.CurrentVersion.targets(2453,5): warning MSB3277:     Verweise, die von "System.Text.Json, Version=10.0.0.0, Culture=neutral, PublicKeyToken=cc7b13ffcd2ddd51" abhängig sind [C:\Program Files\dotnet\packs\Microsoft.NETCore.App.Ref\10.0.11\ref\net10.0\System.Text.Json.dll]. [D:\CDesktopLink\Unterlagen\Mods\Stronghold Crusader DE\Meine Mods\Helpers\AIVParser\AIVParser.Tests\AIVParser.Tests.csproj]
C:\Program Files\dotnet\sdk\10.0.303\Microsoft.Common.CurrentVersion.targets(2453,5): warning MSB3277:         C:\Program Files\dotnet\packs\Microsoft.NETCore.App.Ref\10.0.11\ref\net10.0\System.Text.Json.dll [D:\CDesktopLink\Unterlagen\Mods\Stronghold Crusader DE\Meine Mods\Helpers\AIVParser\AIVParser.Tests\AIVParser.Tests.csproj]
C:\Program Files\dotnet\sdk\10.0.303\Microsoft.Common.CurrentVersion.targets(2453,5): warning MSB3277:           Elementincludes einer Projektdatei, die den Verweis "C:\Program Files\dotnet\packs\Microsoft.NETCore.App.Ref\10.0.11\ref\net10.0\System.Text.Json.dll" verursacht haben. [D:\CDesktopLink\Unterlagen\Mods\Stronghold Crusader DE\Meine Mods\Helpers\AIVParser\AIVParser.Tests\AIVParser.Tests.csproj]
C:\Program Files\dotnet\sdk\10.0.303\Microsoft.Common.CurrentVersion.targets(2453,5): warning MSB3277:             C:\Program Files\dotnet\packs\Microsoft.NETCore.App.Ref\10.0.11\ref/net10.0/System.Text.Json.dll [D:\CDesktopLink\Unterlagen\Mods\Stronghold Crusader DE\Meine Mods\Helpers\AIVParser\AIVParser.Tests\AIVParser.Tests.csproj]
C:\Program Files\dotnet\sdk\10.0.303\Microsoft.Common.CurrentVersion.targets(2453,5): warning MSB3277:     Verweise, die von „System.Text.Json, Version=10.0.0.12, Culture=neutral, PublicKeyToken=cc7b13ffcd2ddd51“ [] abhängen oder damit vereint wurden. [D:\CDesktopLink\Unterlagen\Mods\Stronghold Crusader DE\Meine Mods\Helpers\AIVParser\AIVParser.Tests\AIVParser.Tests.csproj]
C:\Program Files\dotnet\sdk\10.0.303\Microsoft.Common.CurrentVersion.targets(2453,5): warning MSB3277:         D:\CDesktopLink\Unterlagen\Mods\Stronghold Crusader DE\Meine Mods\Helpers\AIVParser\AIVParser.Cli\bin\Release\net10.0\AIVParser.dll [D:\CDesktopLink\Unterlagen\Mods\Stronghold Crusader DE\Meine Mods\Helpers\AIVParser\AIVParser.Tests\AIVParser.Tests.csproj]
C:\Program Files\dotnet\sdk\10.0.303\Microsoft.Common.CurrentVersion.targets(2453,5): warning MSB3277:           Elementincludes einer Projektdatei, die den Verweis "D:\CDesktopLink\Unterlagen\Mods\Stronghold Crusader DE\Meine Mods\Helpers\AIVParser\AIVParser.Cli\bin\Release\net10.0\AIVParser.dll" verursacht haben. [D:\CDesktopLink\Unterlagen\Mods\Stronghold Crusader DE\Meine Mods\Helpers\AIVParser\AIVParser.Tests\AIVParser.Tests.csproj]
C:\Program Files\dotnet\sdk\10.0.303\Microsoft.Common.CurrentVersion.targets(2453,5): warning MSB3277:             D:\CDesktopLink\Unterlagen\Mods\Stronghold Crusader DE\Meine Mods\Helpers\AIVParser\AIVParser.Cli\bin\Release\net10.0\AIVParser.dll [D:\CDesktopLink\Unterlagen\Mods\Stronghold Crusader DE\Meine Mods\Helpers\AIVParser\AIVParser.Tests\AIVParser.Tests.csproj]
C:\Program Files\dotnet\sdk\10.0.303\Microsoft.Common.CurrentVersion.targets(2453,5): warning MSB3277:         D:\CDesktopLink\Unterlagen\Mods\Stronghold Crusader DE\Meine Mods\shcde-script-extender\src\SHCDESE.BepInEx\bin\net481\SHCDESE.dll [D:\CDesktopLink\Unterlagen\Mods\Stronghold Crusader DE\Meine Mods\Helpers\AIVParser\AIVParser.Tests\AIVParser.Tests.csproj]
C:\Program Files\dotnet\sdk\10.0.303\Microsoft.Common.CurrentVersion.targets(2453,5): warning MSB3277:           Elementincludes einer Projektdatei, die den Verweis "D:\CDesktopLink\Unterlagen\Mods\Stronghold Crusader DE\Meine Mods\shcde-script-extender\src\SHCDESE.BepInEx\bin\net481\SHCDESE.dll" verursacht haben. [D:\CDesktopLink\Unterlagen\Mods\Stronghold Crusader DE\Meine Mods\Helpers\AIVParser\AIVParser.Tests\AIVParser.Tests.csproj]
C:\Program Files\dotnet\sdk\10.0.303\Microsoft.Common.CurrentVersion.targets(2453,5): warning MSB3277:             SHCDESE [D:\CDesktopLink\Unterlagen\Mods\Stronghold Crusader DE\Meine Mods\Helpers\AIVParser\AIVParser.Tests\AIVParser.Tests.csproj]
C:\Program Files\dotnet\sdk\10.0.303\Microsoft.Common.CurrentVersion.targets(2453,5): warning MSB3277:         D:\CDesktopLink\Unterlagen\Mods\Stronghold Crusader DE\Meine Mods\shcde-script-extender\src\SHCDESE.BepInEx\bin\net481\RedBird.Core.dll [D:\CDesktopLink\Unterlagen\Mods\Stronghold Crusader DE\Meine Mods\Helpers\AIVParser\AIVParser.Tests\AIVParser.Tests.csproj]
C:\Program Files\dotnet\sdk\10.0.303\Microsoft.Common.CurrentVersion.targets(2453,5): warning MSB3277:           Elementincludes einer Projektdatei, die den Verweis "D:\CDesktopLink\Unterlagen\Mods\Stronghold Crusader DE\Meine Mods\shcde-script-extender\src\SHCDESE.BepInEx\bin\net481\RedBird.Core.dll" verursacht haben. [D:\CDesktopLink\Unterlagen\Mods\Stronghold Crusader DE\Meine Mods\Helpers\AIVParser\AIVParser.Tests\AIVParser.Tests.csproj]
C:\Program Files\dotnet\sdk\10.0.303\Microsoft.Common.CurrentVersion.targets(2453,5): warning MSB3277:             SHCDESE [D:\CDesktopLink\Unterlagen\Mods\Stronghold Crusader DE\Meine Mods\Helpers\AIVParser\AIVParser.Tests\AIVParser.Tests.csproj]
C:\Program Files\dotnet\sdk\10.0.303\Microsoft.Common.CurrentVersion.targets(2453,5): warning MSB3277:         D:\CDesktopLink\Unterlagen\Mods\Stronghold Crusader DE\Meine Mods\shcde-script-extender\src\SHCDESE.BepInEx\bin\net481\Lepo.i18n.Json.dll [D:\CDesktopLink\Unterlagen\Mods\Stronghold Crusader DE\Meine Mods\Helpers\AIVParser\AIVParser.Tests\AIVParser.Tests.csproj]
C:\Program Files\dotnet\sdk\10.0.303\Microsoft.Common.CurrentVersion.targets(2453,5): warning MSB3277:           Elementincludes einer Projektdatei, die den Verweis "D:\CDesktopLink\Unterlagen\Mods\Stronghold Crusader DE\Meine Mods\shcde-script-extender\src\SHCDESE.BepInEx\bin\net481\Lepo.i18n.Json.dll" verursacht haben. [D:\CDesktopLink\Unterlagen\Mods\Stronghold Crusader DE\Meine Mods\Helpers\AIVParser\AIVParser.Tests\AIVParser.Tests.csproj]
C:\Program Files\dotnet\sdk\10.0.303\Microsoft.Common.CurrentVersion.targets(2453,5): warning MSB3277:             SHCDESE [D:\CDesktopLink\Unterlagen\Mods\Stronghold Crusader DE\Meine Mods\Helpers\AIVParser\AIVParser.Tests\AIVParser.Tests.csproj]
C:\Program Files\dotnet\sdk\10.0.303\Microsoft.Common.CurrentVersion.targets(2453,5): warning MSB3277: Es wurden Konflikte zwischen verschiedenen Versionen von "System.Diagnostics.DiagnosticSource" gefunden, die nicht aufgelöst werden konnten. [D:\CDesktopLink\Unterlagen\Mods\Stronghold Crusader DE\Meine Mods\Helpers\AIVParser\AIVParser.Tests\AIVParser.Tests.csproj]
C:\Program Files\dotnet\sdk\10.0.303\Microsoft.Common.CurrentVersion.targets(2453,5): warning MSB3277: Konflikt zwischen System.Diagnostics.DiagnosticSource, Version=10.0.0.0, Culture=neutral, PublicKeyToken=cc7b13ffcd2ddd51 und System.Diagnostics.DiagnosticSource, Version=10.0.0.12, Culture=neutral, PublicKeyToken=cc7b13ffcd2ddd51. [D:\CDesktopLink\Unterlagen\Mods\Stronghold Crusader DE\Meine Mods\Helpers\AIVParser\AIVParser.Tests\AIVParser.Tests.csproj]
C:\Program Files\dotnet\sdk\10.0.303\Microsoft.Common.CurrentVersion.targets(2453,5): warning MSB3277:     System.Diagnostics.DiagnosticSource, Version=10.0.0.0, Culture=neutral, PublicKeyToken=cc7b13ffcd2ddd51 wurde aufgrund der primären Eigenschaft System.Diagnostics.DiagnosticSource, Version=10.0.0.12, Culture=neutral, PublicKeyToken=cc7b13ffcd2ddd51 vorgezogen. [D:\CDesktopLink\Unterlagen\Mods\Stronghold Crusader DE\Meine Mods\Helpers\AIVParser\AIVParser.Tests\AIVParser.Tests.csproj]
C:\Program Files\dotnet\sdk\10.0.303\Microsoft.Common.CurrentVersion.targets(2453,5): warning MSB3277:     Verweise, die von "System.Diagnostics.DiagnosticSource, Version=10.0.0.0, Culture=neutral, PublicKeyToken=cc7b13ffcd2ddd51" abhängig sind [C:\Program Files\dotnet\packs\Microsoft.NETCore.App.Ref\10.0.11\ref\net10.0\System.Diagnostics.DiagnosticSource.dll]. [D:\CDesktopLink\Unterlagen\Mods\Stronghold Crusader DE\Meine Mods\Helpers\AIVParser\AIVParser.Tests\AIVParser.Tests.csproj]
C:\Program Files\dotnet\sdk\10.0.303\Microsoft.Common.CurrentVersion.targets(2453,5): warning MSB3277:         C:\Program Files\dotnet\packs\Microsoft.NETCore.App.Ref\10.0.11\ref\net10.0\System.Diagnostics.DiagnosticSource.dll [D:\CDesktopLink\Unterlagen\Mods\Stronghold Crusader DE\Meine Mods\Helpers\AIVParser\AIVParser.Tests\AIVParser.Tests.csproj]
C:\Program Files\dotnet\sdk\10.0.303\Microsoft.Common.CurrentVersion.targets(2453,5): warning MSB3277:           Elementincludes einer Projektdatei, die den Verweis "C:\Program Files\dotnet\packs\Microsoft.NETCore.App.Ref\10.0.11\ref\net10.0\System.Diagnostics.DiagnosticSource.dll" verursacht haben. [D:\CDesktopLink\Unterlagen\Mods\Stronghold Crusader DE\Meine Mods\Helpers\AIVParser\AIVParser.Tests\AIVParser.Tests.csproj]
C:\Program Files\dotnet\sdk\10.0.303\Microsoft.Common.CurrentVersion.targets(2453,5): warning MSB3277:             C:\Program Files\dotnet\packs\Microsoft.NETCore.App.Ref\10.0.11\ref/net10.0/System.Diagnostics.DiagnosticSource.dll [D:\CDesktopLink\Unterlagen\Mods\Stronghold Crusader DE\Meine Mods\Helpers\AIVParser\AIVParser.Tests\AIVParser.Tests.csproj]
C:\Program Files\dotnet\sdk\10.0.303\Microsoft.Common.CurrentVersion.targets(2453,5): warning MSB3277:     Verweise, die von „System.Diagnostics.DiagnosticSource, Version=10.0.0.12, Culture=neutral, PublicKeyToken=cc7b13ffcd2ddd51“ [] abhängen oder damit vereint wurden. [D:\CDesktopLink\Unterlagen\Mods\Stronghold Crusader DE\Meine Mods\Helpers\AIVParser\AIVParser.Tests\AIVParser.Tests.csproj]
C:\Program Files\dotnet\sdk\10.0.303\Microsoft.Common.CurrentVersion.targets(2453,5): warning MSB3277:         D:\CDesktopLink\Unterlagen\Mods\Stronghold Crusader DE\Meine Mods\shcde-script-extender\src\SHCDESE.BepInEx\bin\net481\Microsoft.Extensions.Logging.Abstractions.dll [D:\CDesktopLink\Unterlagen\Mods\Stronghold Crusader DE\Meine Mods\Helpers\AIVParser\AIVParser.Tests\AIVParser.Tests.csproj]
C:\Program Files\dotnet\sdk\10.0.303\Microsoft.Common.CurrentVersion.targets(2453,5): warning MSB3277:           Elementincludes einer Projektdatei, die den Verweis "D:\CDesktopLink\Unterlagen\Mods\Stronghold Crusader DE\Meine Mods\shcde-script-extender\src\SHCDESE.BepInEx\bin\net481\Microsoft.Extensions.Logging.Abstractions.dll" verursacht haben. [D:\CDesktopLink\Unterlagen\Mods\Stronghold Crusader DE\Meine Mods\Helpers\AIVParser\AIVParser.Tests\AIVParser.Tests.csproj]
C:\Program Files\dotnet\sdk\10.0.303\Microsoft.Common.CurrentVersion.targets(2453,5): warning MSB3277:             SHCDESE [D:\CDesktopLink\Unterlagen\Mods\Stronghold Crusader DE\Meine Mods\Helpers\AIVParser\AIVParser.Tests\AIVParser.Tests.csproj]
C:\Program Files\dotnet\sdk\10.0.303\Microsoft.Common.CurrentVersion.targets(2453,5): warning MSB3277:         D:\CDesktopLink\Unterlagen\Mods\Stronghold Crusader DE\Meine Mods\shcde-script-extender\src\SHCDESE.BepInEx\bin\net481\Serilog.dll [D:\CDesktopLink\Unterlagen\Mods\Stronghold Crusader DE\Meine Mods\Helpers\AIVParser\AIVParser.Tests\AIVParser.Tests.csproj]
C:\Program Files\dotnet\sdk\10.0.303\Microsoft.Common.CurrentVersion.targets(2453,5): warning MSB3277:           Elementincludes einer Projektdatei, die den Verweis "D:\CDesktopLink\Unterlagen\Mods\Stronghold Crusader DE\Meine Mods\shcde-script-extender\src\SHCDESE.BepInEx\bin\net481\Serilog.dll" verursacht haben. [D:\CDesktopLink\Unterlagen\Mods\Stronghold Crusader DE\Meine Mods\Helpers\AIVParser\AIVParser.Tests\AIVParser.Tests.csproj]
C:\Program Files\dotnet\sdk\10.0.303\Microsoft.Common.CurrentVersion.targets(2453,5): warning MSB3277:             SHCDESE [D:\CDesktopLink\Unterlagen\Mods\Stronghold Crusader DE\Meine Mods\Helpers\AIVParser\AIVParser.Tests\AIVParser.Tests.csproj]
C:\Program Files\dotnet\sdk\10.0.303\Microsoft.Common.CurrentVersion.targets(2453,5): warning MSB3277:         D:\CDesktopLink\Unterlagen\Mods\Stronghold Crusader DE\Meine Mods\shcde-script-extender\src\SHCDESE.BepInEx\bin\net481\Serilog.Extensions.Logging.dll [D:\CDesktopLink\Unterlagen\Mods\Stronghold Crusader DE\Meine Mods\Helpers\AIVParser\AIVParser.Tests\AIVParser.Tests.csproj]
C:\Program Files\dotnet\sdk\10.0.303\Microsoft.Common.CurrentVersion.targets(2453,5): warning MSB3277:           Elementincludes einer Projektdatei, die den Verweis "D:\CDesktopLink\Unterlagen\Mods\Stronghold Crusader DE\Meine Mods\shcde-script-extender\src\SHCDESE.BepInEx\bin\net481\Serilog.Extensions.Logging.dll" verursacht haben. [D:\CDesktopLink\Unterlagen\Mods\Stronghold Crusader DE\Meine Mods\Helpers\AIVParser\AIVParser.Tests\AIVParser.Tests.csproj]
C:\Program Files\dotnet\sdk\10.0.303\Microsoft.Common.CurrentVersion.targets(2453,5): warning MSB3277:             SHCDESE [D:\CDesktopLink\Unterlagen\Mods\Stronghold Crusader DE\Meine Mods\Helpers\AIVParser\AIVParser.Tests\AIVParser.Tests.csproj]
C:\Program Files\dotnet\sdk\10.0.303\Microsoft.Common.CurrentVersion.targets(2453,5): warning MSB3277:         D:\CDesktopLink\Unterlagen\Mods\Stronghold Crusader DE\Meine Mods\shcde-script-extender\src\SHCDESE.BepInEx\bin\net481\Microsoft.Extensions.Logging.dll [D:\CDesktopLink\Unterlagen\Mods\Stronghold Crusader DE\Meine Mods\Helpers\AIVParser\AIVParser.Tests\AIVParser.Tests.csproj]
C:\Program Files\dotnet\sdk\10.0.303\Microsoft.Common.CurrentVersion.targets(2453,5): warning MSB3277:           Elementincludes einer Projektdatei, die den Verweis "D:\CDesktopLink\Unterlagen\Mods\Stronghold Crusader DE\Meine Mods\shcde-script-extender\src\SHCDESE.BepInEx\bin\net481\Microsoft.Extensions.Logging.dll" verursacht haben. [D:\CDesktopLink\Unterlagen\Mods\Stronghold Crusader DE\Meine Mods\Helpers\AIVParser\AIVParser.Tests\AIVParser.Tests.csproj]
C:\Program Files\dotnet\sdk\10.0.303\Microsoft.Common.CurrentVersion.targets(2453,5): warning MSB3277:             SHCDESE [D:\CDesktopLink\Unterlagen\Mods\Stronghold Crusader DE\Meine Mods\Helpers\AIVParser\AIVParser.Tests\AIVParser.Tests.csproj]
D:\CDesktopLink\Unterlagen\Mods\Stronghold Crusader DE\Meine Mods\CastlePlanner\src\AivJsonModels.cs(8,35): warning CS8618: Non-Nullable-Feld „frames“ muss beim Beenden des Konstruktors einen Wert ungleich NULL enthalten. Fügen Sie ggf. den „erforderlichen“ Modifizierer hinzu, oder deklarieren Sie den Feld als NULL-Werte zulassend. [D:\CDesktopLink\Unterlagen\Mods\Stronghold Crusader DE\Meine Mods\Helpers\AIVParser\AIVParser.Tests\AIVParser.Tests.csproj]
D:\CDesktopLink\Unterlagen\Mods\Stronghold Crusader DE\Meine Mods\CastlePlanner\src\AivJsonModels.cs(9,38): warning CS8618: Non-Nullable-Feld „miscItems“ muss beim Beenden des Konstruktors einen Wert ungleich NULL enthalten. Fügen Sie ggf. den „erforderlichen“ Modifizierer hinzu, oder deklarieren Sie den Feld als NULL-Werte zulassend. [D:\CDesktopLink\Unterlagen\Mods\Stronghold Crusader DE\Meine Mods\Helpers\AIVParser\AIVParser.Tests\AIVParser.Tests.csproj]
D:\CDesktopLink\Unterlagen\Mods\Stronghold Crusader DE\Meine Mods\CastlePlanner\src\AivJsonModels.cs(15,26): warning CS8618: Non-Nullable-Feld „tilePositionOfsets“ muss beim Beenden des Konstruktors einen Wert ungleich NULL enthalten. Fügen Sie ggf. den „erforderlichen“ Modifizierer hinzu, oder deklarieren Sie den Feld als NULL-Werte zulassend. [D:\CDesktopLink\Unterlagen\Mods\Stronghold Crusader DE\Meine Mods\Helpers\AIVParser\AIVParser.Tests\AIVParser.Tests.csproj]
D:\CDesktopLink\Unterlagen\Mods\Stronghold Crusader DE\Meine Mods\Helpers\AIVParser\AIVParser.Tests\Program.cs(1562,24): warning CS8602: Dereferenzierung eines möglichen Nullverweises. [D:\CDesktopLink\Unterlagen\Mods\Stronghold Crusader DE\Meine Mods\Helpers\AIVParser\AIVParser.Tests\AIVParser.Tests.csproj]
D:\CDesktopLink\Unterlagen\Mods\Stronghold Crusader DE\Meine Mods\CastlePlanner\src\AivJsonModels.cs(21,20): warning CS0649: Dem Feld "AivJsonMiscItem.positionOfset" wird nie etwas zugewiesen, und es hat immer seinen Standardwert von "0". [D:\CDesktopLink\Unterlagen\Mods\Stronghold Crusader DE\Meine Mods\Helpers\AIVParser\AIVParser.Tests\AIVParser.Tests.csproj]
D:\CDesktopLink\Unterlagen\Mods\Stronghold Crusader DE\Meine Mods\CastlePlanner\src\AivJsonModels.cs(23,20): warning CS0649: Dem Feld "AivJsonMiscItem.number" wird nie etwas zugewiesen, und es hat immer seinen Standardwert von "0". [D:\CDesktopLink\Unterlagen\Mods\Stronghold Crusader DE\Meine Mods\Helpers\AIVParser\AIVParser.Tests\AIVParser.Tests.csproj]
D:\CDesktopLink\Unterlagen\Mods\Stronghold Crusader DE\Meine Mods\CastlePlanner\src\AivJsonModels.cs(7,20): warning CS0649: Dem Feld "AivJsonDocument.pauseDelayAmount" wird nie etwas zugewiesen, und es hat immer seinen Standardwert von "0". [D:\CDesktopLink\Unterlagen\Mods\Stronghold Crusader DE\Meine Mods\Helpers\AIVParser\AIVParser.Tests\AIVParser.Tests.csproj]
D:\CDesktopLink\Unterlagen\Mods\Stronghold Crusader DE\Meine Mods\CastlePlanner\src\AivJsonModels.cs(22,20): warning CS0649: Dem Feld "AivJsonMiscItem.itemType" wird nie etwas zugewiesen, und es hat immer seinen Standardwert von "0". [D:\CDesktopLink\Unterlagen\Mods\Stronghold Crusader DE\Meine Mods\Helpers\AIVParser\AIVParser.Tests\AIVParser.Tests.csproj]
D:\CDesktopLink\Unterlagen\Mods\Stronghold Crusader DE\Meine Mods\CastlePlanner\src\AivJsonModels.cs(16,21): warning CS0649: Dem Feld "AivJsonFrame.shouldPause" wird nie etwas zugewiesen, und es hat immer seinen Standardwert von "false". [D:\CDesktopLink\Unterlagen\Mods\Stronghold Crusader DE\Meine Mods\Helpers\AIVParser\AIVParser.Tests\AIVParser.Tests.csproj]
  AIVParser.Tests -> D:\CDesktopLink\Unterlagen\Mods\Stronghold Crusader DE\Meine Mods\Helpers\AIVParser\AIVParser.Tests\bin\Release\net10.0\AIVParser.Tests.dll

Der Buildvorgang wurde erfolgreich ausgeführt.

C:\Program Files\dotnet\sdk\10.0.303\Microsoft.Common.CurrentVersion.targets(2453,5): warning MSB3277: Es wurden Konflikte zwischen verschiedenen Versionen von "System.Text.Json" gefunden, die nicht aufgelöst werden konnten. [D:\CDesktopLink\Unterlagen\Mods\Stronghold Crusader DE\Meine Mods\Helpers\AIVParser\AIVParser.Tests\AIVParser.Tests.csproj]
C:\Program Files\dotnet\sdk\10.0.303\Microsoft.Common.CurrentVersion.targets(2453,5): warning MSB3277: Konflikt zwischen System.Text.Json, Version=10.0.0.0, Culture=neutral, PublicKeyToken=cc7b13ffcd2ddd51 und System.Text.Json, Version=10.0.0.12, Culture=neutral, PublicKeyToken=cc7b13ffcd2ddd51. [D:\CDesktopLink\Unterlagen\Mods\Stronghold Crusader DE\Meine Mods\Helpers\AIVParser\AIVParser.Tests\AIVParser.Tests.csproj]
C:\Program Files\dotnet\sdk\10.0.303\Microsoft.Common.CurrentVersion.targets(2453,5): warning MSB3277:     System.Text.Json, Version=10.0.0.0, Culture=neutral, PublicKeyToken=cc7b13ffcd2ddd51 wurde aufgrund der primären Eigenschaft System.Text.Json, Version=10.0.0.12, Culture=neutral, PublicKeyToken=cc7b13ffcd2ddd51 vorgezogen. [D:\CDesktopLink\Unterlagen\Mods\Stronghold Crusader DE\Meine Mods\Helpers\AIVParser\AIVParser.Tests\AIVParser.Tests.csproj]
C:\Program Files\dotnet\sdk\10.0.303\Microsoft.Common.CurrentVersion.targets(2453,5): warning MSB3277:     Verweise, die von "System.Text.Json, Version=10.0.0.0, Culture=neutral, PublicKeyToken=cc7b13ffcd2ddd51" abhängig sind [C:\Program Files\dotnet\packs\Microsoft.NETCore.App.Ref\10.0.11\ref\net10.0\System.Text.Json.dll]. [D:\CDesktopLink\Unterlagen\Mods\Stronghold Crusader DE\Meine Mods\Helpers\AIVParser\AIVParser.Tests\AIVParser.Tests.csproj]
C:\Program Files\dotnet\sdk\10.0.303\Microsoft.Common.CurrentVersion.targets(2453,5): warning MSB3277:         C:\Program Files\dotnet\packs\Microsoft.NETCore.App.Ref\10.0.11\ref\net10.0\System.Text.Json.dll [D:\CDesktopLink\Unterlagen\Mods\Stronghold Crusader DE\Meine Mods\Helpers\AIVParser\AIVParser.Tests\AIVParser.Tests.csproj]
C:\Program Files\dotnet\sdk\10.0.303\Microsoft.Common.CurrentVersion.targets(2453,5): warning MSB3277:           Elementincludes einer Projektdatei, die den Verweis "C:\Program Files\dotnet\packs\Microsoft.NETCore.App.Ref\10.0.11\ref\net10.0\System.Text.Json.dll" verursacht haben. [D:\CDesktopLink\Unterlagen\Mods\Stronghold Crusader DE\Meine Mods\Helpers\AIVParser\AIVParser.Tests\AIVParser.Tests.csproj]
C:\Program Files\dotnet\sdk\10.0.303\Microsoft.Common.CurrentVersion.targets(2453,5): warning MSB3277:             C:\Program Files\dotnet\packs\Microsoft.NETCore.App.Ref\10.0.11\ref/net10.0/System.Text.Json.dll [D:\CDesktopLink\Unterlagen\Mods\Stronghold Crusader DE\Meine Mods\Helpers\AIVParser\AIVParser.Tests\AIVParser.Tests.csproj]
C:\Program Files\dotnet\sdk\10.0.303\Microsoft.Common.CurrentVersion.targets(2453,5): warning MSB3277:     Verweise, die von „System.Text.Json, Version=10.0.0.12, Culture=neutral, PublicKeyToken=cc7b13ffcd2ddd51“ [] abhängen oder damit vereint wurden. [D:\CDesktopLink\Unterlagen\Mods\Stronghold Crusader DE\Meine Mods\Helpers\AIVParser\AIVParser.Tests\AIVParser.Tests.csproj]
C:\Program Files\dotnet\sdk\10.0.303\Microsoft.Common.CurrentVersion.targets(2453,5): warning MSB3277:         D:\CDesktopLink\Unterlagen\Mods\Stronghold Crusader DE\Meine Mods\Helpers\AIVParser\AIVParser.Cli\bin\Release\net10.0\AIVParser.dll [D:\CDesktopLink\Unterlagen\Mods\Stronghold Crusader DE\Meine Mods\Helpers\AIVParser\AIVParser.Tests\AIVParser.Tests.csproj]
C:\Program Files\dotnet\sdk\10.0.303\Microsoft.Common.CurrentVersion.targets(2453,5): warning MSB3277:           Elementincludes einer Projektdatei, die den Verweis "D:\CDesktopLink\Unterlagen\Mods\Stronghold Crusader DE\Meine Mods\Helpers\AIVParser\AIVParser.Cli\bin\Release\net10.0\AIVParser.dll" verursacht haben. [D:\CDesktopLink\Unterlagen\Mods\Stronghold Crusader DE\Meine Mods\Helpers\AIVParser\AIVParser.Tests\AIVParser.Tests.csproj]
C:\Program Files\dotnet\sdk\10.0.303\Microsoft.Common.CurrentVersion.targets(2453,5): warning MSB3277:             D:\CDesktopLink\Unterlagen\Mods\Stronghold Crusader DE\Meine Mods\Helpers\AIVParser\AIVParser.Cli\bin\Release\net10.0\AIVParser.dll [D:\CDesktopLink\Unterlagen\Mods\Stronghold Crusader DE\Meine Mods\Helpers\AIVParser\AIVParser.Tests\AIVParser.Tests.csproj]
C:\Program Files\dotnet\sdk\10.0.303\Microsoft.Common.CurrentVersion.targets(2453,5): warning MSB3277:         D:\CDesktopLink\Unterlagen\Mods\Stronghold Crusader DE\Meine Mods\shcde-script-extender\src\SHCDESE.BepInEx\bin\net481\SHCDESE.dll [D:\CDesktopLink\Unterlagen\Mods\Stronghold Crusader DE\Meine Mods\Helpers\AIVParser\AIVParser.Tests\AIVParser.Tests.csproj]
C:\Program Files\dotnet\sdk\10.0.303\Microsoft.Common.CurrentVersion.targets(2453,5): warning MSB3277:           Elementincludes einer Projektdatei, die den Verweis "D:\CDesktopLink\Unterlagen\Mods\Stronghold Crusader DE\Meine Mods\shcde-script-extender\src\SHCDESE.BepInEx\bin\net481\SHCDESE.dll" verursacht haben. [D:\CDesktopLink\Unterlagen\Mods\Stronghold Crusader DE\Meine Mods\Helpers\AIVParser\AIVParser.Tests\AIVParser.Tests.csproj]
C:\Program Files\dotnet\sdk\10.0.303\Microsoft.Common.CurrentVersion.targets(2453,5): warning MSB3277:             SHCDESE [D:\CDesktopLink\Unterlagen\Mods\Stronghold Crusader DE\Meine Mods\Helpers\AIVParser\AIVParser.Tests\AIVParser.Tests.csproj]
C:\Program Files\dotnet\sdk\10.0.303\Microsoft.Common.CurrentVersion.targets(2453,5): warning MSB3277:         D:\CDesktopLink\Unterlagen\Mods\Stronghold Crusader DE\Meine Mods\shcde-script-extender\src\SHCDESE.BepInEx\bin\net481\RedBird.Core.dll [D:\CDesktopLink\Unterlagen\Mods\Stronghold Crusader DE\Meine Mods\Helpers\AIVParser\AIVParser.Tests\AIVParser.Tests.csproj]
C:\Program Files\dotnet\sdk\10.0.303\Microsoft.Common.CurrentVersion.targets(2453,5): warning MSB3277:           Elementincludes einer Projektdatei, die den Verweis "D:\CDesktopLink\Unterlagen\Mods\Stronghold Crusader DE\Meine Mods\shcde-script-extender\src\SHCDESE.BepInEx\bin\net481\RedBird.Core.dll" verursacht haben. [D:\CDesktopLink\Unterlagen\Mods\Stronghold Crusader DE\Meine Mods\Helpers\AIVParser\AIVParser.Tests\AIVParser.Tests.csproj]
C:\Program Files\dotnet\sdk\10.0.303\Microsoft.Common.CurrentVersion.targets(2453,5): warning MSB3277:             SHCDESE [D:\CDesktopLink\Unterlagen\Mods\Stronghold Crusader DE\Meine Mods\Helpers\AIVParser\AIVParser.Tests\AIVParser.Tests.csproj]
C:\Program Files\dotnet\sdk\10.0.303\Microsoft.Common.CurrentVersion.targets(2453,5): warning MSB3277:         D:\CDesktopLink\Unterlagen\Mods\Stronghold Crusader DE\Meine Mods\shcde-script-extender\src\SHCDESE.BepInEx\bin\net481\Lepo.i18n.Json.dll [D:\CDesktopLink\Unterlagen\Mods\Stronghold Crusader DE\Meine Mods\Helpers\AIVParser\AIVParser.Tests\AIVParser.Tests.csproj]
C:\Program Files\dotnet\sdk\10.0.303\Microsoft.Common.CurrentVersion.targets(2453,5): warning MSB3277:           Elementincludes einer Projektdatei, die den Verweis "D:\CDesktopLink\Unterlagen\Mods\Stronghold Crusader DE\Meine Mods\shcde-script-extender\src\SHCDESE.BepInEx\bin\net481\Lepo.i18n.Json.dll" verursacht haben. [D:\CDesktopLink\Unterlagen\Mods\Stronghold Crusader DE\Meine Mods\Helpers\AIVParser\AIVParser.Tests\AIVParser.Tests.csproj]
C:\Program Files\dotnet\sdk\10.0.303\Microsoft.Common.CurrentVersion.targets(2453,5): warning MSB3277:             SHCDESE [D:\CDesktopLink\Unterlagen\Mods\Stronghold Crusader DE\Meine Mods\Helpers\AIVParser\AIVParser.Tests\AIVParser.Tests.csproj]
C:\Program Files\dotnet\sdk\10.0.303\Microsoft.Common.CurrentVersion.targets(2453,5): warning MSB3277: Es wurden Konflikte zwischen verschiedenen Versionen von "System.Diagnostics.DiagnosticSource" gefunden, die nicht aufgelöst werden konnten. [D:\CDesktopLink\Unterlagen\Mods\Stronghold Crusader DE\Meine Mods\Helpers\AIVParser\AIVParser.Tests\AIVParser.Tests.csproj]
C:\Program Files\dotnet\sdk\10.0.303\Microsoft.Common.CurrentVersion.targets(2453,5): warning MSB3277: Konflikt zwischen System.Diagnostics.DiagnosticSource, Version=10.0.0.0, Culture=neutral, PublicKeyToken=cc7b13ffcd2ddd51 und System.Diagnostics.DiagnosticSource, Version=10.0.0.12, Culture=neutral, PublicKeyToken=cc7b13ffcd2ddd51. [D:\CDesktopLink\Unterlagen\Mods\Stronghold Crusader DE\Meine Mods\Helpers\AIVParser\AIVParser.Tests\AIVParser.Tests.csproj]
C:\Program Files\dotnet\sdk\10.0.303\Microsoft.Common.CurrentVersion.targets(2453,5): warning MSB3277:     System.Diagnostics.DiagnosticSource, Version=10.0.0.0, Culture=neutral, PublicKeyToken=cc7b13ffcd2ddd51 wurde aufgrund der primären Eigenschaft System.Diagnostics.DiagnosticSource, Version=10.0.0.12, Culture=neutral, PublicKeyToken=cc7b13ffcd2ddd51 vorgezogen. [D:\CDesktopLink\Unterlagen\Mods\Stronghold Crusader DE\Meine Mods\Helpers\AIVParser\AIVParser.Tests\AIVParser.Tests.csproj]
C:\Program Files\dotnet\sdk\10.0.303\Microsoft.Common.CurrentVersion.targets(2453,5): warning MSB3277:     Verweise, die von "System.Diagnostics.DiagnosticSource, Version=10.0.0.0, Culture=neutral, PublicKeyToken=cc7b13ffcd2ddd51" abhängig sind [C:\Program Files\dotnet\packs\Microsoft.NETCore.App.Ref\10.0.11\ref\net10.0\System.Diagnostics.DiagnosticSource.dll]. [D:\CDesktopLink\Unterlagen\Mods\Stronghold Crusader DE\Meine Mods\Helpers\AIVParser\AIVParser.Tests\AIVParser.Tests.csproj]
C:\Program Files\dotnet\sdk\10.0.303\Microsoft.Common.CurrentVersion.targets(2453,5): warning MSB3277:         C:\Program Files\dotnet\packs\Microsoft.NETCore.App.Ref\10.0.11\ref\net10.0\System.Diagnostics.DiagnosticSource.dll [D:\CDesktopLink\Unterlagen\Mods\Stronghold Crusader DE\Meine Mods\Helpers\AIVParser\AIVParser.Tests\AIVParser.Tests.csproj]
C:\Program Files\dotnet\sdk\10.0.303\Microsoft.Common.CurrentVersion.targets(2453,5): warning MSB3277:           Elementincludes einer Projektdatei, die den Verweis "C:\Program Files\dotnet\packs\Microsoft.NETCore.App.Ref\10.0.11\ref\net10.0\System.Diagnostics.DiagnosticSource.dll" verursacht haben. [D:\CDesktopLink\Unterlagen\Mods\Stronghold Crusader DE\Meine Mods\Helpers\AIVParser\AIVParser.Tests\AIVParser.Tests.csproj]
C:\Program Files\dotnet\sdk\10.0.303\Microsoft.Common.CurrentVersion.targets(2453,5): warning MSB3277:             C:\Program Files\dotnet\packs\Microsoft.NETCore.App.Ref\10.0.11\ref/net10.0/System.Diagnostics.DiagnosticSource.dll [D:\CDesktopLink\Unterlagen\Mods\Stronghold Crusader DE\Meine Mods\Helpers\AIVParser\AIVParser.Tests\AIVParser.Tests.csproj]
C:\Program Files\dotnet\sdk\10.0.303\Microsoft.Common.CurrentVersion.targets(2453,5): warning MSB3277:     Verweise, die von „System.Diagnostics.DiagnosticSource, Version=10.0.0.12, Culture=neutral, PublicKeyToken=cc7b13ffcd2ddd51“ [] abhängen oder damit vereint wurden. [D:\CDesktopLink\Unterlagen\Mods\Stronghold Crusader DE\Meine Mods\Helpers\AIVParser\AIVParser.Tests\AIVParser.Tests.csproj]
C:\Program Files\dotnet\sdk\10.0.303\Microsoft.Common.CurrentVersion.targets(2453,5): warning MSB3277:         D:\CDesktopLink\Unterlagen\Mods\Stronghold Crusader DE\Meine Mods\shcde-script-extender\src\SHCDESE.BepInEx\bin\net481\Microsoft.Extensions.Logging.Abstractions.dll [D:\CDesktopLink\Unterlagen\Mods\Stronghold Crusader DE\Meine Mods\Helpers\AIVParser\AIVParser.Tests\AIVParser.Tests.csproj]
C:\Program Files\dotnet\sdk\10.0.303\Microsoft.Common.CurrentVersion.targets(2453,5): warning MSB3277:           Elementincludes einer Projektdatei, die den Verweis "D:\CDesktopLink\Unterlagen\Mods\Stronghold Crusader DE\Meine Mods\shcde-script-extender\src\SHCDESE.BepInEx\bin\net481\Microsoft.Extensions.Logging.Abstractions.dll" verursacht haben. [D:\CDesktopLink\Unterlagen\Mods\Stronghold Crusader DE\Meine Mods\Helpers\AIVParser\AIVParser.Tests\AIVParser.Tests.csproj]
C:\Program Files\dotnet\sdk\10.0.303\Microsoft.Common.CurrentVersion.targets(2453,5): warning MSB3277:             SHCDESE [D:\CDesktopLink\Unterlagen\Mods\Stronghold Crusader DE\Meine Mods\Helpers\AIVParser\AIVParser.Tests\AIVParser.Tests.csproj]
C:\Program Files\dotnet\sdk\10.0.303\Microsoft.Common.CurrentVersion.targets(2453,5): warning MSB3277:         D:\CDesktopLink\Unterlagen\Mods\Stronghold Crusader DE\Meine Mods\shcde-script-extender\src\SHCDESE.BepInEx\bin\net481\Serilog.dll [D:\CDesktopLink\Unterlagen\Mods\Stronghold Crusader DE\Meine Mods\Helpers\AIVParser\AIVParser.Tests\AIVParser.Tests.csproj]
C:\Program Files\dotnet\sdk\10.0.303\Microsoft.Common.CurrentVersion.targets(2453,5): warning MSB3277:           Elementincludes einer Projektdatei, die den Verweis "D:\CDesktopLink\Unterlagen\Mods\Stronghold Crusader DE\Meine Mods\shcde-script-extender\src\SHCDESE.BepInEx\bin\net481\Serilog.dll" verursacht haben. [D:\CDesktopLink\Unterlagen\Mods\Stronghold Crusader DE\Meine Mods\Helpers\AIVParser\AIVParser.Tests\AIVParser.Tests.csproj]
C:\Program Files\dotnet\sdk\10.0.303\Microsoft.Common.CurrentVersion.targets(2453,5): warning MSB3277:             SHCDESE [D:\CDesktopLink\Unterlagen\Mods\Stronghold Crusader DE\Meine Mods\Helpers\AIVParser\AIVParser.Tests\AIVParser.Tests.csproj]
C:\Program Files\dotnet\sdk\10.0.303\Microsoft.Common.CurrentVersion.targets(2453,5): warning MSB3277:         D:\CDesktopLink\Unterlagen\Mods\Stronghold Crusader DE\Meine Mods\shcde-script-extender\src\SHCDESE.BepInEx\bin\net481\Serilog.Extensions.Logging.dll [D:\CDesktopLink\Unterlagen\Mods\Stronghold Crusader DE\Meine Mods\Helpers\AIVParser\AIVParser.Tests\AIVParser.Tests.csproj]
C:\Program Files\dotnet\sdk\10.0.303\Microsoft.Common.CurrentVersion.targets(2453,5): warning MSB3277:           Elementincludes einer Projektdatei, die den Verweis "D:\CDesktopLink\Unterlagen\Mods\Stronghold Crusader DE\Meine Mods\shcde-script-extender\src\SHCDESE.BepInEx\bin\net481\Serilog.Extensions.Logging.dll" verursacht haben. [D:\CDesktopLink\Unterlagen\Mods\Stronghold Crusader DE\Meine Mods\Helpers\AIVParser\AIVParser.Tests\AIVParser.Tests.csproj]
C:\Program Files\dotnet\sdk\10.0.303\Microsoft.Common.CurrentVersion.targets(2453,5): warning MSB3277:             SHCDESE [D:\CDesktopLink\Unterlagen\Mods\Stronghold Crusader DE\Meine Mods\Helpers\AIVParser\AIVParser.Tests\AIVParser.Tests.csproj]
C:\Program Files\dotnet\sdk\10.0.303\Microsoft.Common.CurrentVersion.targets(2453,5): warning MSB3277:         D:\CDesktopLink\Unterlagen\Mods\Stronghold Crusader DE\Meine Mods\shcde-script-extender\src\SHCDESE.BepInEx\bin\net481\Microsoft.Extensions.Logging.dll [D:\CDesktopLink\Unterlagen\Mods\Stronghold Crusader DE\Meine Mods\Helpers\AIVParser\AIVParser.Tests\AIVParser.Tests.csproj]
C:\Program Files\dotnet\sdk\10.0.303\Microsoft.Common.CurrentVersion.targets(2453,5): warning MSB3277:           Elementincludes einer Projektdatei, die den Verweis "D:\CDesktopLink\Unterlagen\Mods\Stronghold Crusader DE\Meine Mods\shcde-script-extender\src\SHCDESE.BepInEx\bin\net481\Microsoft.Extensions.Logging.dll" verursacht haben. [D:\CDesktopLink\Unterlagen\Mods\Stronghold Crusader DE\Meine Mods\Helpers\AIVParser\AIVParser.Tests\AIVParser.Tests.csproj]
C:\Program Files\dotnet\sdk\10.0.303\Microsoft.Common.CurrentVersion.targets(2453,5): warning MSB3277:             SHCDESE [D:\CDesktopLink\Unterlagen\Mods\Stronghold Crusader DE\Meine Mods\Helpers\AIVParser\AIVParser.Tests\AIVParser.Tests.csproj]
D:\CDesktopLink\Unterlagen\Mods\Stronghold Crusader DE\Meine Mods\CastlePlanner\src\AivJsonModels.cs(8,35): warning CS8618: Non-Nullable-Feld „frames“ muss beim Beenden des Konstruktors einen Wert ungleich NULL enthalten. Fügen Sie ggf. den „erforderlichen“ Modifizierer hinzu, oder deklarieren Sie den Feld als NULL-Werte zulassend. [D:\CDesktopLink\Unterlagen\Mods\Stronghold Crusader DE\Meine Mods\Helpers\AIVParser\AIVParser.Tests\AIVParser.Tests.csproj]
D:\CDesktopLink\Unterlagen\Mods\Stronghold Crusader DE\Meine Mods\CastlePlanner\src\AivJsonModels.cs(9,38): warning CS8618: Non-Nullable-Feld „miscItems“ muss beim Beenden des Konstruktors einen Wert ungleich NULL enthalten. Fügen Sie ggf. den „erforderlichen“ Modifizierer hinzu, oder deklarieren Sie den Feld als NULL-Werte zulassend. [D:\CDesktopLink\Unterlagen\Mods\Stronghold Crusader DE\Meine Mods\Helpers\AIVParser\AIVParser.Tests\AIVParser.Tests.csproj]
D:\CDesktopLink\Unterlagen\Mods\Stronghold Crusader DE\Meine Mods\CastlePlanner\src\AivJsonModels.cs(15,26): warning CS8618: Non-Nullable-Feld „tilePositionOfsets“ muss beim Beenden des Konstruktors einen Wert ungleich NULL enthalten. Fügen Sie ggf. den „erforderlichen“ Modifizierer hinzu, oder deklarieren Sie den Feld als NULL-Werte zulassend. [D:\CDesktopLink\Unterlagen\Mods\Stronghold Crusader DE\Meine Mods\Helpers\AIVParser\AIVParser.Tests\AIVParser.Tests.csproj]
D:\CDesktopLink\Unterlagen\Mods\Stronghold Crusader DE\Meine Mods\Helpers\AIVParser\AIVParser.Tests\Program.cs(1562,24): warning CS8602: Dereferenzierung eines möglichen Nullverweises. [D:\CDesktopLink\Unterlagen\Mods\Stronghold Crusader DE\Meine Mods\Helpers\AIVParser\AIVParser.Tests\AIVParser.Tests.csproj]
D:\CDesktopLink\Unterlagen\Mods\Stronghold Crusader DE\Meine Mods\CastlePlanner\src\AivJsonModels.cs(21,20): warning CS0649: Dem Feld "AivJsonMiscItem.positionOfset" wird nie etwas zugewiesen, und es hat immer seinen Standardwert von "0". [D:\CDesktopLink\Unterlagen\Mods\Stronghold Crusader DE\Meine Mods\Helpers\AIVParser\AIVParser.Tests\AIVParser.Tests.csproj]
D:\CDesktopLink\Unterlagen\Mods\Stronghold Crusader DE\Meine Mods\CastlePlanner\src\AivJsonModels.cs(23,20): warning CS0649: Dem Feld "AivJsonMiscItem.number" wird nie etwas zugewiesen, und es hat immer seinen Standardwert von "0". [D:\CDesktopLink\Unterlagen\Mods\Stronghold Crusader DE\Meine Mods\Helpers\AIVParser\AIVParser.Tests\AIVParser.Tests.csproj]
D:\CDesktopLink\Unterlagen\Mods\Stronghold Crusader DE\Meine Mods\CastlePlanner\src\AivJsonModels.cs(7,20): warning CS0649: Dem Feld "AivJsonDocument.pauseDelayAmount" wird nie etwas zugewiesen, und es hat immer seinen Standardwert von "0". [D:\CDesktopLink\Unterlagen\Mods\Stronghold Crusader DE\Meine Mods\Helpers\AIVParser\AIVParser.Tests\AIVParser.Tests.csproj]
D:\CDesktopLink\Unterlagen\Mods\Stronghold Crusader DE\Meine Mods\CastlePlanner\src\AivJsonModels.cs(22,20): warning CS0649: Dem Feld "AivJsonMiscItem.itemType" wird nie etwas zugewiesen, und es hat immer seinen Standardwert von "0". [D:\CDesktopLink\Unterlagen\Mods\Stronghold Crusader DE\Meine Mods\Helpers\AIVParser\AIVParser.Tests\AIVParser.Tests.csproj]
D:\CDesktopLink\Unterlagen\Mods\Stronghold Crusader DE\Meine Mods\CastlePlanner\src\AivJsonModels.cs(16,21): warning CS0649: Dem Feld "AivJsonFrame.shouldPause" wird nie etwas zugewiesen, und es hat immer seinen Standardwert von "false". [D:\CDesktopLink\Unterlagen\Mods\Stronghold Crusader DE\Meine Mods\Helpers\AIVParser\AIVParser.Tests\AIVParser.Tests.csproj]
    11 Warnung(en)
    0 Fehler

Verstrichene Zeit 00:00:02.95

Fuehre die automatischen Tests aus...

[10.10.2026  0:02:11,01] Run tests
[2026-10-10 00:02:11.737] [PASS] Decode offsets
[2026-10-10 00:02:11.748] [PASS] Rotate all four directions
[2026-10-10 00:02:11.757] [PASS] Resolve DE footprint sizes
[2026-10-10 00:02:11.761] [PASS] Resolve all special Blueprint icons
[2026-10-10 00:02:11.761] [PASS] Rotate Gatehouse Blueprint images with the map
[2026-10-10 00:02:11.762] [PASS] Resolve four Drawbridge image slots
[2026-10-10 00:02:11.770] [PASS] Associate Drawbridges with directional gates
[2026-10-10 00:02:11.846] [PASS] Orient Drawbridges across castle and camera rotations
[2026-10-10 00:02:11.850] [PASS] Associate all six stair pieces with common endpoints
[2026-10-10 00:02:11.851] [PASS] Resolve selected Blueprint help images
[2026-10-10 00:02:11.851] [PASS] Resolve lord-dependent Church skins
[2026-10-10 00:02:11.852] [PASS] Scale Blueprint sources independently
[2026-10-10 00:02:11.852] [PASS] Validate Blueprint calibration rules
[2026-10-10 00:02:11.853] [PASS] Expand reserved Blueprint grounds without moving icons
[2026-10-10 00:02:11.854] [PASS] Exclude Blueprint placement-ground sprites
[2026-10-10 00:02:11.854] [PASS] Align Blueprint visuals to footprint centres
[2026-10-10 00:02:11.854] [PASS] Exclude ground-only Blueprint capture variants
[2026-10-10 00:02:11.855] [PASS] Resolve Blueprint capture skins and views
[2026-10-10 00:02:11.856] [PASS] Parse and validate Blueprint image manifests
[2026-10-10 00:02:11.857] [PASS] Remap Blueprint depth rows
[2026-10-10 00:02:11.857] [PASS] Choose Blueprint sorting orders
[2026-10-10 00:02:11.857] [PASS] Toggle Blueprint ground markers from icon visibility
[2026-10-10 00:02:11.857] [PASS] Rotate footprints
[2026-10-10 00:02:11.858] [PASS] Resolve associated blocked areas
[2026-10-10 00:02:11.859] [PASS] Compute rotated keep deltas
[2026-10-10 00:02:11.859] [PASS] Project AIV coordinates into world tiles
[2026-10-10 00:02:11.862] [PASS] Project Blueprint rotations like Vanilla native fit
[2026-10-10 00:02:11.862] [PASS] Combine castle and camera rotations for Blueprint visuals
[2026-10-10 00:02:11.865] [PASS] Parse build order and multi-tile paths
[2026-10-10 00:02:11.868] [PASS] Accept Vanilla no-op and long frame sequences
[2026-10-10 00:02:11.869] [PASS] Normalize DE misc types
[2026-10-10 00:02:11.870] [PASS] Preserve unknown frame types and bound misc writes
[2026-10-10 00:02:11.870] [PASS] Accept empty misc array
[2026-10-10 00:02:11.870] [PASS] Reject missing required lists
[2026-10-10 00:02:11.870] [PASS] Reject empty and off-grid offsets
[2026-10-10 00:02:11.871] [PASS] Bound native misc aliases by their flattened buffer index
[2026-10-10 00:02:11.871] [PASS] Require exactly one keep
[2026-10-10 00:02:11.883] [PASS] Report malformed and extended JSON
[2026-10-10 00:02:12.018] [PASS] Write semantic JSON and self-contained SVG
[2026-10-10 00:02:12.018] [PASS] Summary: total=39, passed=39, failed=0

Build und Tests waren erfolgreich.
Der Parser liegt hier:
D:\CDesktopLink\Unterlagen\Mods\Stronghold Crusader DE\Meine Mods\Helpers\AIVParser\AIVParser.Cli\bin\Release\net10.0\AIVParser.exe

Die Anwendung wird in README.md erklaert.

[10.10.2026  0:02:12,05] END: exit code 0
