_inspect/BugfixesAndQoLNativeTests/Program.cs CRLF=1418 bareLF=0
_inspect/FormationIntegration/changed-dispatch.txt CRLF=7 bareLF=0
_inspect/FormationIntegration/changed-finish.txt CRLF=26 bareLF=0
_inspect/FormationIntegration/changed-refine.txt CRLF=8 bareLF=0
_inspect/FormationIntegration/changed-tests.txt CRLF=12 bareLF=0
_inspect/FormationIntegration/changed.txt CRLF=21 bareLF=0
_inspect/FormationIntegration/dispatch.py CRLF=78 bareLF=0
_inspect/FormationIntegration/finish-sources.py CRLF=22 bareLF=0
_inspect/FormationIntegration/integrate.py CRLF=328 bareLF=0
_inspect/FormationIntegration/Normalize-Text.ps1 CRLF=18 bareLF=0
_inspect/FormationIntegration/refine.py CRLF=49 bareLF=0
_inspect/FormationIntegration/Review-Comparison.py CRLF=21 bareLF=0
_inspect/FormationIntegration/Review.md CRLF=56 bareLF=0
_inspect/FormationIntegration/tests.py CRLF=173 bareLF=0
_inspect/FormationIntegration/Verify-Integration.ps1 CRLF=25 bareLF=0
_inspect/FormationIntegration/Verify-Interop.ps1 CRLF=80 bareLF=0
_inspect/Test-ShiftWorkBuffers.ps1 CRLF=115 bareLF=0
APIShared/APIShared.csproj CRLF=171 bareLF=0
APIShared/build.bat CRLF=90 bareLF=0
APIShared/src/APISharedPlugin.cs CRLF=78 bareLF=0
APIShared/src/UnitCommands/FormationModel.cs CRLF=770 bareLF=0
APIShared/src/UnitCommands/FormationOrderPacket.cs CRLF=94 bareLF=0
APIShared/src/UnitCommands/FormationPresentation.cs CRLF=47 bareLF=0
APIShared/src/UnitCommands/FormationPreviewMarkerModel.cs CRLF=38 bareLF=0
APIShared/src/UnitCommands/FormationReleaseStateModel.cs CRLF=67 bareLF=0
APIShared/src/UnitCommands/FormationRuntime.cs CRLF=2911 bareLF=0
APIShared/src/UnitCommands/GroundMovePreviewAuthorization.cs CRLF=77 bareLF=0
APIShared/src/UnitCommands/LargeMoveTargetMarkerRenderer.cs CRLF=507 bareLF=0
APIShared/src/UnitCommands/LargeMoveTargetOverflowModel.cs CRLF=126 bareLF=0
APIShared/src/UnitCommands/MoatPlacement.cs CRLF=471 bareLF=0
APIShared/src/UnitCommands/NativeFormationSlots.cs CRLF=208 bareLF=0
APIShared/src/UnitCommands/PermanentCommandHooks.cs CRLF=210 bareLF=0
APIShared/src/UnitCommands/QueueNativeContract.cs CRLF=115 bareLF=0
APIShared/src/UnitCommands/UnitCommandPathAPI.cs CRLF=44 bareLF=0
APIShared/src/UnitCommands/UnitCommandPathRuntime.cs CRLF=10361 bareLF=0
APIShared/src/UnitCommands/UnitMovementContext.cs CRLF=368 bareLF=0
APIShared/UpdateToNewDLL.md CRLF=184 bareLF=0
BugfixesAndQoL/BepInEx/plugins/BugfixesAndQoL_Serp/Locales/ar.txt CRLF=384 bareLF=0
BugfixesAndQoL/BepInEx/plugins/BugfixesAndQoL_Serp/Locales/cs-CZ.txt CRLF=384 bareLF=0
BugfixesAndQoL/BepInEx/plugins/BugfixesAndQoL_Serp/Locales/de-DE.txt CRLF=384 bareLF=0
BugfixesAndQoL/BepInEx/plugins/BugfixesAndQoL_Serp/Locales/el-GR.txt CRLF=384 bareLF=0
BugfixesAndQoL/BepInEx/plugins/BugfixesAndQoL_Serp/Locales/en-US.txt CRLF=384 bareLF=0
BugfixesAndQoL/BepInEx/plugins/BugfixesAndQoL_Serp/Locales/es-ES.txt CRLF=384 bareLF=0
BugfixesAndQoL/BepInEx/plugins/BugfixesAndQoL_Serp/Locales/fr-FR.txt CRLF=384 bareLF=0
BugfixesAndQoL/BepInEx/plugins/BugfixesAndQoL_Serp/Locales/hu-HU.txt CRLF=384 bareLF=0
BugfixesAndQoL/BepInEx/plugins/BugfixesAndQoL_Serp/Locales/it-IT.txt CRLF=384 bareLF=0
BugfixesAndQoL/BepInEx/plugins/BugfixesAndQoL_Serp/Locales/ja-JP.txt CRLF=384 bareLF=0
BugfixesAndQoL/BepInEx/plugins/BugfixesAndQoL_Serp/Locales/ko-KR.txt CRLF=384 bareLF=0
BugfixesAndQoL/BepInEx/plugins/BugfixesAndQoL_Serp/Locales/nl-NL.txt CRLF=384 bareLF=0
BugfixesAndQoL/BepInEx/plugins/BugfixesAndQoL_Serp/Locales/pl-PL.txt CRLF=384 bareLF=0
BugfixesAndQoL/BepInEx/plugins/BugfixesAndQoL_Serp/Locales/pt-BR.txt CRLF=384 bareLF=0
BugfixesAndQoL/BepInEx/plugins/BugfixesAndQoL_Serp/Locales/ru-RU.txt CRLF=384 bareLF=0
BugfixesAndQoL/BepInEx/plugins/BugfixesAndQoL_Serp/Locales/sv-SE.txt CRLF=384 bareLF=0
BugfixesAndQoL/BepInEx/plugins/BugfixesAndQoL_Serp/Locales/th-TH.txt CRLF=384 bareLF=0
BugfixesAndQoL/BepInEx/plugins/BugfixesAndQoL_Serp/Locales/tr-TR.txt CRLF=384 bareLF=0
BugfixesAndQoL/BepInEx/plugins/BugfixesAndQoL_Serp/Locales/uk-UA.txt CRLF=384 bareLF=0
BugfixesAndQoL/BepInEx/plugins/BugfixesAndQoL_Serp/Locales/zh-CN.txt CRLF=384 bareLF=0
BugfixesAndQoL/BepInEx/plugins/BugfixesAndQoL_Serp/Locales/zh-HK.txt CRLF=384 bareLF=0
BugfixesAndQoL/BepInEx/plugins/BugfixesAndQoL_Serp/Patches/Assets/GUI/XAML/IngameUIScreens.xaml CRLF=278 bareLF=0
BugfixesAndQoL/BepInEx/plugins/BugfixesAndQoL_Serp/Patches/Assets/GUI/XAMLResources/HUD_Troops.xaml CRLF=153 bareLF=0
BugfixesAndQoL/BugfixesAndQoL.csproj CRLF=344 bareLF=0
BugfixesAndQoL/build.bat CRLF=177 bareLF=0
BugfixesAndQoL/Locales/ar.txt CRLF=384 bareLF=0
BugfixesAndQoL/Locales/cs-CZ.txt CRLF=384 bareLF=0
BugfixesAndQoL/Locales/de-DE.txt CRLF=384 bareLF=0
BugfixesAndQoL/Locales/el-GR.txt CRLF=384 bareLF=0
BugfixesAndQoL/Locales/en-US.txt CRLF=384 bareLF=0
BugfixesAndQoL/Locales/es-ES.txt CRLF=384 bareLF=0
BugfixesAndQoL/Locales/fr-FR.txt CRLF=384 bareLF=0
BugfixesAndQoL/Locales/hu-HU.txt CRLF=384 bareLF=0
BugfixesAndQoL/Locales/it-IT.txt CRLF=384 bareLF=0
BugfixesAndQoL/Locales/ja-JP.txt CRLF=384 bareLF=0
BugfixesAndQoL/Locales/ko-KR.txt CRLF=384 bareLF=0
BugfixesAndQoL/Locales/nl-NL.txt CRLF=384 bareLF=0
BugfixesAndQoL/Locales/pl-PL.txt CRLF=384 bareLF=0
BugfixesAndQoL/Locales/pt-BR.txt CRLF=384 bareLF=0
BugfixesAndQoL/Locales/ru-RU.txt CRLF=384 bareLF=0
BugfixesAndQoL/Locales/sv-SE.txt CRLF=384 bareLF=0
BugfixesAndQoL/Locales/th-TH.txt CRLF=384 bareLF=0
BugfixesAndQoL/Locales/tr-TR.txt CRLF=384 bareLF=0
BugfixesAndQoL/Locales/uk-UA.txt CRLF=384 bareLF=0
BugfixesAndQoL/Locales/zh-CN.txt CRLF=384 bareLF=0
BugfixesAndQoL/Locales/zh-HK.txt CRLF=384 bareLF=0
BugfixesAndQoL/Patches/Assets/GUI/XAML/IngameUIScreens.xaml CRLF=278 bareLF=0
BugfixesAndQoL/Patches/Assets/GUI/XAMLResources/HUD_Troops.xaml CRLF=153 bareLF=0
BugfixesAndQoL/src/BugfixesAndQoLPlugin.cs CRLF=499 bareLF=0
BugfixesAndQoL/src/ExtendedShiftCommandQueueRuntime.cs CRLF=2644 bareLF=0
BugfixesAndQoL/src/FormationFeature.cs CRLF=88 bareLF=0
BugfixesAndQoL/src/FormationMenuViewModel.cs CRLF=308 bareLF=0
BugfixesAndQoL/src/FormationPreviewOverlay.cs CRLF=307 bareLF=0
BugfixesAndQoL/src/FormationSelectionMigration.cs CRLF=47 bareLF=0
BugfixesAndQoL/src/LargeMoveTargetMarkerRuntime.cs CRLF=114 bareLF=0
BugfixesAndQoL/Test-SpectatorPerspectivePreflight.ps1 CRLF=263 bareLF=0
BugfixesAndQoL/tests/ExtendedShiftCommandQueue.Tests/ExtendedShiftCommandQueue.Tests.csproj CRLF=16 bareLF=0
BugfixesAndQoL/tests/ExtendedShiftCommandQueue.Tests/Program.cs CRLF=1197 bareLF=0
BugfixesAndQoL/tests/Formations.Tests/Formations.Tests.csproj CRLF=51 bareLF=0
BugfixesAndQoL/tests/Formations.Tests/NativeDetourEntryContract.cs CRLF=99 bareLF=0
BugfixesAndQoL/tests/Formations.Tests/Program.cs CRLF=1191 bareLF=0
BugfixesAndQoL/tests/FriendlyMoatMovement.Tests/FillFormationTests.cs CRLF=489 bareLF=0
BugfixesAndQoL/tests/FriendlyMoatMovement.Tests/ManualHarness.cs CRLF=345 bareLF=0
BugfixesAndQoL/tests/FriendlyMoatMovement.Tests/Program.cs CRLF=57 bareLF=0
BugfixesAndQoL/tests/FriendlyMoatMovement.Tests/RuntimeHarness.cs CRLF=1237 bareLF=0
BugfixesAndQoL/tests/Program.cs CRLF=6160 bareLF=0
BugfixesAndQoL/UpdateToNewDLL.md CRLF=448 bareLF=0
Shared/UnitCommandSourceChecks/Program.cs CRLF=125 bareLF=0
Testmods/MoatMove/src/MoatMoveOptions.cs CRLF=28 bareLF=0
