MSBuild-Version 17.11.9+a69bbaaf5 für .NET Framework
Der Buildvorgang wurde am 10.08.2026 14:12:28 gestartet.

Projekt "D:\CDesktopLink\Unterlagen\Mods\Stronghold Crusader DE\Meine Mods\ExtraFeatures\ExtraFeatures.csproj" auf Knoten "1" (Standardziele).
PrepareForBuild:
  Das Verzeichnis "BepInEx\plugins\ExtraFeatures_Serp\" wird erstellt.
GenerateTargetFrameworkMonikerAttribute:
Das Ziel "GenerateTargetFrameworkMonikerAttribute" wird übersprungen, da alle Ausgabedateien hinsichtlich der Eingabedateien aktuell sind.
CoreCompile:
Das Ziel "CoreCompile" wird übersprungen, da alle Ausgabedateien hinsichtlich der Eingabedateien aktuell sind.
_CopyOutOfDateSourceItemsToOutputDirectory:
  Das Verzeichnis "BepInEx\plugins\ExtraFeatures_Serp\Locales" wird erstellt.
  Das Verzeichnis "BepInEx\plugins\ExtraFeatures_Serp\Locales" wird erstellt.
  Das Verzeichnis "BepInEx\plugins\ExtraFeatures_Serp\Locales" wird erstellt.
  Das Verzeichnis "BepInEx\plugins\ExtraFeatures_Serp\Locales" wird erstellt.
  Die Datei wird von "D:\CDesktopLink\Unterlagen\Mods\Stronghold Crusader DE\Meine Mods\ExtraFeatures\Locales\de-DE.txt" in "D:\CDesktopLink\Unterlagen\Mods\Stronghold Crusader DE\Meine Mods\ExtraFeatures\BepInEx\plugins\ExtraFeatures_Serp\Locales\de-DE.txt" kopiert.
  Die Datei wird von "D:\CDesktopLink\Unterlagen\Mods\Stronghold Crusader DE\Meine Mods\ExtraFeatures\Locales\el-GR.txt" in "D:\CDesktopLink\Unterlagen\Mods\Stronghold Crusader DE\Meine Mods\ExtraFeatures\BepInEx\plugins\ExtraFeatures_Serp\Locales\el-GR.txt" kopiert.
  Das Verzeichnis "BepInEx\plugins\ExtraFeatures_Serp\Locales" wird erstellt.
  Die Datei wird von "D:\CDesktopLink\Unterlagen\Mods\Stronghold Crusader DE\Meine Mods\ExtraFeatures\Locales\es-ES.txt" in "D:\CDesktopLink\Unterlagen\Mods\Stronghold Crusader DE\Meine Mods\ExtraFeatures\BepInEx\plugins\ExtraFeatures_Serp\Locales\es-ES.txt" kopiert.
  Die Datei wird von "D:\CDesktopLink\Unterlagen\Mods\Stronghold Crusader DE\Meine Mods\ExtraFeatures\Locales\cs-CZ.txt" in "D:\CDesktopLink\Unterlagen\Mods\Stronghold Crusader DE\Meine Mods\ExtraFeatures\BepInEx\plugins\ExtraFeatures_Serp\Locales\cs-CZ.txt" kopiert.
  Die Datei wird von "D:\CDesktopLink\Unterlagen\Mods\Stronghold Crusader DE\Meine Mods\ExtraFeatures\Locales\ar.txt" in "D:\CDesktopLink\Unterlagen\Mods\Stronghold Crusader DE\Meine Mods\ExtraFeatures\BepInEx\plugins\ExtraFeatures_Serp\Locales\ar.txt" kopiert.
  Das Verzeichnis "BepInEx\plugins\ExtraFeatures_Serp\Locales" wird erstellt.
  Die Datei wird von "D:\CDesktopLink\Unterlagen\Mods\Stronghold Crusader DE\Meine Mods\ExtraFeatures\Locales\en-US.txt" in "D:\CDesktopLink\Unterlagen\Mods\Stronghold Crusader DE\Meine Mods\ExtraFeatures\BepInEx\plugins\ExtraFeatures_Serp\Locales\en-US.txt" kopiert.
  Die Datei wird von "D:\CDesktopLink\Unterlagen\Mods\Stronghold Crusader DE\Meine Mods\ExtraFeatures\Locales\it-IT.txt" in "D:\CDesktopLink\Unterlagen\Mods\Stronghold Crusader DE\Meine Mods\ExtraFeatures\BepInEx\plugins\ExtraFeatures_Serp\Locales\it-IT.txt" kopiert.
  Die Datei wird von "D:\CDesktopLink\Unterlagen\Mods\Stronghold Crusader DE\Meine Mods\ExtraFeatures\Locales\fr-FR.txt" in "D:\CDesktopLink\Unterlagen\Mods\Stronghold Crusader DE\Meine Mods\ExtraFeatures\BepInEx\plugins\ExtraFeatures_Serp\Locales\fr-FR.txt" kopiert.
  Die Datei wird von "D:\CDesktopLink\Unterlagen\Mods\Stronghold Crusader DE\Meine Mods\ExtraFeatures\Locales\ko-KR.txt" in "D:\CDesktopLink\Unterlagen\Mods\Stronghold Crusader DE\Meine Mods\ExtraFeatures\BepInEx\plugins\ExtraFeatures_Serp\Locales\ko-KR.txt" kopiert.
  Die Datei wird von "D:\CDesktopLink\Unterlagen\Mods\Stronghold Crusader DE\Meine Mods\ExtraFeatures\Locales\hu-HU.txt" in "D:\CDesktopLink\Unterlagen\Mods\Stronghold Crusader DE\Meine Mods\ExtraFeatures\BepInEx\plugins\ExtraFeatures_Serp\Locales\hu-HU.txt" kopiert.
  Die Datei wird von "D:\CDesktopLink\Unterlagen\Mods\Stronghold Crusader DE\Meine Mods\ExtraFeatures\Locales\nl-NL.txt" in "D:\CDesktopLink\Unterlagen\Mods\Stronghold Crusader DE\Meine Mods\ExtraFeatures\BepInEx\plugins\ExtraFeatures_Serp\Locales\nl-NL.txt" kopiert.
  Die Datei wird von "D:\CDesktopLink\Unterlagen\Mods\Stronghold Crusader DE\Meine Mods\ExtraFeatures\Locales\pl-PL.txt" in "D:\CDesktopLink\Unterlagen\Mods\Stronghold Crusader DE\Meine Mods\ExtraFeatures\BepInEx\plugins\ExtraFeatures_Serp\Locales\pl-PL.txt" kopiert.
  Die Datei wird von "D:\CDesktopLink\Unterlagen\Mods\Stronghold Crusader DE\Meine Mods\ExtraFeatures\Locales\ja-JP.txt" in "D:\CDesktopLink\Unterlagen\Mods\Stronghold Crusader DE\Meine Mods\ExtraFeatures\BepInEx\plugins\ExtraFeatures_Serp\Locales\ja-JP.txt" kopiert.
  Die Datei wird von "D:\CDesktopLink\Unterlagen\Mods\Stronghold Crusader DE\Meine Mods\ExtraFeatures\Locales\ru-RU.txt" in "D:\CDesktopLink\Unterlagen\Mods\Stronghold Crusader DE\Meine Mods\ExtraFeatures\BepInEx\plugins\ExtraFeatures_Serp\Locales\ru-RU.txt" kopiert.
  Die Datei wird von "D:\CDesktopLink\Unterlagen\Mods\Stronghold Crusader DE\Meine Mods\ExtraFeatures\Locales\pt-BR.txt" in "D:\CDesktopLink\Unterlagen\Mods\Stronghold Crusader DE\Meine Mods\ExtraFeatures\BepInEx\plugins\ExtraFeatures_Serp\Locales\pt-BR.txt" kopiert.
  Die Datei wird von "D:\CDesktopLink\Unterlagen\Mods\Stronghold Crusader DE\Meine Mods\ExtraFeatures\Locales\sv-SE.txt" in "D:\CDesktopLink\Unterlagen\Mods\Stronghold Crusader DE\Meine Mods\ExtraFeatures\BepInEx\plugins\ExtraFeatures_Serp\Locales\sv-SE.txt" kopiert.
  Die Datei wird von "D:\CDesktopLink\Unterlagen\Mods\Stronghold Crusader DE\Meine Mods\ExtraFeatures\Locales\th-TH.txt" in "D:\CDesktopLink\Unterlagen\Mods\Stronghold Crusader DE\Meine Mods\ExtraFeatures\BepInEx\plugins\ExtraFeatures_Serp\Locales\th-TH.txt" kopiert.
  Die Datei wird von "D:\CDesktopLink\Unterlagen\Mods\Stronghold Crusader DE\Meine Mods\ExtraFeatures\Locales\tr-TR.txt" in "D:\CDesktopLink\Unterlagen\Mods\Stronghold Crusader DE\Meine Mods\ExtraFeatures\BepInEx\plugins\ExtraFeatures_Serp\Locales\tr-TR.txt" kopiert.
  Die Datei wird von "D:\CDesktopLink\Unterlagen\Mods\Stronghold Crusader DE\Meine Mods\ExtraFeatures\Locales\uk-UA.txt" in "D:\CDesktopLink\Unterlagen\Mods\Stronghold Crusader DE\Meine Mods\ExtraFeatures\BepInEx\plugins\ExtraFeatures_Serp\Locales\uk-UA.txt" kopiert.
  Die Datei wird von "D:\CDesktopLink\Unterlagen\Mods\Stronghold Crusader DE\Meine Mods\ExtraFeatures\Locales\zh-CN.txt" in "D:\CDesktopLink\Unterlagen\Mods\Stronghold Crusader DE\Meine Mods\ExtraFeatures\BepInEx\plugins\ExtraFeatures_Serp\Locales\zh-CN.txt" kopiert.
  Die Datei wird von "D:\CDesktopLink\Unterlagen\Mods\Stronghold Crusader DE\Meine Mods\ExtraFeatures\Locales\zh-HK.txt" in "D:\CDesktopLink\Unterlagen\Mods\Stronghold Crusader DE\Meine Mods\ExtraFeatures\BepInEx\plugins\ExtraFeatures_Serp\Locales\zh-HK.txt" kopiert.
  Das Verzeichnis "BepInEx\plugins\ExtraFeatures_Serp\Patches\Assets\GUI\XAMLResources" wird erstellt.
  Das Verzeichnis "BepInEx\plugins\ExtraFeatures_Serp\Patches\Assets\GUI\XAMLResources" wird erstellt.
  Die Datei wird von "D:\CDesktopLink\Unterlagen\Mods\Stronghold Crusader DE\Meine Mods\ExtraFeatures\Patches\Assets\GUI\XAMLResources\HUD_Buildings.xaml" in "D:\CDesktopLink\Unterlagen\Mods\Stronghold Crusader DE\Meine Mods\ExtraFeatures\BepInEx\plugins\ExtraFeatures_Serp\Patches\Assets\GUI\XAMLResources\HUD_Buildings.xaml" kopiert.
  Die Datei wird von "D:\CDesktopLink\Unterlagen\Mods\Stronghold Crusader DE\Meine Mods\ExtraFeatures\Patches\Assets\GUI\XAMLResources\HUD_Troops.xaml" in "D:\CDesktopLink\Unterlagen\Mods\Stronghold Crusader DE\Meine Mods\ExtraFeatures\BepInEx\plugins\ExtraFeatures_Serp\Patches\Assets\GUI\XAMLResources\HUD_Troops.xaml" kopiert.
CopyFilesToOutputDirectory:
  Die Datei wird von "D:\CDesktopLink\Unterlagen\Mods\Stronghold Crusader DE\Meine Mods\ExtraFeatures\obj\Debug\ExtraFeatures.dll" in "D:\CDesktopLink\Unterlagen\Mods\Stronghold Crusader DE\Meine Mods\ExtraFeatures\BepInEx\plugins\ExtraFeatures_Serp\ExtraFeatures.dll" kopiert.
  ExtraFeatures -> D:\CDesktopLink\Unterlagen\Mods\Stronghold Crusader DE\Meine Mods\ExtraFeatures\BepInEx\plugins\ExtraFeatures_Serp\ExtraFeatures.dll
  Die Datei wird von "D:\CDesktopLink\Unterlagen\Mods\Stronghold Crusader DE\Meine Mods\ExtraFeatures\obj\Debug\ExtraFeatures.pdb" in "D:\CDesktopLink\Unterlagen\Mods\Stronghold Crusader DE\Meine Mods\ExtraFeatures\BepInEx\plugins\ExtraFeatures_Serp\ExtraFeatures.pdb" kopiert.
Die Erstellung von Projekt "D:\CDesktopLink\Unterlagen\Mods\Stronghold Crusader DE\Meine Mods\ExtraFeatures\ExtraFeatures.csproj" ist abgeschlossen (Standardziele).

Der Buildvorgang wurde erfolgreich ausgeführt.
    0 Warnung(en)
    0 Fehler

Verstrichene Zeit 00:00:00.18
Build und Installation von Extra Features erfolgreich.
