2026-09-01 15:10:12 INFO  (LoggingInitialization) Using log config file: jar:file:/D:/CDesktopLink/Unterlagen/Mods/Stronghold%20Crusader%20DE/Meine%20Mods/.tools/ghidra-12.1.3/ghidra_12.1.3_PUBLIC/Ghidra/Framework/Generic/lib/Generic.jar!/generic.log4j.xml  
2026-09-01 15:10:12 INFO  (LoggingInitialization) Using log file: D:\CDesktopLink\Unterlagen\Mods\Stronghold Crusader DE\Meine Mods\_inspect\CrusaderDE-Native-Baseline\FBCB93195FC7EFCA9BDAC5204852EFDD76F9818F59A6711750D77C9CEF2831E2\semantic\logs\ghidra-semantic.log  
2026-09-01 15:10:12 DEBUG (GhidraObjectInputFilter) Including serial input filter: FileSystem/data/client.rmi.serial.filter  
2026-09-01 15:10:12 INFO  (Preferences) Loading user preferences: C:\Users\Serpens66\AppData\Roaming\ghidra\ghidra_12.1.3_PUBLIC\preferences  
2026-09-01 15:10:12 INFO  (ClassSearcher) Searching for classes...  
2026-09-01 15:10:13 INFO  (ClassSearcher) Class search complete (644 ms)  
2026-09-01 15:10:13 INFO  (DefaultSSLContextInitializer) Initializing SSL Context  
2026-09-01 15:10:13 INFO  (SecureRandomFactory) Initializing Random Number Generator...  
2026-09-01 15:10:13 INFO  (SecureRandomFactory) Random Number Generator initialization complete: SHA1PRNG  
2026-09-01 15:10:13 INFO  (DefaultTrustManagerFactory) Trust manager disabled, cacerts have not been set  
2026-09-01 15:10:14 INFO  (AnalyzeHeadless) Headless startup complete (4721 ms)  
2026-09-01 15:10:14 INFO  (ClassSearcher) Class searcher loaded 59 extension points (20 false positives)  
2026-09-01 15:10:14 INFO  (HeadlessAnalyzer) HEADLESS Script Paths:
    D:\CDesktopLink\Unterlagen\Mods\Stronghold Crusader DE\Meine Mods\.tools\ghidra-12.1.3\ghidra_12.1.3_PUBLIC\Ghidra\Processors\PIC\ghidra_scripts
    D:\CDesktopLink\Unterlagen\Mods\Stronghold Crusader DE\Meine Mods\.tools\ghidra-12.1.3\ghidra_12.1.3_PUBLIC\Ghidra\Features\GnuDemangler\ghidra_scripts
    D:\CDesktopLink\Unterlagen\Mods\Stronghold Crusader DE\Meine Mods\.tools\ghidra-12.1.3\ghidra_12.1.3_PUBLIC\Ghidra\Processors\Atmel\ghidra_scripts
    D:\CDesktopLink\Unterlagen\Mods\Stronghold Crusader DE\Meine Mods\.tools\ghidra-12.1.3\ghidra_12.1.3_PUBLIC\Ghidra\Processors\DATA\ghidra_scripts
    D:\CDesktopLink\Unterlagen\Mods\Stronghold Crusader DE\Meine Mods\.tools\ghidra-12.1.3\ghidra_12.1.3_PUBLIC\Ghidra\Features\BytePatterns\ghidra_scripts
    D:\CDesktopLink\Unterlagen\Mods\Stronghold Crusader DE\Meine Mods\.tools\ghidra-12.1.3\ghidra_12.1.3_PUBLIC\Ghidra\Features\Decompiler\ghidra_scripts
    D:\CDesktopLink\Unterlagen\Mods\Stronghold Crusader DE\Meine Mods\.tools\ghidra-12.1.3\ghidra_12.1.3_PUBLIC\Ghidra\Debug\Debugger-rmi-trace\ghidra_scripts
    D:\CDesktopLink\Unterlagen\Mods\Stronghold Crusader DE\Meine Mods\.tools\ghidra-12.1.3\ghidra_12.1.3_PUBLIC\Ghidra\Features\Base\ghidra_scripts
    D:\CDesktopLink\Unterlagen\Mods\Stronghold Crusader DE\Meine Mods\.tools\ghidra-12.1.3\ghidra_12.1.3_PUBLIC\Ghidra\Features\PDB\ghidra_scripts
    D:\CDesktopLink\Unterlagen\Mods\Stronghold Crusader DE\Meine Mods\.tools\ghidra-12.1.3\ghidra_12.1.3_PUBLIC\Ghidra\Features\WildcardAssembler\ghidra_scripts
    D:\CDesktopLink\Unterlagen\Mods\Stronghold Crusader DE\Meine Mods\.tools\ghidra-12.1.3\ghidra_12.1.3_PUBLIC\Ghidra\Features\BSim\ghidra_scripts
    D:\CDesktopLink\Unterlagen\Mods\Stronghold Crusader DE\Meine Mods\.tools\ghidra-12.1.3\ghidra_12.1.3_PUBLIC\Ghidra\Features\FunctionID\ghidra_scripts
    D:\CDesktopLink\Unterlagen\Mods\Stronghold Crusader DE\Meine Mods\.tools\ghidra-12.1.3\ghidra_12.1.3_PUBLIC\Ghidra\Features\VersionTracking\ghidra_scripts
    D:\CDesktopLink\Unterlagen\Mods\Stronghold Crusader DE\Meine Mods\_inspect\CrusaderDE-Native-Baseline\tools\semantic
    D:\CDesktopLink\Unterlagen\Mods\Stronghold Crusader DE\Meine Mods\.tools\ghidra-12.1.3\ghidra_12.1.3_PUBLIC\Ghidra\Features\FileFormats\ghidra_scripts
    D:\CDesktopLink\Unterlagen\Mods\Stronghold Crusader DE\Meine Mods\.tools\ghidra-12.1.3\ghidra_12.1.3_PUBLIC\Ghidra\Features\DecompilerDependent\ghidra_scripts
    D:\CDesktopLink\Unterlagen\Mods\Stronghold Crusader DE\Meine Mods\.tools\ghidra-12.1.3\ghidra_12.1.3_PUBLIC\Ghidra\Features\SwiftDemangler\ghidra_scripts
    D:\CDesktopLink\Unterlagen\Mods\Stronghold Crusader DE\Meine Mods\.tools\ghidra-12.1.3\ghidra_12.1.3_PUBLIC\Ghidra\Debug\Debugger\ghidra_scripts
    D:\CDesktopLink\Unterlagen\Mods\Stronghold Crusader DE\Meine Mods\.tools\ghidra-12.1.3\ghidra_12.1.3_PUBLIC\Ghidra\Features\SystemEmulation\ghidra_scripts
    D:\CDesktopLink\Unterlagen\Mods\Stronghold Crusader DE\Meine Mods\.tools\ghidra-12.1.3\ghidra_12.1.3_PUBLIC\Ghidra\Processors\8051\ghidra_scripts
    D:\CDesktopLink\Unterlagen\Mods\Stronghold Crusader DE\Meine Mods\.tools\ghidra-12.1.3\ghidra_12.1.3_PUBLIC\Ghidra\Features\PyGhidra\ghidra_scripts
    D:\CDesktopLink\Unterlagen\Mods\Stronghold Crusader DE\Meine Mods\.tools\ghidra-12.1.3\ghidra_12.1.3_PUBLIC\Ghidra\Processors\JVM\ghidra_scripts
    D:\CDesktopLink\Unterlagen\Mods\Stronghold Crusader DE\Meine Mods\.tools\ghidra-12.1.3\ghidra_12.1.3_PUBLIC\Ghidra\Features\MicrosoftCodeAnalyzer\ghidra_scripts  
2026-09-01 15:10:14 INFO  (HeadlessAnalyzer) HEADLESS: execution starts  
2026-09-01 15:10:14 INFO  (HeadlessAnalyzer) Opening existing project: D:\CDesktopLink\Unterlagen\Mods\Stronghold Crusader DE\Meine Mods\_inspect\CrusaderDE-Native-Baseline\FBCB93195FC7EFCA9BDAC5204852EFDD76F9818F59A6711750D77C9CEF2831E2\semantic\ghidra\CrusaderDE-Semantic  
2026-09-01 15:10:14 INFO  (HeadlessProject) Opening project: D:\CDesktopLink\Unterlagen\Mods\Stronghold Crusader DE\Meine Mods\_inspect\CrusaderDE-Native-Baseline\FBCB93195FC7EFCA9BDAC5204852EFDD76F9818F59A6711750D77C9CEF2831E2\semantic\ghidra\CrusaderDE-Semantic  
2026-09-01 15:10:16 INFO  (HeadlessAnalyzer) REPORT: Processing project file: /CrusaderDE.dll  
2026-09-01 15:10:16 INFO  (HeadlessAnalyzer) REPORT: Execute script: ApplyCrusaderSemantics.java 'D:\CDesktopLink\Unterlagen\Mods\Stronghold Crusader DE\Meine Mods\_inspect\CrusaderDE-Native-Baseline\FBCB93195FC7EFCA9BDAC5204852EFDD76F9818F59A6711750D77C9CEF2831E2\semantic\sources\aob-labels.tsv' 'D:\CDesktopLink\Unterlagen\Mods\Stronghold Crusader DE\Meine Mods\_inspect\CrusaderDE-Native-Baseline\FBCB93195FC7EFCA9BDAC5204852EFDD76F9818F59A6711750D77C9CEF2831E2\semantic\sources\pinvoke-prototypes.tsv' 'D:\CDesktopLink\Unterlagen\Mods\Stronghold Crusader DE\Meine Mods\_inspect\CrusaderDE-Native-Baseline\FBCB93195FC7EFCA9BDAC5204852EFDD76F9818F59A6711750D77C9CEF2831E2\semantic\sources\script-extender-types.h' 'D:\CDesktopLink\Unterlagen\Mods\Stronghold Crusader DE\Meine Mods\_inspect\CrusaderDE-Native-Baseline\FBCB93195FC7EFCA9BDAC5204852EFDD76F9818F59A6711750D77C9CEF2831E2\semantic\sources\CrusaderDE-ScriptExtender.gdt' 'D:\CDesktopLink\Unterlagen\Mods\Stronghold Crusader DE\Meine Mods\_inspect\CrusaderDE-Native-Baseline\FBCB93195FC7EFCA9BDAC5204852EFDD76F9818F59A6711750D77C9CEF2831E2\semantic\exports\applied-labels.json'   
2026-09-01 15:10:17 ERROR (HeadlessAnalyzer) REPORT SCRIPT ERROR: ApplyCrusaderSemantics.java : The class could not be found. It must be the public class of the .java file: ApplyCrusaderSemantics not found by 7c14fd66 [1] ghidra.app.script.GhidraScriptLoadException: The class could not be found. It must be the public class of the .java file: ApplyCrusaderSemantics not found by 7c14fd66 [1]
	at ghidra.app.script.JavaScriptProvider.getScriptInstance(JavaScriptProvider.java:114)
	at ghidra.app.util.headless.HeadlessAnalyzer.runScriptsList(HeadlessAnalyzer.java:915)
	at ghidra.app.util.headless.HeadlessAnalyzer.analyzeProgram(HeadlessAnalyzer.java:1085)
	at ghidra.app.util.headless.HeadlessAnalyzer.processFileNoImport(HeadlessAnalyzer.java:1183)
	at ghidra.app.util.headless.HeadlessAnalyzer.processFolderNoImport(HeadlessAnalyzer.java:1355)
	at ghidra.app.util.headless.HeadlessAnalyzer.processNoImport(HeadlessAnalyzer.java:1384)
	at ghidra.app.util.headless.HeadlessAnalyzer.processLocal(HeadlessAnalyzer.java:449)
	at ghidra.app.util.headless.AnalyzeHeadless.launch(AnalyzeHeadless.java:199)
	at ghidra.GhidraLauncher.launch(GhidraLauncher.java:81)
	at ghidra.Ghidra.main(Ghidra.java:54)
Caused by: java.lang.ClassNotFoundException: ApplyCrusaderSemantics not found by 7c14fd66 [1]
	at org.apache.felix.framework.BundleWiringImpl.findClassOrResourceByDelegation(BundleWiringImpl.java:1591)
	at org.apache.felix.framework.BundleWiringImpl.access$300(BundleWiringImpl.java:79)
	at org.apache.felix.framework.BundleWiringImpl$BundleClassLoader.loadClass(BundleWiringImpl.java:1976)
	at java.base/java.lang.ClassLoader.loadClass(ClassLoader.java:526)
	at org.apache.felix.framework.Felix.loadBundleClass(Felix.java:2116)
	at org.apache.felix.framework.BundleImpl.loadClass(BundleImpl.java:986)
	at ghidra.app.script.JavaScriptProvider.loadClass(JavaScriptProvider.java:166)
	at ghidra.app.script.JavaScriptProvider.getScriptInstance(JavaScriptProvider.java:97)
	... 9 more
 
2026-09-01 15:10:17 INFO  (HeadlessAnalyzer) REPORT: Save succeeded for processed file: /CrusaderDE.dll  
2026-09-01 15:10:47 INFO  (LoggingInitialization) Using log config file: jar:file:/D:/CDesktopLink/Unterlagen/Mods/Stronghold%20Crusader%20DE/Meine%20Mods/.tools/ghidra-12.1.3/ghidra_12.1.3_PUBLIC/Ghidra/Framework/Generic/lib/Generic.jar!/generic.log4j.xml  
2026-09-01 15:10:47 INFO  (LoggingInitialization) Using log file: D:\CDesktopLink\Unterlagen\Mods\Stronghold Crusader DE\Meine Mods\_inspect\CrusaderDE-Native-Baseline\FBCB93195FC7EFCA9BDAC5204852EFDD76F9818F59A6711750D77C9CEF2831E2\semantic\logs\ghidra-semantic.log  
2026-09-01 15:10:47 DEBUG (GhidraObjectInputFilter) Including serial input filter: FileSystem/data/client.rmi.serial.filter  
2026-09-01 15:10:47 INFO  (Preferences) Loading user preferences: C:\Users\Serpens66\AppData\Roaming\ghidra\ghidra_12.1.3_PUBLIC\preferences  
2026-09-01 15:10:47 INFO  (ClassSearcher) Searching for classes...  
2026-09-01 15:10:48 INFO  (ClassSearcher) Class search complete (675 ms)  
2026-09-01 15:10:48 INFO  (DefaultSSLContextInitializer) Initializing SSL Context  
2026-09-01 15:10:48 INFO  (SecureRandomFactory) Initializing Random Number Generator...  
2026-09-01 15:10:48 INFO  (SecureRandomFactory) Random Number Generator initialization complete: SHA1PRNG  
2026-09-01 15:10:48 INFO  (DefaultTrustManagerFactory) Trust manager disabled, cacerts have not been set  
2026-09-01 15:10:48 INFO  (AnalyzeHeadless) Headless startup complete (1729 ms)  
2026-09-01 15:10:48 INFO  (ClassSearcher) Class searcher loaded 59 extension points (20 false positives)  
2026-09-01 15:10:48 INFO  (HeadlessAnalyzer) HEADLESS Script Paths:
    D:\CDesktopLink\Unterlagen\Mods\Stronghold Crusader DE\Meine Mods\.tools\ghidra-12.1.3\ghidra_12.1.3_PUBLIC\Ghidra\Processors\PIC\ghidra_scripts
    D:\CDesktopLink\Unterlagen\Mods\Stronghold Crusader DE\Meine Mods\.tools\ghidra-12.1.3\ghidra_12.1.3_PUBLIC\Ghidra\Features\GnuDemangler\ghidra_scripts
    D:\CDesktopLink\Unterlagen\Mods\Stronghold Crusader DE\Meine Mods\.tools\ghidra-12.1.3\ghidra_12.1.3_PUBLIC\Ghidra\Processors\Atmel\ghidra_scripts
    D:\CDesktopLink\Unterlagen\Mods\Stronghold Crusader DE\Meine Mods\.tools\ghidra-12.1.3\ghidra_12.1.3_PUBLIC\Ghidra\Processors\DATA\ghidra_scripts
    D:\CDesktopLink\Unterlagen\Mods\Stronghold Crusader DE\Meine Mods\.tools\ghidra-12.1.3\ghidra_12.1.3_PUBLIC\Ghidra\Features\BytePatterns\ghidra_scripts
    D:\CDesktopLink\Unterlagen\Mods\Stronghold Crusader DE\Meine Mods\.tools\ghidra-12.1.3\ghidra_12.1.3_PUBLIC\Ghidra\Features\Decompiler\ghidra_scripts
    D:\CDesktopLink\Unterlagen\Mods\Stronghold Crusader DE\Meine Mods\.tools\ghidra-12.1.3\ghidra_12.1.3_PUBLIC\Ghidra\Debug\Debugger-rmi-trace\ghidra_scripts
    D:\CDesktopLink\Unterlagen\Mods\Stronghold Crusader DE\Meine Mods\.tools\ghidra-12.1.3\ghidra_12.1.3_PUBLIC\Ghidra\Features\Base\ghidra_scripts
    D:\CDesktopLink\Unterlagen\Mods\Stronghold Crusader DE\Meine Mods\.tools\ghidra-12.1.3\ghidra_12.1.3_PUBLIC\Ghidra\Features\PDB\ghidra_scripts
    D:\CDesktopLink\Unterlagen\Mods\Stronghold Crusader DE\Meine Mods\.tools\ghidra-12.1.3\ghidra_12.1.3_PUBLIC\Ghidra\Features\WildcardAssembler\ghidra_scripts
    D:\CDesktopLink\Unterlagen\Mods\Stronghold Crusader DE\Meine Mods\.tools\ghidra-12.1.3\ghidra_12.1.3_PUBLIC\Ghidra\Features\BSim\ghidra_scripts
    D:\CDesktopLink\Unterlagen\Mods\Stronghold Crusader DE\Meine Mods\.tools\ghidra-12.1.3\ghidra_12.1.3_PUBLIC\Ghidra\Features\FunctionID\ghidra_scripts
    D:\CDesktopLink\Unterlagen\Mods\Stronghold Crusader DE\Meine Mods\.tools\ghidra-12.1.3\ghidra_12.1.3_PUBLIC\Ghidra\Features\VersionTracking\ghidra_scripts
    D:\CDesktopLink\Unterlagen\Mods\Stronghold Crusader DE\Meine Mods\_inspect\CrusaderDE-Native-Baseline\tools\semantic
    D:\CDesktopLink\Unterlagen\Mods\Stronghold Crusader DE\Meine Mods\.tools\ghidra-12.1.3\ghidra_12.1.3_PUBLIC\Ghidra\Features\FileFormats\ghidra_scripts
    D:\CDesktopLink\Unterlagen\Mods\Stronghold Crusader DE\Meine Mods\.tools\ghidra-12.1.3\ghidra_12.1.3_PUBLIC\Ghidra\Features\DecompilerDependent\ghidra_scripts
    D:\CDesktopLink\Unterlagen\Mods\Stronghold Crusader DE\Meine Mods\.tools\ghidra-12.1.3\ghidra_12.1.3_PUBLIC\Ghidra\Features\SwiftDemangler\ghidra_scripts
    D:\CDesktopLink\Unterlagen\Mods\Stronghold Crusader DE\Meine Mods\.tools\ghidra-12.1.3\ghidra_12.1.3_PUBLIC\Ghidra\Debug\Debugger\ghidra_scripts
    D:\CDesktopLink\Unterlagen\Mods\Stronghold Crusader DE\Meine Mods\.tools\ghidra-12.1.3\ghidra_12.1.3_PUBLIC\Ghidra\Features\SystemEmulation\ghidra_scripts
    D:\CDesktopLink\Unterlagen\Mods\Stronghold Crusader DE\Meine Mods\.tools\ghidra-12.1.3\ghidra_12.1.3_PUBLIC\Ghidra\Processors\8051\ghidra_scripts
    D:\CDesktopLink\Unterlagen\Mods\Stronghold Crusader DE\Meine Mods\.tools\ghidra-12.1.3\ghidra_12.1.3_PUBLIC\Ghidra\Features\PyGhidra\ghidra_scripts
    D:\CDesktopLink\Unterlagen\Mods\Stronghold Crusader DE\Meine Mods\.tools\ghidra-12.1.3\ghidra_12.1.3_PUBLIC\Ghidra\Processors\JVM\ghidra_scripts
    D:\CDesktopLink\Unterlagen\Mods\Stronghold Crusader DE\Meine Mods\.tools\ghidra-12.1.3\ghidra_12.1.3_PUBLIC\Ghidra\Features\MicrosoftCodeAnalyzer\ghidra_scripts  
2026-09-01 15:10:48 INFO  (HeadlessAnalyzer) HEADLESS: execution starts  
2026-09-01 15:10:48 INFO  (HeadlessAnalyzer) Opening existing project: D:\CDesktopLink\Unterlagen\Mods\Stronghold Crusader DE\Meine Mods\_inspect\CrusaderDE-Native-Baseline\FBCB93195FC7EFCA9BDAC5204852EFDD76F9818F59A6711750D77C9CEF2831E2\semantic\ghidra\CrusaderDE-Semantic  
2026-09-01 15:10:48 INFO  (HeadlessProject) Opening project: D:\CDesktopLink\Unterlagen\Mods\Stronghold Crusader DE\Meine Mods\_inspect\CrusaderDE-Native-Baseline\FBCB93195FC7EFCA9BDAC5204852EFDD76F9818F59A6711750D77C9CEF2831E2\semantic\ghidra\CrusaderDE-Semantic  
2026-09-01 15:10:49 INFO  (HeadlessAnalyzer) REPORT: Processing project file: /CrusaderDE.dll  
2026-09-01 15:10:50 INFO  (HeadlessAnalyzer) REPORT: Execute script: ApplyCrusaderSemantics.java 'D:\CDesktopLink\Unterlagen\Mods\Stronghold Crusader DE\Meine Mods\_inspect\CrusaderDE-Native-Baseline\FBCB93195FC7EFCA9BDAC5204852EFDD76F9818F59A6711750D77C9CEF2831E2\semantic\sources\aob-labels.tsv' 'D:\CDesktopLink\Unterlagen\Mods\Stronghold Crusader DE\Meine Mods\_inspect\CrusaderDE-Native-Baseline\FBCB93195FC7EFCA9BDAC5204852EFDD76F9818F59A6711750D77C9CEF2831E2\semantic\sources\pinvoke-prototypes.tsv' 'D:\CDesktopLink\Unterlagen\Mods\Stronghold Crusader DE\Meine Mods\_inspect\CrusaderDE-Native-Baseline\FBCB93195FC7EFCA9BDAC5204852EFDD76F9818F59A6711750D77C9CEF2831E2\semantic\sources\script-extender-types.h' 'D:\CDesktopLink\Unterlagen\Mods\Stronghold Crusader DE\Meine Mods\_inspect\CrusaderDE-Native-Baseline\FBCB93195FC7EFCA9BDAC5204852EFDD76F9818F59A6711750D77C9CEF2831E2\semantic\sources\CrusaderDE-ScriptExtender.gdt' 'D:\CDesktopLink\Unterlagen\Mods\Stronghold Crusader DE\Meine Mods\_inspect\CrusaderDE-Native-Baseline\FBCB93195FC7EFCA9BDAC5204852EFDD76F9818F59A6711750D77C9CEF2831E2\semantic\exports\applied-labels.json'   
2026-09-01 15:10:51 INFO  (HeadlessAnalyzer) SCRIPT: D:\CDesktopLink\Unterlagen\Mods\Stronghold Crusader DE\Meine Mods\_inspect\CrusaderDE-Native-Baseline\tools\semantic\ApplyCrusaderSemantics.java  
2026-09-01 15:10:51 DEBUG (PackedDatabase) Packing database C:\Users\SERPEN~1\AppData\Local\Temp\ghidra\~tmpED5350CB.pdb.db\db.1.gbf -> D:\CDesktopLink\Unterlagen\Mods\Stronghold Crusader DE\Meine Mods\_inspect\CrusaderDE-Native-Baseline\FBCB93195FC7EFCA9BDAC5204852EFDD76F9818F59A6711750D77C9CEF2831E2\semantic\sources\CrusaderDE-ScriptExtender.gdt  
2026-09-01 15:10:51 INFO  (FileDataTypeManager) Updating program-architecture for Archive: CrusaderDE-ScriptExtender
   Language: x86:LE:64:default version 4.x, CompilerSpec: windows  
2026-09-01 15:10:51 INFO  (CParserUtils) parse D:\CDesktopLink\Unterlagen\Mods\Stronghold Crusader DE\Meine Mods\_inspect\CrusaderDE-Native-Baseline\FBCB93195FC7EFCA9BDAC5204852EFDD76F9818F59A6711750D77C9CEF2831E2\semantic\sources\script-extender-types.h  
2026-09-01 15:10:51 ERROR (GhidraScript) ApplyCrusaderSemantics.java> SEMANTIC_TYPES_FAILED ghidra.app.util.cparser.C.ParseException: C Parser:  Encountered errors during parse.
         in D:\CDesktopLink\Unterlagen\Mods\Stronghold Crusader DE\Meine Mods\_inspect\CrusaderDE-Native-Baseline\FBCB93195FC7EFCA9BDAC5204852EFDD76F9818F59A6711750D77C9CEF2831E2\semantic\sources\headers\Custom.h near line 2
Error: Encountered " ":" ": "" at line 56, column 23.
Was expecting one of:
    <VOLATILE> ...
    "static" ...
    <CONST> ...
    "__declspec" ...
    <PRAGMA> ...
    <PRAGMA_FUNC> ...
    "__readableTo" ...
    <CDECL> ...
    <STDCALL> ...
    <FASTCALL> ...
    <VECTORCALL> ...
    <RUSTCALL> ...
    <PASCALCALL> ...
    "_Noreturn" ...
    "_Alignas" ...
    "__unaligned" ...
    "__packed" ...
    <ATTRIBUTE> ...
    <EXTENSION> ...
    <RESTRICT> ...
    <ASM> ...
    <INLINE> ...
    "__ptr64" ...
    "__ptr32" ...
    "__w64" ...
    "__near" ...
    "__far" ...
    <IDENTIFIER> ...
    ";" ...
    "(" ...
    "[" ...
    "*" ...
    "&" ...
    "static" ...
    <CONST> ...
    <CONST> ...
    <VOLATILE> ...
    <CDECL> ...
    "__near" ...
    "__far" ...
    <STDCALL> ...
    <FASTCALL> ...
    <VECTORCALL> ...
    <RUSTCALL> ...
    <PASCALCALL> ...
    "_Noreturn" ...
    "__w64" ...
    "__ptr64" ...
    "__ptr32" ...
    <INLINE> ...
    <RESTRICT> ...
    <EXTENSION> ...
    "static" ...
    "__packed" ...
    "__unaligned" ...
    "__declspec" ...
    "__readableTo" ...
    <ATTRIBUTE> ...
    <ASM> ...
    "[" ...
    "_Alignas" ...
    <CONST> ...
    <VOLATILE> ...
    <CDECL> ...
    "__near" ...
    "__far" ...
    <STDCALL> ...
    <FASTCALL> ...
    <VECTORCALL> ...
    <RUSTCALL> ...
    <PASCALCALL> ...
    "_Noreturn" ...
    "__w64" ...
    "__ptr64" ...
    "__ptr32" ...
    <INLINE> ...
    <RESTRICT> ...
    <EXTENSION> ...
    "static" ...
    "__packed" ...
    "__unaligned" ...
    "__declspec" ...
    "__readableTo" ...
    <ATTRIBUTE> ...
    <ASM> ...
    "[" ...
    "_Alignas" ...
    <CONST> ...
    <VOLATILE> ...
    <CDECL> ...
    "__near" ...
    "__far" ...
    <STDCALL> ...
    <FASTCALL> ...
    <VECTORCALL> ...
    <RUSTCALL> ...
    <PASCALCALL> ...
    "_Noreturn" ...
    "__w64" ...
    "__ptr64" ...
    "__ptr32" ...
    <INLINE> ...
    <RESTRICT> ...
    <EXTENSION> ...
    "static" ...
    "__packed" ...
    "__unaligned" ...
    "__declspec" ...
    "__readableTo" ...
    <ATTRIBUTE> ...
    <ASM> ...
    "[" ...
    "_Alignas" ...
    "*" ...
    "&" ...
    <PRAGMA> ...
    <PRAGMA_FUNC> ...
    <IDENTIFIER> ...
    "(" ...
    "static" ...
    <CONST> ...
    <CONST> ...
    <VOLATILE> ...
    <CDECL> ...
    "__near" ...
    "__far" ...
    <STDCALL> ...
    <FASTCALL> ...
    <VECTORCALL> ...
    <RUSTCALL> ...
    <PASCALCALL> ...
    "_Noreturn" ...
    "__w64" ...
    "__ptr64" ...
    "__ptr32" ...
    <INLINE> ...
    <RESTRICT> ...
    <EXTENSION> ...
    "static" ...
    "__packed" ...
    "__unaligned" ...
    "__declspec" ...
    "__readableTo" ...
    <ATTRIBUTE> ...
    <ASM> ...
    "[" ...
    "_Alignas" ...
    <CONST> ...
    <VOLATILE> ...
    <CDECL> ...
    "__near" ...
    "__far" ...
    <STDCALL> ...
    <FASTCALL> ...
    <VECTORCALL> ...
    <RUSTCALL> ...
    <PASCALCALL> ...
    "_Noreturn" ...
    "__w64" ...
    "__ptr64" ...
    "__ptr32" ...
    <INLINE> ...
    <RESTRICT> ...
    <EXTENSION> ...
    "static" ...
    "__packed" ...
    "__unaligned" ...
    "__declspec" ...
    "__readableTo" ...
    <ATTRIBUTE> ...
    <ASM> ...
    "[" ...
    "_Alignas" ...
    "_Alignas" ...
    "_Alignas" ...
    "_Alignas" ...
    "_Alignas" ...
    "_Alignas" ...
    
         near token: eGoodStorageType
Possibly Undefined : :
         Last Valid Datatype: eGoodStorageType
         Check around CrusaderDE-ScriptExtender around line: 56
  
2026-09-01 15:10:51 INFO  (GhidraScript) ApplyCrusaderSemantics.java> SEMANTIC_APPLY_COMPLETE labels=9 prototypes=77 importedTypes=-1  
2026-09-01 15:10:51 INFO  (HeadlessAnalyzer) REPORT: Execute script: ExportCrusaderSemantics.java 'D:\CDesktopLink\Unterlagen\Mods\Stronghold Crusader DE\Meine Mods\_inspect\CrusaderDE-Native-Baseline\FBCB93195FC7EFCA9BDAC5204852EFDD76F9818F59A6711750D77C9CEF2831E2\semantic\exports' 'FBCB93195FC7EFCA9BDAC5204852EFDD76F9818F59A6711750D77C9CEF2831E2'   
2026-09-01 15:10:51 INFO  (HeadlessAnalyzer) SCRIPT: D:\CDesktopLink\Unterlagen\Mods\Stronghold Crusader DE\Meine Mods\_inspect\CrusaderDE-Native-Baseline\tools\semantic\ExportCrusaderSemantics.java  
2026-09-01 15:10:55 INFO  (GhidraScript) ExportCrusaderSemantics.java> SEMANTIC_FUNCTIONS count=4478  
2026-09-01 15:10:55 INFO  (GhidraScript) ExportCrusaderSemantics.java> SEMANTIC_GLOBALS count=82610  
2026-09-01 15:10:55 INFO  (GhidraScript) ExportCrusaderSemantics.java> SEMANTIC_TYPES count=165  
2026-09-01 15:10:56 INFO  (GhidraScript) ExportCrusaderSemantics.java> SEMANTIC_RTTI count=142  
2026-09-01 15:11:13 WARN  (DecompileCallback) Decompiling 18006a190: Unable to read bytes at ram:18e0e0000  
2026-09-01 15:11:14 WARN  (DecompileCallback) Decompiling 180077e60: Unable to read bytes at ram:24ccccc02  
2026-09-01 15:11:29 WARN  (DecompileCallback) Decompiling 180084130: Unable to read bytes at ram:18e0e0000  
2026-09-01 15:11:30 WARN  (DecompileCallback) Decompiling 1800898b0: Unable to read bytes at ram:18e0e0000  
2026-09-01 15:11:44 WARN  (DecompileCallback) Decompiling 18009b2b0: Unable to read bytes at ram:24ccc0000  
2026-09-01 15:11:44 WARN  (DecompileCallback) Decompiling 18009b2b0, pcode error at 180000158: Unable to resolve constructor at 180000158  
2026-09-01 15:11:57 WARN  (DecompileCallback) Decompiling 1800abb90: Unable to read bytes at ram:24c000404  
2026-09-01 15:12:11 WARN  (DecompileCallback) Decompiling 1800c77c0: Unable to read bytes at ram:1dd5d5d00  
2026-09-01 15:12:43 WARN  (DecompileCallback) Decompiling 180190010: Unable to read bytes at ram:1b3455340  
2026-09-01 15:12:43 WARN  (DecompileCallback) Decompiling 180190010: Unable to read bytes at ram:1b3455340  
2026-09-01 15:13:06 INFO  (GhidraScript) ExportCrusaderSemantics.java> SEMANTIC_DECOMPILATION attempted=4478 completed=4475 failed=3  
2026-09-01 15:13:06 INFO  (GhidraScript) ExportCrusaderSemantics.java> SEMANTIC_EXPORT_COMPLETE directory=D:\CDesktopLink\Unterlagen\Mods\Stronghold Crusader DE\Meine Mods\_inspect\CrusaderDE-Native-Baseline\FBCB93195FC7EFCA9BDAC5204852EFDD76F9818F59A6711750D77C9CEF2831E2\semantic\exports  
2026-09-01 15:13:06 INFO  (HeadlessAnalyzer) REPORT: Save succeeded for processed file: /CrusaderDE.dll  
2026-09-01 15:20:48 INFO  (LoggingInitialization) Using log config file: jar:file:/D:/CDesktopLink/Unterlagen/Mods/Stronghold%20Crusader%20DE/Meine%20Mods/.tools/ghidra-12.1.3/ghidra_12.1.3_PUBLIC/Ghidra/Framework/Generic/lib/Generic.jar!/generic.log4j.xml  
2026-09-01 15:20:48 INFO  (LoggingInitialization) Using log file: _inspect\CrusaderDE-Native-Baseline\FBCB93195FC7EFCA9BDAC5204852EFDD76F9818F59A6711750D77C9CEF2831E2\semantic\logs\ghidra-semantic.log  
2026-09-01 15:20:48 DEBUG (GhidraObjectInputFilter) Including serial input filter: FileSystem/data/client.rmi.serial.filter  
2026-09-01 15:20:48 INFO  (Preferences) Loading user preferences: C:\Users\Serpens66\AppData\Roaming\ghidra\ghidra_12.1.3_PUBLIC\preferences  
2026-09-01 15:20:48 INFO  (ClassSearcher) Searching for classes...  
2026-09-01 15:20:49 INFO  (ClassSearcher) Class search complete (680 ms)  
2026-09-01 15:20:49 INFO  (DefaultSSLContextInitializer) Initializing SSL Context  
2026-09-01 15:20:49 INFO  (SecureRandomFactory) Initializing Random Number Generator...  
2026-09-01 15:20:49 INFO  (SecureRandomFactory) Random Number Generator initialization complete: SHA1PRNG  
2026-09-01 15:20:49 INFO  (DefaultTrustManagerFactory) Trust manager disabled, cacerts have not been set  
2026-09-01 15:20:50 INFO  (AnalyzeHeadless) Headless startup complete (1690 ms)  
2026-09-01 15:20:50 INFO  (ClassSearcher) Class searcher loaded 59 extension points (20 false positives)  
2026-09-01 15:20:50 INFO  (HeadlessAnalyzer) HEADLESS Script Paths:
    D:\CDesktopLink\Unterlagen\Mods\Stronghold Crusader DE\Meine Mods\.tools\ghidra-12.1.3\ghidra_12.1.3_PUBLIC\Ghidra\Processors\PIC\ghidra_scripts
    D:\CDesktopLink\Unterlagen\Mods\Stronghold Crusader DE\Meine Mods\.tools\ghidra-12.1.3\ghidra_12.1.3_PUBLIC\Ghidra\Features\GnuDemangler\ghidra_scripts
    D:\CDesktopLink\Unterlagen\Mods\Stronghold Crusader DE\Meine Mods\.tools\ghidra-12.1.3\ghidra_12.1.3_PUBLIC\Ghidra\Processors\Atmel\ghidra_scripts
    D:\CDesktopLink\Unterlagen\Mods\Stronghold Crusader DE\Meine Mods\.tools\ghidra-12.1.3\ghidra_12.1.3_PUBLIC\Ghidra\Processors\DATA\ghidra_scripts
    D:\CDesktopLink\Unterlagen\Mods\Stronghold Crusader DE\Meine Mods\.tools\ghidra-12.1.3\ghidra_12.1.3_PUBLIC\Ghidra\Features\BytePatterns\ghidra_scripts
    D:\CDesktopLink\Unterlagen\Mods\Stronghold Crusader DE\Meine Mods\.tools\ghidra-12.1.3\ghidra_12.1.3_PUBLIC\Ghidra\Features\Decompiler\ghidra_scripts
    D:\CDesktopLink\Unterlagen\Mods\Stronghold Crusader DE\Meine Mods\.tools\ghidra-12.1.3\ghidra_12.1.3_PUBLIC\Ghidra\Debug\Debugger-rmi-trace\ghidra_scripts
    D:\CDesktopLink\Unterlagen\Mods\Stronghold Crusader DE\Meine Mods\.tools\ghidra-12.1.3\ghidra_12.1.3_PUBLIC\Ghidra\Features\Base\ghidra_scripts
    D:\CDesktopLink\Unterlagen\Mods\Stronghold Crusader DE\Meine Mods\.tools\ghidra-12.1.3\ghidra_12.1.3_PUBLIC\Ghidra\Features\PDB\ghidra_scripts
    D:\CDesktopLink\Unterlagen\Mods\Stronghold Crusader DE\Meine Mods\.tools\ghidra-12.1.3\ghidra_12.1.3_PUBLIC\Ghidra\Features\WildcardAssembler\ghidra_scripts
    D:\CDesktopLink\Unterlagen\Mods\Stronghold Crusader DE\Meine Mods\.tools\ghidra-12.1.3\ghidra_12.1.3_PUBLIC\Ghidra\Features\BSim\ghidra_scripts
    D:\CDesktopLink\Unterlagen\Mods\Stronghold Crusader DE\Meine Mods\.tools\ghidra-12.1.3\ghidra_12.1.3_PUBLIC\Ghidra\Features\FunctionID\ghidra_scripts
    D:\CDesktopLink\Unterlagen\Mods\Stronghold Crusader DE\Meine Mods\.tools\ghidra-12.1.3\ghidra_12.1.3_PUBLIC\Ghidra\Features\VersionTracking\ghidra_scripts
    D:\CDesktopLink\Unterlagen\Mods\Stronghold Crusader DE\Meine Mods\_inspect\CrusaderDE-Native-Baseline\tools\semantic
    D:\CDesktopLink\Unterlagen\Mods\Stronghold Crusader DE\Meine Mods\.tools\ghidra-12.1.3\ghidra_12.1.3_PUBLIC\Ghidra\Features\FileFormats\ghidra_scripts
    D:\CDesktopLink\Unterlagen\Mods\Stronghold Crusader DE\Meine Mods\.tools\ghidra-12.1.3\ghidra_12.1.3_PUBLIC\Ghidra\Features\DecompilerDependent\ghidra_scripts
    D:\CDesktopLink\Unterlagen\Mods\Stronghold Crusader DE\Meine Mods\.tools\ghidra-12.1.3\ghidra_12.1.3_PUBLIC\Ghidra\Features\SwiftDemangler\ghidra_scripts
    D:\CDesktopLink\Unterlagen\Mods\Stronghold Crusader DE\Meine Mods\.tools\ghidra-12.1.3\ghidra_12.1.3_PUBLIC\Ghidra\Debug\Debugger\ghidra_scripts
    D:\CDesktopLink\Unterlagen\Mods\Stronghold Crusader DE\Meine Mods\.tools\ghidra-12.1.3\ghidra_12.1.3_PUBLIC\Ghidra\Features\SystemEmulation\ghidra_scripts
    D:\CDesktopLink\Unterlagen\Mods\Stronghold Crusader DE\Meine Mods\.tools\ghidra-12.1.3\ghidra_12.1.3_PUBLIC\Ghidra\Processors\8051\ghidra_scripts
    D:\CDesktopLink\Unterlagen\Mods\Stronghold Crusader DE\Meine Mods\.tools\ghidra-12.1.3\ghidra_12.1.3_PUBLIC\Ghidra\Features\PyGhidra\ghidra_scripts
    D:\CDesktopLink\Unterlagen\Mods\Stronghold Crusader DE\Meine Mods\.tools\ghidra-12.1.3\ghidra_12.1.3_PUBLIC\Ghidra\Processors\JVM\ghidra_scripts
    D:\CDesktopLink\Unterlagen\Mods\Stronghold Crusader DE\Meine Mods\.tools\ghidra-12.1.3\ghidra_12.1.3_PUBLIC\Ghidra\Features\MicrosoftCodeAnalyzer\ghidra_scripts  
2026-09-01 15:20:50 INFO  (HeadlessAnalyzer) HEADLESS: execution starts  
2026-09-01 15:20:50 INFO  (HeadlessAnalyzer) Opening existing project: D:\CDesktopLink\Unterlagen\Mods\Stronghold Crusader DE\Meine Mods\_inspect\CrusaderDE-Native-Baseline\FBCB93195FC7EFCA9BDAC5204852EFDD76F9818F59A6711750D77C9CEF2831E2\semantic\ghidra\CrusaderDE-Semantic  
2026-09-01 15:20:50 INFO  (HeadlessProject) Opening project: D:\CDesktopLink\Unterlagen\Mods\Stronghold Crusader DE\Meine Mods\_inspect\CrusaderDE-Native-Baseline\FBCB93195FC7EFCA9BDAC5204852EFDD76F9818F59A6711750D77C9CEF2831E2\semantic\ghidra\CrusaderDE-Semantic  
2026-09-01 15:20:51 INFO  (HeadlessAnalyzer) REPORT: Processing project file: /CrusaderDE.dll  
2026-09-01 15:20:51 INFO  (HeadlessAnalyzer) REPORT: Execute script: ExportCrusaderSemantics.java '_inspect\CrusaderDE-Native-Baseline\FBCB93195FC7EFCA9BDAC5204852EFDD76F9818F59A6711750D77C9CEF2831E2\semantic\exports' 'FBCB93195FC7EFCA9BDAC5204852EFDD76F9818F59A6711750D77C9CEF2831E2'   
2026-09-01 15:20:51 INFO  (HeadlessAnalyzer) SCRIPT: D:\CDesktopLink\Unterlagen\Mods\Stronghold Crusader DE\Meine Mods\_inspect\CrusaderDE-Native-Baseline\tools\semantic\ExportCrusaderSemantics.java  
2026-09-01 15:20:55 INFO  (GhidraScript) ExportCrusaderSemantics.java> SEMANTIC_FUNCTIONS count=4478  
2026-09-01 15:20:56 INFO  (GhidraScript) ExportCrusaderSemantics.java> SEMANTIC_GLOBALS count=82610  
2026-09-01 15:20:56 INFO  (GhidraScript) ExportCrusaderSemantics.java> SEMANTIC_TYPES count=259  
2026-09-01 15:20:56 INFO  (GhidraScript) ExportCrusaderSemantics.java> SEMANTIC_RTTI count=142  
2026-09-01 15:21:12 WARN  (DecompileCallback) Decompiling 18006a190: Unable to read bytes at ram:18e0e0000  
2026-09-01 15:21:14 WARN  (DecompileCallback) Decompiling 180077e60: Unable to read bytes at ram:24ccccc02  
2026-09-01 15:21:27 WARN  (DecompileCallback) Decompiling 180084130: Unable to read bytes at ram:18e0e0000  
2026-09-01 15:21:28 WARN  (DecompileCallback) Decompiling 1800898b0: Unable to read bytes at ram:18e0e0000  
2026-09-01 15:21:42 WARN  (DecompileCallback) Decompiling 18009b2b0: Unable to read bytes at ram:24ccc0000  
2026-09-01 15:21:42 WARN  (DecompileCallback) Decompiling 18009b2b0, pcode error at 180000158: Unable to resolve constructor at 180000158  
2026-09-01 15:21:54 WARN  (DecompileCallback) Decompiling 1800abb90: Unable to read bytes at ram:24c000404  
2026-09-01 15:22:09 WARN  (DecompileCallback) Decompiling 1800c77c0: Unable to read bytes at ram:1dd5d5d00  
2026-09-01 15:22:38 WARN  (DecompileCallback) Decompiling 180190010: Unable to read bytes at ram:1b3455340  
2026-09-01 15:22:39 WARN  (DecompileCallback) Decompiling 180190010: Unable to read bytes at ram:1b3455340  
2026-09-01 15:23:02 INFO  (GhidraScript) ExportCrusaderSemantics.java> SEMANTIC_DECOMPILATION attempted=4478 completed=4475 failed=3  
2026-09-01 15:23:02 INFO  (GhidraScript) ExportCrusaderSemantics.java> SEMANTIC_EXPORT_COMPLETE directory=_inspect\CrusaderDE-Native-Baseline\FBCB93195FC7EFCA9BDAC5204852EFDD76F9818F59A6711750D77C9CEF2831E2\semantic\exports  
2026-09-01 15:23:02 INFO  (HeadlessAnalyzer) REPORT: Save succeeded for processed file: /CrusaderDE.dll  
