Verwende Script Extender Referenzen:
E:\ProgrammeE\Steam\steamapps\common\Stronghold Crusader Definitive Edition\BepInEx\plugins\000shcdese

  Wiederherzustellende Projekte werden ermittelt...
  Alle Projekte sind für die Wiederherstellung auf dem neuesten Stand.
  AIVParser.Core -> D:\CDesktopLink\Unterlagen\Mods\Stronghold Crusader DE\Meine Mods\Helpers\AIVParser\AIVParser.Core\bin\Release\netstandard2.0\AIVParser.Core.dll
  MapParser.Core -> D:\CDesktopLink\Unterlagen\Mods\Stronghold Crusader DE\Meine Mods\Helpers\MapParser\MapParser.Core\bin\Release\netstandard2.0\MapParser.Core.dll
  AIVPlacement.Core -> D:\CDesktopLink\Unterlagen\Mods\Stronghold Crusader DE\Meine Mods\AIVPlacement\AIVPlacement.Core\bin\Release\netstandard2.0\AIVPlacement.Core.dll
  CastlePlanner.AIVPlacement.Core -> D:\CDesktopLink\Unterlagen\Mods\Stronghold Crusader DE\Meine Mods\CastlePlanner\AIVPlacement.Core\bin\Release\netstandard2.0\CastlePlanner.AIVPlacement.Core.dll
C:\Program Files\dotnet\sdk\10.0.303\Microsoft.Common.CurrentVersion.targets(2453,5): warning MSB3277: Es wurden Konflikte zwischen verschiedenen Versionen von "System.Text.Json" gefunden, die nicht aufgelöst werden konnten. [D:\CDesktopLink\Unterlagen\Mods\Stronghold Crusader DE\Meine Mods\CastlePlanner\AIVPlacement.Tests\CastlePlanner.AIVPlacement.Tests.csproj]
C:\Program Files\dotnet\sdk\10.0.303\Microsoft.Common.CurrentVersion.targets(2453,5): warning MSB3277: Konflikt zwischen System.Text.Json, Version=10.0.0.0, Culture=neutral, PublicKeyToken=cc7b13ffcd2ddd51 und System.Text.Json, Version=10.0.0.12, Culture=neutral, PublicKeyToken=cc7b13ffcd2ddd51. [D:\CDesktopLink\Unterlagen\Mods\Stronghold Crusader DE\Meine Mods\CastlePlanner\AIVPlacement.Tests\CastlePlanner.AIVPlacement.Tests.csproj]
C:\Program Files\dotnet\sdk\10.0.303\Microsoft.Common.CurrentVersion.targets(2453,5): warning MSB3277:     System.Text.Json, Version=10.0.0.0, Culture=neutral, PublicKeyToken=cc7b13ffcd2ddd51 wurde aufgrund der primären Eigenschaft System.Text.Json, Version=10.0.0.12, Culture=neutral, PublicKeyToken=cc7b13ffcd2ddd51 vorgezogen. [D:\CDesktopLink\Unterlagen\Mods\Stronghold Crusader DE\Meine Mods\CastlePlanner\AIVPlacement.Tests\CastlePlanner.AIVPlacement.Tests.csproj]
C:\Program Files\dotnet\sdk\10.0.303\Microsoft.Common.CurrentVersion.targets(2453,5): warning MSB3277:     Verweise, die von "System.Text.Json, Version=10.0.0.0, Culture=neutral, PublicKeyToken=cc7b13ffcd2ddd51" abhängig sind [C:\Program Files\dotnet\packs\Microsoft.NETCore.App.Ref\10.0.11\ref\net10.0\System.Text.Json.dll]. [D:\CDesktopLink\Unterlagen\Mods\Stronghold Crusader DE\Meine Mods\CastlePlanner\AIVPlacement.Tests\CastlePlanner.AIVPlacement.Tests.csproj]
C:\Program Files\dotnet\sdk\10.0.303\Microsoft.Common.CurrentVersion.targets(2453,5): warning MSB3277:         C:\Program Files\dotnet\packs\Microsoft.NETCore.App.Ref\10.0.11\ref\net10.0\System.Text.Json.dll [D:\CDesktopLink\Unterlagen\Mods\Stronghold Crusader DE\Meine Mods\CastlePlanner\AIVPlacement.Tests\CastlePlanner.AIVPlacement.Tests.csproj]
C:\Program Files\dotnet\sdk\10.0.303\Microsoft.Common.CurrentVersion.targets(2453,5): warning MSB3277:           Elementincludes einer Projektdatei, die den Verweis "C:\Program Files\dotnet\packs\Microsoft.NETCore.App.Ref\10.0.11\ref\net10.0\System.Text.Json.dll" verursacht haben. [D:\CDesktopLink\Unterlagen\Mods\Stronghold Crusader DE\Meine Mods\CastlePlanner\AIVPlacement.Tests\CastlePlanner.AIVPlacement.Tests.csproj]
C:\Program Files\dotnet\sdk\10.0.303\Microsoft.Common.CurrentVersion.targets(2453,5): warning MSB3277:             C:\Program Files\dotnet\packs\Microsoft.NETCore.App.Ref\10.0.11\ref/net10.0/System.Text.Json.dll [D:\CDesktopLink\Unterlagen\Mods\Stronghold Crusader DE\Meine Mods\CastlePlanner\AIVPlacement.Tests\CastlePlanner.AIVPlacement.Tests.csproj]
C:\Program Files\dotnet\sdk\10.0.303\Microsoft.Common.CurrentVersion.targets(2453,5): warning MSB3277:     Verweise, die von „System.Text.Json, Version=10.0.0.12, Culture=neutral, PublicKeyToken=cc7b13ffcd2ddd51“ [] abhängen oder damit vereint wurden. [D:\CDesktopLink\Unterlagen\Mods\Stronghold Crusader DE\Meine Mods\CastlePlanner\AIVPlacement.Tests\CastlePlanner.AIVPlacement.Tests.csproj]
C:\Program Files\dotnet\sdk\10.0.303\Microsoft.Common.CurrentVersion.targets(2453,5): warning MSB3277:         D:\CDesktopLink\Unterlagen\Mods\Stronghold Crusader DE\Meine Mods\shcde-script-extender\src\SHCDESE.BepInEx\bin\net481\SHCDESE.dll [D:\CDesktopLink\Unterlagen\Mods\Stronghold Crusader DE\Meine Mods\CastlePlanner\AIVPlacement.Tests\CastlePlanner.AIVPlacement.Tests.csproj]
C:\Program Files\dotnet\sdk\10.0.303\Microsoft.Common.CurrentVersion.targets(2453,5): warning MSB3277:           Elementincludes einer Projektdatei, die den Verweis "D:\CDesktopLink\Unterlagen\Mods\Stronghold Crusader DE\Meine Mods\shcde-script-extender\src\SHCDESE.BepInEx\bin\net481\SHCDESE.dll" verursacht haben. [D:\CDesktopLink\Unterlagen\Mods\Stronghold Crusader DE\Meine Mods\CastlePlanner\AIVPlacement.Tests\CastlePlanner.AIVPlacement.Tests.csproj]
C:\Program Files\dotnet\sdk\10.0.303\Microsoft.Common.CurrentVersion.targets(2453,5): warning MSB3277:             SHCDESE [D:\CDesktopLink\Unterlagen\Mods\Stronghold Crusader DE\Meine Mods\CastlePlanner\AIVPlacement.Tests\CastlePlanner.AIVPlacement.Tests.csproj]
C:\Program Files\dotnet\sdk\10.0.303\Microsoft.Common.CurrentVersion.targets(2453,5): warning MSB3277:         D:\CDesktopLink\Unterlagen\Mods\Stronghold Crusader DE\Meine Mods\shcde-script-extender\src\SHCDESE.BepInEx\bin\net481\RedBird.Core.dll [D:\CDesktopLink\Unterlagen\Mods\Stronghold Crusader DE\Meine Mods\CastlePlanner\AIVPlacement.Tests\CastlePlanner.AIVPlacement.Tests.csproj]
C:\Program Files\dotnet\sdk\10.0.303\Microsoft.Common.CurrentVersion.targets(2453,5): warning MSB3277:           Elementincludes einer Projektdatei, die den Verweis "D:\CDesktopLink\Unterlagen\Mods\Stronghold Crusader DE\Meine Mods\shcde-script-extender\src\SHCDESE.BepInEx\bin\net481\RedBird.Core.dll" verursacht haben. [D:\CDesktopLink\Unterlagen\Mods\Stronghold Crusader DE\Meine Mods\CastlePlanner\AIVPlacement.Tests\CastlePlanner.AIVPlacement.Tests.csproj]
C:\Program Files\dotnet\sdk\10.0.303\Microsoft.Common.CurrentVersion.targets(2453,5): warning MSB3277:             SHCDESE [D:\CDesktopLink\Unterlagen\Mods\Stronghold Crusader DE\Meine Mods\CastlePlanner\AIVPlacement.Tests\CastlePlanner.AIVPlacement.Tests.csproj]
C:\Program Files\dotnet\sdk\10.0.303\Microsoft.Common.CurrentVersion.targets(2453,5): warning MSB3277:         D:\CDesktopLink\Unterlagen\Mods\Stronghold Crusader DE\Meine Mods\shcde-script-extender\src\SHCDESE.BepInEx\bin\net481\Lepo.i18n.Json.dll [D:\CDesktopLink\Unterlagen\Mods\Stronghold Crusader DE\Meine Mods\CastlePlanner\AIVPlacement.Tests\CastlePlanner.AIVPlacement.Tests.csproj]
C:\Program Files\dotnet\sdk\10.0.303\Microsoft.Common.CurrentVersion.targets(2453,5): warning MSB3277:           Elementincludes einer Projektdatei, die den Verweis "D:\CDesktopLink\Unterlagen\Mods\Stronghold Crusader DE\Meine Mods\shcde-script-extender\src\SHCDESE.BepInEx\bin\net481\Lepo.i18n.Json.dll" verursacht haben. [D:\CDesktopLink\Unterlagen\Mods\Stronghold Crusader DE\Meine Mods\CastlePlanner\AIVPlacement.Tests\CastlePlanner.AIVPlacement.Tests.csproj]
C:\Program Files\dotnet\sdk\10.0.303\Microsoft.Common.CurrentVersion.targets(2453,5): warning MSB3277:             SHCDESE [D:\CDesktopLink\Unterlagen\Mods\Stronghold Crusader DE\Meine Mods\CastlePlanner\AIVPlacement.Tests\CastlePlanner.AIVPlacement.Tests.csproj]
C:\Program Files\dotnet\sdk\10.0.303\Microsoft.Common.CurrentVersion.targets(2453,5): warning MSB3277: Es wurden Konflikte zwischen verschiedenen Versionen von "System.Diagnostics.DiagnosticSource" gefunden, die nicht aufgelöst werden konnten. [D:\CDesktopLink\Unterlagen\Mods\Stronghold Crusader DE\Meine Mods\CastlePlanner\AIVPlacement.Tests\CastlePlanner.AIVPlacement.Tests.csproj]
C:\Program Files\dotnet\sdk\10.0.303\Microsoft.Common.CurrentVersion.targets(2453,5): warning MSB3277: Konflikt zwischen System.Diagnostics.DiagnosticSource, Version=10.0.0.0, Culture=neutral, PublicKeyToken=cc7b13ffcd2ddd51 und System.Diagnostics.DiagnosticSource, Version=10.0.0.12, Culture=neutral, PublicKeyToken=cc7b13ffcd2ddd51. [D:\CDesktopLink\Unterlagen\Mods\Stronghold Crusader DE\Meine Mods\CastlePlanner\AIVPlacement.Tests\CastlePlanner.AIVPlacement.Tests.csproj]
C:\Program Files\dotnet\sdk\10.0.303\Microsoft.Common.CurrentVersion.targets(2453,5): warning MSB3277:     System.Diagnostics.DiagnosticSource, Version=10.0.0.0, Culture=neutral, PublicKeyToken=cc7b13ffcd2ddd51 wurde aufgrund der primären Eigenschaft System.Diagnostics.DiagnosticSource, Version=10.0.0.12, Culture=neutral, PublicKeyToken=cc7b13ffcd2ddd51 vorgezogen. [D:\CDesktopLink\Unterlagen\Mods\Stronghold Crusader DE\Meine Mods\CastlePlanner\AIVPlacement.Tests\CastlePlanner.AIVPlacement.Tests.csproj]
C:\Program Files\dotnet\sdk\10.0.303\Microsoft.Common.CurrentVersion.targets(2453,5): warning MSB3277:     Verweise, die von "System.Diagnostics.DiagnosticSource, Version=10.0.0.0, Culture=neutral, PublicKeyToken=cc7b13ffcd2ddd51" abhängig sind [C:\Program Files\dotnet\packs\Microsoft.NETCore.App.Ref\10.0.11\ref\net10.0\System.Diagnostics.DiagnosticSource.dll]. [D:\CDesktopLink\Unterlagen\Mods\Stronghold Crusader DE\Meine Mods\CastlePlanner\AIVPlacement.Tests\CastlePlanner.AIVPlacement.Tests.csproj]
C:\Program Files\dotnet\sdk\10.0.303\Microsoft.Common.CurrentVersion.targets(2453,5): warning MSB3277:         C:\Program Files\dotnet\packs\Microsoft.NETCore.App.Ref\10.0.11\ref\net10.0\System.Diagnostics.DiagnosticSource.dll [D:\CDesktopLink\Unterlagen\Mods\Stronghold Crusader DE\Meine Mods\CastlePlanner\AIVPlacement.Tests\CastlePlanner.AIVPlacement.Tests.csproj]
C:\Program Files\dotnet\sdk\10.0.303\Microsoft.Common.CurrentVersion.targets(2453,5): warning MSB3277:           Elementincludes einer Projektdatei, die den Verweis "C:\Program Files\dotnet\packs\Microsoft.NETCore.App.Ref\10.0.11\ref\net10.0\System.Diagnostics.DiagnosticSource.dll" verursacht haben. [D:\CDesktopLink\Unterlagen\Mods\Stronghold Crusader DE\Meine Mods\CastlePlanner\AIVPlacement.Tests\CastlePlanner.AIVPlacement.Tests.csproj]
C:\Program Files\dotnet\sdk\10.0.303\Microsoft.Common.CurrentVersion.targets(2453,5): warning MSB3277:             C:\Program Files\dotnet\packs\Microsoft.NETCore.App.Ref\10.0.11\ref/net10.0/System.Diagnostics.DiagnosticSource.dll [D:\CDesktopLink\Unterlagen\Mods\Stronghold Crusader DE\Meine Mods\CastlePlanner\AIVPlacement.Tests\CastlePlanner.AIVPlacement.Tests.csproj]
C:\Program Files\dotnet\sdk\10.0.303\Microsoft.Common.CurrentVersion.targets(2453,5): warning MSB3277:     Verweise, die von „System.Diagnostics.DiagnosticSource, Version=10.0.0.12, Culture=neutral, PublicKeyToken=cc7b13ffcd2ddd51“ [] abhängen oder damit vereint wurden. [D:\CDesktopLink\Unterlagen\Mods\Stronghold Crusader DE\Meine Mods\CastlePlanner\AIVPlacement.Tests\CastlePlanner.AIVPlacement.Tests.csproj]
C:\Program Files\dotnet\sdk\10.0.303\Microsoft.Common.CurrentVersion.targets(2453,5): warning MSB3277:         D:\CDesktopLink\Unterlagen\Mods\Stronghold Crusader DE\Meine Mods\shcde-script-extender\src\SHCDESE.BepInEx\bin\net481\Microsoft.Extensions.Logging.Abstractions.dll [D:\CDesktopLink\Unterlagen\Mods\Stronghold Crusader DE\Meine Mods\CastlePlanner\AIVPlacement.Tests\CastlePlanner.AIVPlacement.Tests.csproj]
C:\Program Files\dotnet\sdk\10.0.303\Microsoft.Common.CurrentVersion.targets(2453,5): warning MSB3277:           Elementincludes einer Projektdatei, die den Verweis "D:\CDesktopLink\Unterlagen\Mods\Stronghold Crusader DE\Meine Mods\shcde-script-extender\src\SHCDESE.BepInEx\bin\net481\Microsoft.Extensions.Logging.Abstractions.dll" verursacht haben. [D:\CDesktopLink\Unterlagen\Mods\Stronghold Crusader DE\Meine Mods\CastlePlanner\AIVPlacement.Tests\CastlePlanner.AIVPlacement.Tests.csproj]
C:\Program Files\dotnet\sdk\10.0.303\Microsoft.Common.CurrentVersion.targets(2453,5): warning MSB3277:             SHCDESE [D:\CDesktopLink\Unterlagen\Mods\Stronghold Crusader DE\Meine Mods\CastlePlanner\AIVPlacement.Tests\CastlePlanner.AIVPlacement.Tests.csproj]
C:\Program Files\dotnet\sdk\10.0.303\Microsoft.Common.CurrentVersion.targets(2453,5): warning MSB3277:         D:\CDesktopLink\Unterlagen\Mods\Stronghold Crusader DE\Meine Mods\shcde-script-extender\src\SHCDESE.BepInEx\bin\net481\Serilog.dll [D:\CDesktopLink\Unterlagen\Mods\Stronghold Crusader DE\Meine Mods\CastlePlanner\AIVPlacement.Tests\CastlePlanner.AIVPlacement.Tests.csproj]
C:\Program Files\dotnet\sdk\10.0.303\Microsoft.Common.CurrentVersion.targets(2453,5): warning MSB3277:           Elementincludes einer Projektdatei, die den Verweis "D:\CDesktopLink\Unterlagen\Mods\Stronghold Crusader DE\Meine Mods\shcde-script-extender\src\SHCDESE.BepInEx\bin\net481\Serilog.dll" verursacht haben. [D:\CDesktopLink\Unterlagen\Mods\Stronghold Crusader DE\Meine Mods\CastlePlanner\AIVPlacement.Tests\CastlePlanner.AIVPlacement.Tests.csproj]
C:\Program Files\dotnet\sdk\10.0.303\Microsoft.Common.CurrentVersion.targets(2453,5): warning MSB3277:             SHCDESE [D:\CDesktopLink\Unterlagen\Mods\Stronghold Crusader DE\Meine Mods\CastlePlanner\AIVPlacement.Tests\CastlePlanner.AIVPlacement.Tests.csproj]
C:\Program Files\dotnet\sdk\10.0.303\Microsoft.Common.CurrentVersion.targets(2453,5): warning MSB3277:         D:\CDesktopLink\Unterlagen\Mods\Stronghold Crusader DE\Meine Mods\shcde-script-extender\src\SHCDESE.BepInEx\bin\net481\Serilog.Extensions.Logging.dll [D:\CDesktopLink\Unterlagen\Mods\Stronghold Crusader DE\Meine Mods\CastlePlanner\AIVPlacement.Tests\CastlePlanner.AIVPlacement.Tests.csproj]
C:\Program Files\dotnet\sdk\10.0.303\Microsoft.Common.CurrentVersion.targets(2453,5): warning MSB3277:           Elementincludes einer Projektdatei, die den Verweis "D:\CDesktopLink\Unterlagen\Mods\Stronghold Crusader DE\Meine Mods\shcde-script-extender\src\SHCDESE.BepInEx\bin\net481\Serilog.Extensions.Logging.dll" verursacht haben. [D:\CDesktopLink\Unterlagen\Mods\Stronghold Crusader DE\Meine Mods\CastlePlanner\AIVPlacement.Tests\CastlePlanner.AIVPlacement.Tests.csproj]
C:\Program Files\dotnet\sdk\10.0.303\Microsoft.Common.CurrentVersion.targets(2453,5): warning MSB3277:             SHCDESE [D:\CDesktopLink\Unterlagen\Mods\Stronghold Crusader DE\Meine Mods\CastlePlanner\AIVPlacement.Tests\CastlePlanner.AIVPlacement.Tests.csproj]
C:\Program Files\dotnet\sdk\10.0.303\Microsoft.Common.CurrentVersion.targets(2453,5): warning MSB3277:         D:\CDesktopLink\Unterlagen\Mods\Stronghold Crusader DE\Meine Mods\shcde-script-extender\src\SHCDESE.BepInEx\bin\net481\Microsoft.Extensions.Logging.dll [D:\CDesktopLink\Unterlagen\Mods\Stronghold Crusader DE\Meine Mods\CastlePlanner\AIVPlacement.Tests\CastlePlanner.AIVPlacement.Tests.csproj]
C:\Program Files\dotnet\sdk\10.0.303\Microsoft.Common.CurrentVersion.targets(2453,5): warning MSB3277:           Elementincludes einer Projektdatei, die den Verweis "D:\CDesktopLink\Unterlagen\Mods\Stronghold Crusader DE\Meine Mods\shcde-script-extender\src\SHCDESE.BepInEx\bin\net481\Microsoft.Extensions.Logging.dll" verursacht haben. [D:\CDesktopLink\Unterlagen\Mods\Stronghold Crusader DE\Meine Mods\CastlePlanner\AIVPlacement.Tests\CastlePlanner.AIVPlacement.Tests.csproj]
C:\Program Files\dotnet\sdk\10.0.303\Microsoft.Common.CurrentVersion.targets(2453,5): warning MSB3277:             SHCDESE [D:\CDesktopLink\Unterlagen\Mods\Stronghold Crusader DE\Meine Mods\CastlePlanner\AIVPlacement.Tests\CastlePlanner.AIVPlacement.Tests.csproj]
D:\CDesktopLink\Unterlagen\Mods\Stronghold Crusader DE\Meine Mods\CastlePlanner\AIVPlacement.Tests\Program.cs(916,68): warning CS8632: Die Anmerkung für Nullable-Verweistypen darf nur in Code innerhalb eines #nullable-Anmerkungskontexts verwendet werden. [D:\CDesktopLink\Unterlagen\Mods\Stronghold Crusader DE\Meine Mods\CastlePlanner\AIVPlacement.Tests\CastlePlanner.AIVPlacement.Tests.csproj]
D:\CDesktopLink\Unterlagen\Mods\Stronghold Crusader DE\Meine Mods\CastlePlanner\AIVPlacement.Tests\Program.cs(919,66): warning CS8632: Die Anmerkung für Nullable-Verweistypen darf nur in Code innerhalb eines #nullable-Anmerkungskontexts verwendet werden. [D:\CDesktopLink\Unterlagen\Mods\Stronghold Crusader DE\Meine Mods\CastlePlanner\AIVPlacement.Tests\CastlePlanner.AIVPlacement.Tests.csproj]
  CastlePlanner.AIVPlacement.Tests -> D:\CDesktopLink\Unterlagen\Mods\Stronghold Crusader DE\Meine Mods\CastlePlanner\AIVPlacement.Tests\bin\Release\net10.0\CastlePlanner.AIVPlacement.Tests.dll

Der Buildvorgang wurde erfolgreich ausgeführt.

C:\Program Files\dotnet\sdk\10.0.303\Microsoft.Common.CurrentVersion.targets(2453,5): warning MSB3277: Es wurden Konflikte zwischen verschiedenen Versionen von "System.Text.Json" gefunden, die nicht aufgelöst werden konnten. [D:\CDesktopLink\Unterlagen\Mods\Stronghold Crusader DE\Meine Mods\CastlePlanner\AIVPlacement.Tests\CastlePlanner.AIVPlacement.Tests.csproj]
C:\Program Files\dotnet\sdk\10.0.303\Microsoft.Common.CurrentVersion.targets(2453,5): warning MSB3277: Konflikt zwischen System.Text.Json, Version=10.0.0.0, Culture=neutral, PublicKeyToken=cc7b13ffcd2ddd51 und System.Text.Json, Version=10.0.0.12, Culture=neutral, PublicKeyToken=cc7b13ffcd2ddd51. [D:\CDesktopLink\Unterlagen\Mods\Stronghold Crusader DE\Meine Mods\CastlePlanner\AIVPlacement.Tests\CastlePlanner.AIVPlacement.Tests.csproj]
C:\Program Files\dotnet\sdk\10.0.303\Microsoft.Common.CurrentVersion.targets(2453,5): warning MSB3277:     System.Text.Json, Version=10.0.0.0, Culture=neutral, PublicKeyToken=cc7b13ffcd2ddd51 wurde aufgrund der primären Eigenschaft System.Text.Json, Version=10.0.0.12, Culture=neutral, PublicKeyToken=cc7b13ffcd2ddd51 vorgezogen. [D:\CDesktopLink\Unterlagen\Mods\Stronghold Crusader DE\Meine Mods\CastlePlanner\AIVPlacement.Tests\CastlePlanner.AIVPlacement.Tests.csproj]
C:\Program Files\dotnet\sdk\10.0.303\Microsoft.Common.CurrentVersion.targets(2453,5): warning MSB3277:     Verweise, die von "System.Text.Json, Version=10.0.0.0, Culture=neutral, PublicKeyToken=cc7b13ffcd2ddd51" abhängig sind [C:\Program Files\dotnet\packs\Microsoft.NETCore.App.Ref\10.0.11\ref\net10.0\System.Text.Json.dll]. [D:\CDesktopLink\Unterlagen\Mods\Stronghold Crusader DE\Meine Mods\CastlePlanner\AIVPlacement.Tests\CastlePlanner.AIVPlacement.Tests.csproj]
C:\Program Files\dotnet\sdk\10.0.303\Microsoft.Common.CurrentVersion.targets(2453,5): warning MSB3277:         C:\Program Files\dotnet\packs\Microsoft.NETCore.App.Ref\10.0.11\ref\net10.0\System.Text.Json.dll [D:\CDesktopLink\Unterlagen\Mods\Stronghold Crusader DE\Meine Mods\CastlePlanner\AIVPlacement.Tests\CastlePlanner.AIVPlacement.Tests.csproj]
C:\Program Files\dotnet\sdk\10.0.303\Microsoft.Common.CurrentVersion.targets(2453,5): warning MSB3277:           Elementincludes einer Projektdatei, die den Verweis "C:\Program Files\dotnet\packs\Microsoft.NETCore.App.Ref\10.0.11\ref\net10.0\System.Text.Json.dll" verursacht haben. [D:\CDesktopLink\Unterlagen\Mods\Stronghold Crusader DE\Meine Mods\CastlePlanner\AIVPlacement.Tests\CastlePlanner.AIVPlacement.Tests.csproj]
C:\Program Files\dotnet\sdk\10.0.303\Microsoft.Common.CurrentVersion.targets(2453,5): warning MSB3277:             C:\Program Files\dotnet\packs\Microsoft.NETCore.App.Ref\10.0.11\ref/net10.0/System.Text.Json.dll [D:\CDesktopLink\Unterlagen\Mods\Stronghold Crusader DE\Meine Mods\CastlePlanner\AIVPlacement.Tests\CastlePlanner.AIVPlacement.Tests.csproj]
C:\Program Files\dotnet\sdk\10.0.303\Microsoft.Common.CurrentVersion.targets(2453,5): warning MSB3277:     Verweise, die von „System.Text.Json, Version=10.0.0.12, Culture=neutral, PublicKeyToken=cc7b13ffcd2ddd51“ [] abhängen oder damit vereint wurden. [D:\CDesktopLink\Unterlagen\Mods\Stronghold Crusader DE\Meine Mods\CastlePlanner\AIVPlacement.Tests\CastlePlanner.AIVPlacement.Tests.csproj]
C:\Program Files\dotnet\sdk\10.0.303\Microsoft.Common.CurrentVersion.targets(2453,5): warning MSB3277:         D:\CDesktopLink\Unterlagen\Mods\Stronghold Crusader DE\Meine Mods\shcde-script-extender\src\SHCDESE.BepInEx\bin\net481\SHCDESE.dll [D:\CDesktopLink\Unterlagen\Mods\Stronghold Crusader DE\Meine Mods\CastlePlanner\AIVPlacement.Tests\CastlePlanner.AIVPlacement.Tests.csproj]
C:\Program Files\dotnet\sdk\10.0.303\Microsoft.Common.CurrentVersion.targets(2453,5): warning MSB3277:           Elementincludes einer Projektdatei, die den Verweis "D:\CDesktopLink\Unterlagen\Mods\Stronghold Crusader DE\Meine Mods\shcde-script-extender\src\SHCDESE.BepInEx\bin\net481\SHCDESE.dll" verursacht haben. [D:\CDesktopLink\Unterlagen\Mods\Stronghold Crusader DE\Meine Mods\CastlePlanner\AIVPlacement.Tests\CastlePlanner.AIVPlacement.Tests.csproj]
C:\Program Files\dotnet\sdk\10.0.303\Microsoft.Common.CurrentVersion.targets(2453,5): warning MSB3277:             SHCDESE [D:\CDesktopLink\Unterlagen\Mods\Stronghold Crusader DE\Meine Mods\CastlePlanner\AIVPlacement.Tests\CastlePlanner.AIVPlacement.Tests.csproj]
C:\Program Files\dotnet\sdk\10.0.303\Microsoft.Common.CurrentVersion.targets(2453,5): warning MSB3277:         D:\CDesktopLink\Unterlagen\Mods\Stronghold Crusader DE\Meine Mods\shcde-script-extender\src\SHCDESE.BepInEx\bin\net481\RedBird.Core.dll [D:\CDesktopLink\Unterlagen\Mods\Stronghold Crusader DE\Meine Mods\CastlePlanner\AIVPlacement.Tests\CastlePlanner.AIVPlacement.Tests.csproj]
C:\Program Files\dotnet\sdk\10.0.303\Microsoft.Common.CurrentVersion.targets(2453,5): warning MSB3277:           Elementincludes einer Projektdatei, die den Verweis "D:\CDesktopLink\Unterlagen\Mods\Stronghold Crusader DE\Meine Mods\shcde-script-extender\src\SHCDESE.BepInEx\bin\net481\RedBird.Core.dll" verursacht haben. [D:\CDesktopLink\Unterlagen\Mods\Stronghold Crusader DE\Meine Mods\CastlePlanner\AIVPlacement.Tests\CastlePlanner.AIVPlacement.Tests.csproj]
C:\Program Files\dotnet\sdk\10.0.303\Microsoft.Common.CurrentVersion.targets(2453,5): warning MSB3277:             SHCDESE [D:\CDesktopLink\Unterlagen\Mods\Stronghold Crusader DE\Meine Mods\CastlePlanner\AIVPlacement.Tests\CastlePlanner.AIVPlacement.Tests.csproj]
C:\Program Files\dotnet\sdk\10.0.303\Microsoft.Common.CurrentVersion.targets(2453,5): warning MSB3277:         D:\CDesktopLink\Unterlagen\Mods\Stronghold Crusader DE\Meine Mods\shcde-script-extender\src\SHCDESE.BepInEx\bin\net481\Lepo.i18n.Json.dll [D:\CDesktopLink\Unterlagen\Mods\Stronghold Crusader DE\Meine Mods\CastlePlanner\AIVPlacement.Tests\CastlePlanner.AIVPlacement.Tests.csproj]
C:\Program Files\dotnet\sdk\10.0.303\Microsoft.Common.CurrentVersion.targets(2453,5): warning MSB3277:           Elementincludes einer Projektdatei, die den Verweis "D:\CDesktopLink\Unterlagen\Mods\Stronghold Crusader DE\Meine Mods\shcde-script-extender\src\SHCDESE.BepInEx\bin\net481\Lepo.i18n.Json.dll" verursacht haben. [D:\CDesktopLink\Unterlagen\Mods\Stronghold Crusader DE\Meine Mods\CastlePlanner\AIVPlacement.Tests\CastlePlanner.AIVPlacement.Tests.csproj]
C:\Program Files\dotnet\sdk\10.0.303\Microsoft.Common.CurrentVersion.targets(2453,5): warning MSB3277:             SHCDESE [D:\CDesktopLink\Unterlagen\Mods\Stronghold Crusader DE\Meine Mods\CastlePlanner\AIVPlacement.Tests\CastlePlanner.AIVPlacement.Tests.csproj]
C:\Program Files\dotnet\sdk\10.0.303\Microsoft.Common.CurrentVersion.targets(2453,5): warning MSB3277: Es wurden Konflikte zwischen verschiedenen Versionen von "System.Diagnostics.DiagnosticSource" gefunden, die nicht aufgelöst werden konnten. [D:\CDesktopLink\Unterlagen\Mods\Stronghold Crusader DE\Meine Mods\CastlePlanner\AIVPlacement.Tests\CastlePlanner.AIVPlacement.Tests.csproj]
C:\Program Files\dotnet\sdk\10.0.303\Microsoft.Common.CurrentVersion.targets(2453,5): warning MSB3277: Konflikt zwischen System.Diagnostics.DiagnosticSource, Version=10.0.0.0, Culture=neutral, PublicKeyToken=cc7b13ffcd2ddd51 und System.Diagnostics.DiagnosticSource, Version=10.0.0.12, Culture=neutral, PublicKeyToken=cc7b13ffcd2ddd51. [D:\CDesktopLink\Unterlagen\Mods\Stronghold Crusader DE\Meine Mods\CastlePlanner\AIVPlacement.Tests\CastlePlanner.AIVPlacement.Tests.csproj]
C:\Program Files\dotnet\sdk\10.0.303\Microsoft.Common.CurrentVersion.targets(2453,5): warning MSB3277:     System.Diagnostics.DiagnosticSource, Version=10.0.0.0, Culture=neutral, PublicKeyToken=cc7b13ffcd2ddd51 wurde aufgrund der primären Eigenschaft System.Diagnostics.DiagnosticSource, Version=10.0.0.12, Culture=neutral, PublicKeyToken=cc7b13ffcd2ddd51 vorgezogen. [D:\CDesktopLink\Unterlagen\Mods\Stronghold Crusader DE\Meine Mods\CastlePlanner\AIVPlacement.Tests\CastlePlanner.AIVPlacement.Tests.csproj]
C:\Program Files\dotnet\sdk\10.0.303\Microsoft.Common.CurrentVersion.targets(2453,5): warning MSB3277:     Verweise, die von "System.Diagnostics.DiagnosticSource, Version=10.0.0.0, Culture=neutral, PublicKeyToken=cc7b13ffcd2ddd51" abhängig sind [C:\Program Files\dotnet\packs\Microsoft.NETCore.App.Ref\10.0.11\ref\net10.0\System.Diagnostics.DiagnosticSource.dll]. [D:\CDesktopLink\Unterlagen\Mods\Stronghold Crusader DE\Meine Mods\CastlePlanner\AIVPlacement.Tests\CastlePlanner.AIVPlacement.Tests.csproj]
C:\Program Files\dotnet\sdk\10.0.303\Microsoft.Common.CurrentVersion.targets(2453,5): warning MSB3277:         C:\Program Files\dotnet\packs\Microsoft.NETCore.App.Ref\10.0.11\ref\net10.0\System.Diagnostics.DiagnosticSource.dll [D:\CDesktopLink\Unterlagen\Mods\Stronghold Crusader DE\Meine Mods\CastlePlanner\AIVPlacement.Tests\CastlePlanner.AIVPlacement.Tests.csproj]
C:\Program Files\dotnet\sdk\10.0.303\Microsoft.Common.CurrentVersion.targets(2453,5): warning MSB3277:           Elementincludes einer Projektdatei, die den Verweis "C:\Program Files\dotnet\packs\Microsoft.NETCore.App.Ref\10.0.11\ref\net10.0\System.Diagnostics.DiagnosticSource.dll" verursacht haben. [D:\CDesktopLink\Unterlagen\Mods\Stronghold Crusader DE\Meine Mods\CastlePlanner\AIVPlacement.Tests\CastlePlanner.AIVPlacement.Tests.csproj]
C:\Program Files\dotnet\sdk\10.0.303\Microsoft.Common.CurrentVersion.targets(2453,5): warning MSB3277:             C:\Program Files\dotnet\packs\Microsoft.NETCore.App.Ref\10.0.11\ref/net10.0/System.Diagnostics.DiagnosticSource.dll [D:\CDesktopLink\Unterlagen\Mods\Stronghold Crusader DE\Meine Mods\CastlePlanner\AIVPlacement.Tests\CastlePlanner.AIVPlacement.Tests.csproj]
C:\Program Files\dotnet\sdk\10.0.303\Microsoft.Common.CurrentVersion.targets(2453,5): warning MSB3277:     Verweise, die von „System.Diagnostics.DiagnosticSource, Version=10.0.0.12, Culture=neutral, PublicKeyToken=cc7b13ffcd2ddd51“ [] abhängen oder damit vereint wurden. [D:\CDesktopLink\Unterlagen\Mods\Stronghold Crusader DE\Meine Mods\CastlePlanner\AIVPlacement.Tests\CastlePlanner.AIVPlacement.Tests.csproj]
C:\Program Files\dotnet\sdk\10.0.303\Microsoft.Common.CurrentVersion.targets(2453,5): warning MSB3277:         D:\CDesktopLink\Unterlagen\Mods\Stronghold Crusader DE\Meine Mods\shcde-script-extender\src\SHCDESE.BepInEx\bin\net481\Microsoft.Extensions.Logging.Abstractions.dll [D:\CDesktopLink\Unterlagen\Mods\Stronghold Crusader DE\Meine Mods\CastlePlanner\AIVPlacement.Tests\CastlePlanner.AIVPlacement.Tests.csproj]
C:\Program Files\dotnet\sdk\10.0.303\Microsoft.Common.CurrentVersion.targets(2453,5): warning MSB3277:           Elementincludes einer Projektdatei, die den Verweis "D:\CDesktopLink\Unterlagen\Mods\Stronghold Crusader DE\Meine Mods\shcde-script-extender\src\SHCDESE.BepInEx\bin\net481\Microsoft.Extensions.Logging.Abstractions.dll" verursacht haben. [D:\CDesktopLink\Unterlagen\Mods\Stronghold Crusader DE\Meine Mods\CastlePlanner\AIVPlacement.Tests\CastlePlanner.AIVPlacement.Tests.csproj]
C:\Program Files\dotnet\sdk\10.0.303\Microsoft.Common.CurrentVersion.targets(2453,5): warning MSB3277:             SHCDESE [D:\CDesktopLink\Unterlagen\Mods\Stronghold Crusader DE\Meine Mods\CastlePlanner\AIVPlacement.Tests\CastlePlanner.AIVPlacement.Tests.csproj]
C:\Program Files\dotnet\sdk\10.0.303\Microsoft.Common.CurrentVersion.targets(2453,5): warning MSB3277:         D:\CDesktopLink\Unterlagen\Mods\Stronghold Crusader DE\Meine Mods\shcde-script-extender\src\SHCDESE.BepInEx\bin\net481\Serilog.dll [D:\CDesktopLink\Unterlagen\Mods\Stronghold Crusader DE\Meine Mods\CastlePlanner\AIVPlacement.Tests\CastlePlanner.AIVPlacement.Tests.csproj]
C:\Program Files\dotnet\sdk\10.0.303\Microsoft.Common.CurrentVersion.targets(2453,5): warning MSB3277:           Elementincludes einer Projektdatei, die den Verweis "D:\CDesktopLink\Unterlagen\Mods\Stronghold Crusader DE\Meine Mods\shcde-script-extender\src\SHCDESE.BepInEx\bin\net481\Serilog.dll" verursacht haben. [D:\CDesktopLink\Unterlagen\Mods\Stronghold Crusader DE\Meine Mods\CastlePlanner\AIVPlacement.Tests\CastlePlanner.AIVPlacement.Tests.csproj]
C:\Program Files\dotnet\sdk\10.0.303\Microsoft.Common.CurrentVersion.targets(2453,5): warning MSB3277:             SHCDESE [D:\CDesktopLink\Unterlagen\Mods\Stronghold Crusader DE\Meine Mods\CastlePlanner\AIVPlacement.Tests\CastlePlanner.AIVPlacement.Tests.csproj]
C:\Program Files\dotnet\sdk\10.0.303\Microsoft.Common.CurrentVersion.targets(2453,5): warning MSB3277:         D:\CDesktopLink\Unterlagen\Mods\Stronghold Crusader DE\Meine Mods\shcde-script-extender\src\SHCDESE.BepInEx\bin\net481\Serilog.Extensions.Logging.dll [D:\CDesktopLink\Unterlagen\Mods\Stronghold Crusader DE\Meine Mods\CastlePlanner\AIVPlacement.Tests\CastlePlanner.AIVPlacement.Tests.csproj]
C:\Program Files\dotnet\sdk\10.0.303\Microsoft.Common.CurrentVersion.targets(2453,5): warning MSB3277:           Elementincludes einer Projektdatei, die den Verweis "D:\CDesktopLink\Unterlagen\Mods\Stronghold Crusader DE\Meine Mods\shcde-script-extender\src\SHCDESE.BepInEx\bin\net481\Serilog.Extensions.Logging.dll" verursacht haben. [D:\CDesktopLink\Unterlagen\Mods\Stronghold Crusader DE\Meine Mods\CastlePlanner\AIVPlacement.Tests\CastlePlanner.AIVPlacement.Tests.csproj]
C:\Program Files\dotnet\sdk\10.0.303\Microsoft.Common.CurrentVersion.targets(2453,5): warning MSB3277:             SHCDESE [D:\CDesktopLink\Unterlagen\Mods\Stronghold Crusader DE\Meine Mods\CastlePlanner\AIVPlacement.Tests\CastlePlanner.AIVPlacement.Tests.csproj]
C:\Program Files\dotnet\sdk\10.0.303\Microsoft.Common.CurrentVersion.targets(2453,5): warning MSB3277:         D:\CDesktopLink\Unterlagen\Mods\Stronghold Crusader DE\Meine Mods\shcde-script-extender\src\SHCDESE.BepInEx\bin\net481\Microsoft.Extensions.Logging.dll [D:\CDesktopLink\Unterlagen\Mods\Stronghold Crusader DE\Meine Mods\CastlePlanner\AIVPlacement.Tests\CastlePlanner.AIVPlacement.Tests.csproj]
C:\Program Files\dotnet\sdk\10.0.303\Microsoft.Common.CurrentVersion.targets(2453,5): warning MSB3277:           Elementincludes einer Projektdatei, die den Verweis "D:\CDesktopLink\Unterlagen\Mods\Stronghold Crusader DE\Meine Mods\shcde-script-extender\src\SHCDESE.BepInEx\bin\net481\Microsoft.Extensions.Logging.dll" verursacht haben. [D:\CDesktopLink\Unterlagen\Mods\Stronghold Crusader DE\Meine Mods\CastlePlanner\AIVPlacement.Tests\CastlePlanner.AIVPlacement.Tests.csproj]
C:\Program Files\dotnet\sdk\10.0.303\Microsoft.Common.CurrentVersion.targets(2453,5): warning MSB3277:             SHCDESE [D:\CDesktopLink\Unterlagen\Mods\Stronghold Crusader DE\Meine Mods\CastlePlanner\AIVPlacement.Tests\CastlePlanner.AIVPlacement.Tests.csproj]
D:\CDesktopLink\Unterlagen\Mods\Stronghold Crusader DE\Meine Mods\CastlePlanner\AIVPlacement.Tests\Program.cs(916,68): warning CS8632: Die Anmerkung für Nullable-Verweistypen darf nur in Code innerhalb eines #nullable-Anmerkungskontexts verwendet werden. [D:\CDesktopLink\Unterlagen\Mods\Stronghold Crusader DE\Meine Mods\CastlePlanner\AIVPlacement.Tests\CastlePlanner.AIVPlacement.Tests.csproj]
D:\CDesktopLink\Unterlagen\Mods\Stronghold Crusader DE\Meine Mods\CastlePlanner\AIVPlacement.Tests\Program.cs(919,66): warning CS8632: Die Anmerkung für Nullable-Verweistypen darf nur in Code innerhalb eines #nullable-Anmerkungskontexts verwendet werden. [D:\CDesktopLink\Unterlagen\Mods\Stronghold Crusader DE\Meine Mods\CastlePlanner\AIVPlacement.Tests\CastlePlanner.AIVPlacement.Tests.csproj]
    4 Warnung(en)
    0 Fehler

Verstrichene Zeit 00:00:02.93
PASS maps player to keep slot
PASS maps lobby rotation values to native degrees
PASS resolves Vanilla map-facing start rotations
PASS tracks retained starts in native player order
PASS evaluates AI starts sequentially
PASS reuses multiplayer tie choice for sequential starts
PASS propagates a certain start rotation across an uncertain AIV choice
PASS keeps differing start rotations unresolved
PASS rechecks later AI after complete castles is switched off
PASS creates eight default candidates
PASS maps current lord enum names to bundled Vanilla files
PASS evaluates the first AI before prebuild
PASS keeps client evaluation host-only
PASS rejects missing map
PASS rejects ambiguous keep
PASS resolves custom AIV
PASS preserves multiple custom candidates
PASS leaves multiplayer AIV selection to Vanilla
PASS publishes optional status without a hard Bugfix dependency
PASS resolves embedded custom candidate
PASS uses Script Extender override
PASS loads AIVJSON from the shared core
PASS loads in-memory AIVJSON from the shared core
PASS copies mutable inputs
PASS rejects stale generation
PASS throttles unchanged lobby captures
PASS cancels superseded generation work
PASS classifies expected and unexpected evaluation logs
PASS caches not-evaluable placement results
PASS coalesces concurrent placement requests
PASS invalidates cache after AIV and map changes
PASS invalidates cache after retained starts change
PASS bounds the placement result cache
PASS fingerprints source file changes
PASS keeps prebuild out of the worker
PASS aggregates every candidate in import order
PASS streams fifty candidates in list order off the UI thread
PASS withholds an ambiguous complete tie
PASS replays native auto thresholds and rotations
PASS selects the best sequential partial
PASS randomizes every complete tie
PASS randomizes every highest partial score tie
PASS roundtrips strict native AIV spawn data
PASS roundtrips nothing, keep-only and castle decisions
PASS normalizes and formats castle-selection timeouts
PASS roundtrips castle-selection timeout packets
PASS wires the host castle-selection timeout setting
PASS rejects invalid free-castle decisions
PASS roundtrips Vanilla no-op AIV frames
PASS accepts native Int16 AIV frame counts
PASS resolves LordJSON flag types deterministically
PASS rejects malformed AIVJSON spawn data
PASS roundtrips known working AIVJSON files
PASS rejects malformed native AIV spawn data
PASS filters every AIV spawn frame category
PASS filters Blueprint castle choices case-insensitively
PASS recognizes non-AIV archive containers
PASS removes invalid AIVJSON catalog entries
PASS formats compact AIVJSON display names
PASS disambiguates compact AIVJSON display names
PASS filters troops and maps only siege engines
PASS maps braziers and owner-specific flags
PASS projects supplemental items for every rotation
PASS keeps supplemental items on the native reference anchor
PASS converts decoration tiles to projectile coordinates
PASS verifies decorations after Vanilla height normalization
PASS aligns native rotation to the live Keep footprint
PASS resolves rotated BuildStructure origins
PASS preserves compound storage placement order
PASS preserves the Vanilla Blueprint HUD interaction contract
PASS exposes nothing and keep-only start choices
PASS coalesces synchronization-context packet dispatch in FIFO order
PASS marshals free-castle packets before protocol handling
PASS validates the installed RedBird overwrite span
PASS guards multiplayer preview liveness across pause and resume
PASS invalidates stale multiplayer loading warnings
PASS pins CastlePlanner to the manifest Script Extender range
PASS maps localized castle rotation labels to Vanilla directions
PASS falls back to English castle rotation directions
PASS selects the official AIV API when available
PASS recognizes the known nested CoarseGridBuffer failure
PASS rejects unrelated AIV API failures
PASS validates workaround AIV table and import boundaries
PASS uses explicit candidate zero for human spawn
84/84 tests passed.
MSBuild-Version 17.11.9+a69bbaaf5 für .NET Framework
Der Buildvorgang wurde am 23.09.2026 20:53:53 gestartet.

Projekt "D:\CDesktopLink\Unterlagen\Mods\Stronghold Crusader DE\Meine Mods\CastlePlanner\CastlePlanner.csproj" auf Knoten "1" (Standardziele).
GenerateTargetFrameworkMonikerAttribute:
Das Ziel "GenerateTargetFrameworkMonikerAttribute" wird übersprungen, da alle Ausgabedateien hinsichtlich der Eingabedateien aktuell sind.
CoreCompile:
  C:\Program Files (x86)\Microsoft Visual Studio\2022\BuildTools\MSBuild\Current\Bin\Roslyn\csc.exe /noconfig /unsafe+ /nowarn:1701,1702 /fullpaths /nostdlib+ /errorreport:prompt /warn:4 /define:DEBUG;TRACE /highentropyva+ /reference:"D:\CDesktopLink\Unterlagen\Mods\Stronghold Crusader DE\Meine Mods\Helpers\AIVParser\AIVParser.Core\bin\Release\netstandard2.0\AIVParser.Core.dll" /reference:"D:\CDesktopLink\Unterlagen\Mods\Stronghold Crusader DE\Meine Mods\AIVPlacement\AIVPlacement.Core\bin\Release\netstandard2.0\AIVPlacement.Core.dll" /reference:"E:\ProgrammeE\Steam\steamapps\common\Stronghold Crusader Definitive Edition\BepInEx\plugins\APIShared_Serp\APIShared.dll" /reference:"E:\ProgrammeE\Steam\steamapps\common\Stronghold Crusader Definitive Edition\Stronghold Crusader Definitive Edition_Data\Managed\Assembly-CSharp.dll" /reference:"E:\ProgrammeE\Steam\steamapps\common\Stronghold Crusader Definitive Edition\BepInEx\core\BepInEx.dll" /reference:"D:\CDesktopLink\Unterlagen\Mods\Stronghold Crusader DE\Meine Mods\CastlePlanner\AIVPlacement.Core\bin\Release\netstandard2.0\CastlePlanner.AIVPlacement.Core.dll" /reference:"E:\ProgrammeE\Steam\steamapps\common\Stronghold Crusader Definitive Edition\Stronghold Crusader Definitive Edition_Data\Managed\com.rlabrecque.steamworks.net.dll" /reference:"D:\CDesktopLink\Unterlagen\Mods\Stronghold Crusader DE\Meine Mods\Helpers\MapParser\MapParser.Core\bin\Release\netstandard2.0\MapParser.Core.dll" /reference:"E:\ProgrammeE\Steam\steamapps\common\Stronghold Crusader Definitive Edition\BepInEx\plugins\000shcdese\MessagePack.Annotations.dll" /reference:"E:\ProgrammeE\Steam\steamapps\common\Stronghold Crusader Definitive Edition\BepInEx\plugins\000shcdese\MessagePack.dll" /reference:"E:\ProgrammeE\Steam\steamapps\common\Stronghold Crusader Definitive Edition\BepInEx\plugins\000shcdese\Microsoft.Extensions.Logging.Abstractions.dll" /reference:"E:\ProgrammeE\Steam\steamapps\common\Stronghold Crusader Definitive Edition\BepInEx\core\MonoMod.RuntimeDetour.dll" /reference:"C:\Program Files (x86)\Reference Assemblies\Microsoft\Framework\.NETFramework\v4.8.1\mscorlib.dll" /reference:"E:\ProgrammeE\Steam\steamapps\common\Stronghold Crusader Definitive Edition\Stronghold Crusader Definitive Edition_Data\Managed\Noesis.NoesisGUI.dll" /reference:"E:\ProgrammeE\Steam\steamapps\common\Stronghold Crusader Definitive Edition\BepInEx\plugins\000shcdese\R3.dll" /reference:"E:\ProgrammeE\Steam\steamapps\common\Stronghold Crusader Definitive Edition\BepInEx\plugins\000shcdese\RedBird.Abstractions.dll" /reference:"E:\ProgrammeE\Steam\steamapps\common\Stronghold Crusader Definitive Edition\BepInEx\plugins\000shcdese\RedBird.Core.dll" /reference:"E:\ProgrammeE\Steam\steamapps\common\Stronghold Crusader Definitive Edition\BepInEx\plugins\000shcdese\RedBird.X64.dll" /reference:"E:\ProgrammeE\Steam\steamapps\common\Stronghold Crusader Definitive Edition\BepInEx\plugins\000shcdese\SHCDESE.dll" /reference:"C:\Program Files (x86)\Reference Assemblies\Microsoft\Framework\.NETFramework\v4.8.1\System.Core.dll" /reference:"C:\Program Files (x86)\Reference Assemblies\Microsoft\Framework\.NETFramework\v4.8.1\System.dll" /reference:"E:\ProgrammeE\Steam\steamapps\common\Stronghold Crusader Definitive Edition\BepInEx\plugins\000shcdese\System.Memory.dll" /reference:"C:\Program Files (x86)\Reference Assemblies\Microsoft\Framework\.NETFramework\v4.8.1\System.Xml.dll" /reference:"C:\Program Files (x86)\Reference Assemblies\Microsoft\Framework\.NETFramework\v4.8.1\System.Xml.Linq.dll" /reference:"E:\ProgrammeE\Steam\steamapps\common\Stronghold Crusader Definitive Edition\Stronghold Crusader Definitive Edition_Data\Managed\UnityEngine.CoreModule.dll" /reference:"E:\ProgrammeE\Steam\steamapps\common\Stronghold Crusader Definitive Edition\Stronghold Crusader Definitive Edition_Data\Managed\UnityEngine.dll" /reference:"E:\ProgrammeE\Steam\steamapps\common\Stronghold Crusader Definitive Edition\Stronghold Crusader Definitive Edition_Data\Managed\UnityEngine.GridModule.dll" /reference:"E:\ProgrammeE\Steam\steamapps\common\Stronghold Crusader Definitive Edition\Stronghold Crusader Definitive Edition_Data\Managed\UnityEngine.ImageConversionModule.dll" /reference:"E:\ProgrammeE\Steam\steamapps\common\Stronghold Crusader Definitive Edition\Stronghold Crusader Definitive Edition_Data\Managed\UnityEngine.InputLegacyModule.dll" /reference:"E:\ProgrammeE\Steam\steamapps\common\Stronghold Crusader Definitive Edition\Stronghold Crusader Definitive Edition_Data\Managed\UnityEngine.TilemapModule.dll" /reference:"C:\Program Files (x86)\Reference Assemblies\Microsoft\Framework\.NETFramework\v4.8.1\Facades\Microsoft.Win32.Primitives.dll" /reference:"C:\Program Files (x86)\Reference Assemblies\Microsoft\Framework\.NETFramework\v4.8.1\Facades\netstandard.dll" /reference:"C:\Program Files (x86)\Reference Assemblies\Microsoft\Framework\.NETFramework\v4.8.1\Facades\System.AppContext.dll" /reference:"C:\Program Files (x86)\Reference Assemblies\Microsoft\Framework\.NETFramework\v4.8.1\Facades\System.Collections.Concurrent.dll" /reference:"C:\Program Files (x86)\Reference Assemblies\Microsoft\Framework\.NETFramework\v4.8.1\Facades\System.Collections.dll" /reference:"C:\Program Files (x86)\Reference Assemblies\Microsoft\Framework\.NETFramework\v4.8.1\Facades\System.Collections.NonGeneric.dll" /reference:"C:\Program Files (x86)\Reference Assemblies\Microsoft\Framework\.NETFramework\v4.8.1\Facades\System.Collections.Specialized.dll" /reference:"C:\Program Files (x86)\Reference Assemblies\Microsoft\Framework\.NETFramework\v4.8.1\Facades\System.ComponentModel.Annotations.dll" /reference:"C:\Program Files (x86)\Reference Assemblies\Microsoft\Framework\.NETFramework\v4.8.1\Facades\System.ComponentModel.dll" /reference:"C:\Program Files (x86)\Reference Assemblies\Microsoft\Framework\.NETFramework\v4.8.1\Facades\System.ComponentModel.EventBasedAsync.dll" /reference:"C:\Program Files (x86)\Reference Assemblies\Microsoft\Framework\.NETFramework\v4.8.1\Facades\System.ComponentModel.Primitives.dll" /reference:"C:\Program Files (x86)\Reference Assemblies\Microsoft\Framework\.NETFramework\v4.8.1\Facades\System.ComponentModel.TypeConverter.dll" /reference:"C:\Program Files (x86)\Reference Assemblies\Microsoft\Framework\.NETFramework\v4.8.1\Facades\System.Console.dll" /reference:"C:\Program Files (x86)\Reference Assemblies\Microsoft\Framework\.NETFramework\v4.8.1\Facades\System.Data.Common.dll" /reference:"C:\Program Files (x86)\Reference Assemblies\Microsoft\Framework\.NETFramework\v4.8.1\Facades\System.Diagnostics.Contracts.dll" /reference:"C:\Program Files (x86)\Reference Assemblies\Microsoft\Framework\.NETFramework\v4.8.1\Facades\System.Diagnostics.Debug.dll" /reference:"C:\Program Files (x86)\Reference Assemblies\Microsoft\Framework\.NETFramework\v4.8.1\Facades\System.Diagnostics.FileVersionInfo.dll" /reference:"C:\Program Files (x86)\Reference Assemblies\Microsoft\Framework\.NETFramework\v4.8.1\Facades\System.Diagnostics.Process.dll" /reference:"C:\Program Files (x86)\Reference Assemblies\Microsoft\Framework\.NETFramework\v4.8.1\Facades\System.Diagnostics.StackTrace.dll" /reference:"C:\Program Files (x86)\Reference Assemblies\Microsoft\Framework\.NETFramework\v4.8.1\Facades\System.Diagnostics.TextWriterTraceListener.dll" /reference:"C:\Program Files (x86)\Reference Assemblies\Microsoft\Framework\.NETFramework\v4.8.1\Facades\System.Diagnostics.Tools.dll" /reference:"C:\Program Files (x86)\Reference Assemblies\Microsoft\Framework\.NETFramework\v4.8.1\Facades\System.Diagnostics.TraceSource.dll" /reference:"C:\Program Files (x86)\Reference Assemblies\Microsoft\Framework\.NETFramework\v4.8.1\Facades\System.Drawing.Primitives.dll" /reference:"C:\Program Files (x86)\Reference Assemblies\Microsoft\Framework\.NETFramework\v4.8.1\Facades\System.Dynamic.Runtime.dll" /reference:"C:\Program Files (x86)\Reference Assemblies\Microsoft\Framework\.NETFramework\v4.8.1\Facades\System.Globalization.Calendars.dll" /reference:"C:\Program Files (x86)\Reference Assemblies\Microsoft\Framework\.NETFramework\v4.8.1\Facades\System.Globalization.dll" /reference:"C:\Program Files (x86)\Reference Assemblies\Microsoft\Framework\.NETFramework\v4.8.1\Facades\System.Globalization.Extensions.dll" /reference:"C:\Program Files (x86)\Reference Assemblies\Microsoft\Framework\.NETFramework\v4.8.1\Facades\System.IO.Compression.ZipFile.dll" /reference:"C:\Program Files (x86)\Reference Assemblies\Microsoft\Framework\.NETFramework\v4.8.1\Facades\System.IO.dll" /reference:"C:\Program Files (x86)\Reference Assemblies\Microsoft\Framework\.NETFramework\v4.8.1\Facades\System.IO.FileSystem.dll" /reference:"C:\Program Files (x86)\Reference Assemblies\Microsoft\Framework\.NETFramework\v4.8.1\Facades\System.IO.FileSystem.DriveInfo.dll" /reference:"C:\Program Files (x86)\Reference Assemblies\Microsoft\Framework\.NETFramework\v4.8.1\Facades\System.IO.FileSystem.Primitives.dll" /reference:"C:\Program Files (x86)\Reference Assemblies\Microsoft\Framework\.NETFramework\v4.8.1\Facades\System.IO.FileSystem.Watcher.dll" /reference:"C:\Program Files (x86)\Reference Assemblies\Microsoft\Framework\.NETFramework\v4.8.1\Facades\System.IO.IsolatedStorage.dll" /reference:"C:\Program Files (x86)\Reference Assemblies\Microsoft\Framework\.NETFramework\v4.8.1\Facades\System.IO.MemoryMappedFiles.dll" /reference:"C:\Program Files (x86)\Reference Assemblies\Microsoft\Framework\.NETFramework\v4.8.1\Facades\System.IO.Pipes.dll" /reference:"C:\Program Files (x86)\Reference Assemblies\Microsoft\Framework\.NETFramework\v4.8.1\Facades\System.IO.UnmanagedMemoryStream.dll" /reference:"C:\Program Files (x86)\Reference Assemblies\Microsoft\Framework\.NETFramework\v4.8.1\Facades\System.Linq.dll" /reference:"C:\Program Files (x86)\Reference Assemblies\Microsoft\Framework\.NETFramework\v4.8.1\Facades\System.Linq.Expressions.dll" /reference:"C:\Program Files (x86)\Reference Assemblies\Microsoft\Framework\.NETFramework\v4.8.1\Facades\System.Linq.Parallel.dll" /reference:"C:\Program Files (x86)\Reference Assemblies\Microsoft\Framework\.NETFramework\v4.8.1\Facades\System.Linq.Queryable.dll" /reference:"C:\Program Files (x86)\Reference Assemblies\Microsoft\Framework\.NETFramework\v4.8.1\Facades\System.Net.Http.Rtc.dll" /reference:"C:\Program Files (x86)\Reference Assemblies\Microsoft\Framework\.NETFramework\v4.8.1\Facades\System.Net.NameResolution.dll" /reference:"C:\Program Files (x86)\Reference Assemblies\Microsoft\Framework\.NETFramework\v4.8.1\Facades\System.Net.NetworkInformation.dll" /reference:"C:\Program Files (x86)\Reference Assemblies\Microsoft\Framework\.NETFramework\v4.8.1\Facades\System.Net.Ping.dll" /reference:"C:\Program Files (x86)\Reference Assemblies\Microsoft\Framework\.NETFramework\v4.8.1\Facades\System.Net.Primitives.dll" /reference:"C:\Program Files (x86)\Reference Assemblies\Microsoft\Framework\.NETFramework\v4.8.1\Facades\System.Net.Requests.dll" /reference:"C:\Program Files (x86)\Reference Assemblies\Microsoft\Framework\.NETFramework\v4.8.1\Facades\System.Net.Security.dll" /reference:"C:\Program Files (x86)\Reference Assemblies\Microsoft\Framework\.NETFramework\v4.8.1\Facades\System.Net.Sockets.dll" /reference:"C:\Program Files (x86)\Reference Assemblies\Microsoft\Framework\.NETFramework\v4.8.1\Facades\System.Net.WebHeaderCollection.dll" /reference:"C:\Program Files (x86)\Reference Assemblies\Microsoft\Framework\.NETFramework\v4.8.1\Facades\System.Net.WebSockets.Client.dll" /reference:"C:\Program Files (x86)\Reference Assemblies\Microsoft\Framework\.NETFramework\v4.8.1\Facades\System.Net.WebSockets.dll" /reference:"C:\Program Files (x86)\Reference Assemblies\Microsoft\Framework\.NETFramework\v4.8.1\Facades\System.ObjectModel.dll" /reference:"C:\Program Files (x86)\Reference Assemblies\Microsoft\Framework\.NETFramework\v4.8.1\Facades\System.Reflection.dll" /reference:"C:\Program Files (x86)\Reference Assemblies\Microsoft\Framework\.NETFramework\v4.8.1\Facades\System.Reflection.Emit.dll" /reference:"C:\Program Files (x86)\Reference Assemblies\Microsoft\Framework\.NETFramework\v4.8.1\Facades\System.Reflection.Emit.ILGeneration.dll" /reference:"C:\Program Files (x86)\Reference Assemblies\Microsoft\Framework\.NETFramework\v4.8.1\Facades\System.Reflection.Emit.Lightweight.dll" /reference:"C:\Program Files (x86)\Reference Assemblies\Microsoft\Framework\.NETFramework\v4.8.1\Facades\System.Reflection.Extensions.dll" /reference:"C:\Program Files (x86)\Reference Assemblies\Microsoft\Framework\.NETFramework\v4.8.1\Facades\System.Reflection.Primitives.dll" /reference:"C:\Program Files (x86)\Reference Assemblies\Microsoft\Framework\.NETFramework\v4.8.1\Facades\System.Resources.Reader.dll" /reference:"C:\Program Files (x86)\Reference Assemblies\Microsoft\Framework\.NETFramework\v4.8.1\Facades\System.Resources.ResourceManager.dll" /reference:"C:\Program Files (x86)\Reference Assemblies\Microsoft\Framework\.NETFramework\v4.8.1\Facades\System.Resources.Writer.dll" /reference:"C:\Program Files (x86)\Reference Assemblies\Microsoft\Framework\.NETFramework\v4.8.1\Facades\System.Runtime.CompilerServices.VisualC.dll" /reference:"C:\Program Files (x86)\Reference Assemblies\Microsoft\Framework\.NETFramework\v4.8.1\Facades\System.Runtime.dll" /reference:"C:\Program Files (x86)\Reference Assemblies\Microsoft\Framework\.NETFramework\v4.8.1\Facades\System.Runtime.Extensions.dll" /reference:"C:\Program Files (x86)\Reference Assemblies\Microsoft\Framework\.NETFramework\v4.8.1\Facades\System.Runtime.Handles.dll" /reference:"C:\Program Files (x86)\Reference Assemblies\Microsoft\Framework\.NETFramework\v4.8.1\Facades\System.Runtime.InteropServices.dll" /reference:"C:\Program Files (x86)\Reference Assemblies\Microsoft\Framework\.NETFramework\v4.8.1\Facades\System.Runtime.InteropServices.RuntimeInformation.dll" /reference:"C:\Program Files (x86)\Reference Assemblies\Microsoft\Framework\.NETFramework\v4.8.1\Facades\System.Runtime.InteropServices.WindowsRuntime.dll" /reference:"C:\Program Files (x86)\Reference Assemblies\Microsoft\Framework\.NETFramework\v4.8.1\Facades\System.Runtime.Numerics.dll" /reference:"C:\Program Files (x86)\Reference Assemblies\Microsoft\Framework\.NETFramework\v4.8.1\Facades\System.Runtime.Serialization.Formatters.dll" /reference:"C:\Program Files (x86)\Reference Assemblies\Microsoft\Framework\.NETFramework\v4.8.1\Facades\System.Runtime.Serialization.Json.dll" /reference:"C:\Program Files (x86)\Reference Assemblies\Microsoft\Framework\.NETFramework\v4.8.1\Facades\System.Runtime.Serialization.Primitives.dll" /reference:"C:\Program Files (x86)\Reference Assemblies\Microsoft\Framework\.NETFramework\v4.8.1\Facades\System.Runtime.Serialization.Xml.dll" /reference:"C:\Program Files (x86)\Reference Assemblies\Microsoft\Framework\.NETFramework\v4.8.1\Facades\System.Security.Claims.dll" /reference:"C:\Program Files (x86)\Reference Assemblies\Microsoft\Framework\.NETFramework\v4.8.1\Facades\System.Security.Cryptography.Algorithms.dll" /reference:"C:\Program Files (x86)\Reference Assemblies\Microsoft\Framework\.NETFramework\v4.8.1\Facades\System.Security.Cryptography.Csp.dll" /reference:"C:\Program Files (x86)\Reference Assemblies\Microsoft\Framework\.NETFramework\v4.8.1\Facades\System.Security.Cryptography.Encoding.dll" /reference:"C:\Program Files (x86)\Reference Assemblies\Microsoft\Framework\.NETFramework\v4.8.1\Facades\System.Security.Cryptography.Primitives.dll" /reference:"C:\Program Files (x86)\Reference Assemblies\Microsoft\Framework\.NETFramework\v4.8.1\Facades\System.Security.Cryptography.X509Certificates.dll" /reference:"C:\Program Files (x86)\Reference Assemblies\Microsoft\Framework\.NETFramework\v4.8.1\Facades\System.Security.Principal.dll" /reference:"C:\Program Files (x86)\Reference Assemblies\Microsoft\Framework\.NETFramework\v4.8.1\Facades\System.Security.SecureString.dll" /reference:"C:\Program Files (x86)\Reference Assemblies\Microsoft\Framework\.NETFramework\v4.8.1\Facades\System.ServiceModel.Duplex.dll" /reference:"C:\Program Files (x86)\Reference Assemblies\Microsoft\Framework\.NETFramework\v4.8.1\Facades\System.ServiceModel.Http.dll" /reference:"C:\Program Files (x86)\Reference Assemblies\Microsoft\Framework\.NETFramework\v4.8.1\Facades\System.ServiceModel.NetTcp.dll" /reference:"C:\Program Files (x86)\Reference Assemblies\Microsoft\Framework\.NETFramework\v4.8.1\Facades\System.ServiceModel.Primitives.dll" /reference:"C:\Program Files (x86)\Reference Assemblies\Microsoft\Framework\.NETFramework\v4.8.1\Facades\System.ServiceModel.Security.dll" /reference:"C:\Program Files (x86)\Reference Assemblies\Microsoft\Framework\.NETFramework\v4.8.1\Facades\System.Text.Encoding.dll" /reference:"C:\Program Files (x86)\Reference Assemblies\Microsoft\Framework\.NETFramework\v4.8.1\Facades\System.Text.Encoding.Extensions.dll" /reference:"C:\Program Files (x86)\Reference Assemblies\Microsoft\Framework\.NETFramework\v4.8.1\Facades\System.Text.RegularExpressions.dll" /reference:"C:\Program Files (x86)\Reference Assemblies\Microsoft\Framework\.NETFramework\v4.8.1\Facades\System.Threading.dll" /reference:"C:\Program Files (x86)\Reference Assemblies\Microsoft\Framework\.NETFramework\v4.8.1\Facades\System.Threading.Overlapped.dll" /reference:"C:\Program Files (x86)\Reference Assemblies\Microsoft\Framework\.NETFramework\v4.8.1\Facades\System.Threading.Tasks.dll" /reference:"C:\Program Files (x86)\Reference Assemblies\Microsoft\Framework\.NETFramework\v4.8.1\Facades\System.Threading.Tasks.Parallel.dll" /reference:"C:\Program Files (x86)\Reference Assemblies\Microsoft\Framework\.NETFramework\v4.8.1\Facades\System.Threading.Thread.dll" /reference:"C:\Program Files (x86)\Reference Assemblies\Microsoft\Framework\.NETFramework\v4.8.1\Facades\System.Threading.ThreadPool.dll" /reference:"C:\Program Files (x86)\Reference Assemblies\Microsoft\Framework\.NETFramework\v4.8.1\Facades\System.Threading.Timer.dll" /reference:"C:\Program Files (x86)\Reference Assemblies\Microsoft\Framework\.NETFramework\v4.8.1\Facades\System.ValueTuple.dll" /reference:"C:\Program Files (x86)\Reference Assemblies\Microsoft\Framework\.NETFramework\v4.8.1\Facades\System.Xml.ReaderWriter.dll" /reference:"C:\Program Files (x86)\Reference Assemblies\Microsoft\Framework\.NETFramework\v4.8.1\Facades\System.Xml.XDocument.dll" /reference:"C:\Program Files (x86)\Reference Assemblies\Microsoft\Framework\.NETFramework\v4.8.1\Facades\System.Xml.XmlDocument.dll" /reference:"C:\Program Files (x86)\Reference Assemblies\Microsoft\Framework\.NETFramework\v4.8.1\Facades\System.Xml.XmlSerializer.dll" /reference:"C:\Program Files (x86)\Reference Assemblies\Microsoft\Framework\.NETFramework\v4.8.1\Facades\System.Xml.XPath.dll" /reference:"C:\Program Files (x86)\Reference Assemblies\Microsoft\Framework\.NETFramework\v4.8.1\Facades\System.Xml.XPath.XDocument.dll" /debug+ /debug:portable /filealign:512 /optimize- /out:obj\Debug\CastlePlanner.dll /subsystemversion:6.00 /target:library /utf8output /langversion:latest ..\Shared\GameBuildingFootprint.cs ..\Shared\ActivePlayerHelper.cs ..\Shared\DebugLogHelper.cs ..\Shared\DependencyFreeJson.cs ..\Shared\NativePatternResolver.cs ..\Shared\GameModeHelper.cs ..\Shared\GameplaySessionLifecycle.cs ..\Shared\GameplayModActivationGate.cs ..\Shared\SerpLocalization.cs ..\Shared\AiSettingsHelpHover.cs ..\Shared\ToolTipPresentation.cs ..\Shared\WorkshopContentPaths.cs src\AivFileCatalog.cs src\AivCandidateFilePolicy.cs src\AivOptionDisplayNames.cs src\AivJsonModels.cs src\AivJsonReader.cs src\AivLordJsonResolver.cs src\AivImportCompatibilityPolicy.cs src\AivRawDataEncoder.cs src\AivSpawnPlan.cs src\AivWorldCoordinateTransform.cs src\AIVPlacement\AivPlacementRuntime.cs src\AIVPlacement\BugfixAivStatusBridge.cs src\AIVPlacement\AivSelectionDialogRuntime.cs src\AIVPlacement\AivSelectionListViewModel.cs src\BlueprintBuildingCaptureCatalog.cs src\BlueprintDepthAtlasCatalog.cs src\BlueprintBuildingIconCatalog.cs src\BlueprintBuildingImageLibrary.cs src\BlueprintBuildingSizeCalibration.cs src\BlueprintHudPolicy.cs src\BlueprintHudViewModel.cs src\BlueprintLayout.cs src\BlueprintMarkerVisibilityPolicy.cs src\BlueprintRenderer.cs src\BlueprintSortingPolicy.cs src\BlueprintRuntimeController.cs src\CastlePlannerPlugin.cs src\CastleRotationOptions.cs src\CastleSpawnContentPolicy.cs src\CoalescedSynchronizationContextQueue.cs src\DecorationVerificationPolicy.cs src\ExtraFeaturesFlagBridge.cs src\FreeCastleProtocol.cs src\FreeCastlePreviewRuntime.cs src\MultiplayerLoadingWarningGate.cs src\FixesKeepRotationCompatibility.cs src\CastlePlannerRuntime.cs src\CastlePlannerSettingsViewModel.cs "obj\Debug\.NETFramework,Version=v4.8.1.AssemblyAttributes.cs"
  CompilerServer: server - server processed compilation - CastlePlanner
_CopyFilesMarkedCopyLocal:
  Die Datei wird von "D:\CDesktopLink\Unterlagen\Mods\Stronghold Crusader DE\Meine Mods\Helpers\AIVParser\AIVParser.Core\bin\Release\netstandard2.0\AIVParser.Core.dll" in "D:\CDesktopLink\Unterlagen\Mods\Stronghold Crusader DE\Meine Mods\CastlePlanner\BepInEx\plugins\CastlePlanner_Serp\AIVParser.Core.dll" kopiert.
  Die Datei wird von "D:\CDesktopLink\Unterlagen\Mods\Stronghold Crusader DE\Meine Mods\AIVPlacement\AIVPlacement.Core\bin\Release\netstandard2.0\AIVPlacement.Core.dll" in "D:\CDesktopLink\Unterlagen\Mods\Stronghold Crusader DE\Meine Mods\CastlePlanner\BepInEx\plugins\CastlePlanner_Serp\AIVPlacement.Core.dll" kopiert.
  Die Datei wird von "D:\CDesktopLink\Unterlagen\Mods\Stronghold Crusader DE\Meine Mods\AIVPlacement\AIVPlacement.Core\bin\Release\netstandard2.0\AIVPlacement.Core.pdb" in "D:\CDesktopLink\Unterlagen\Mods\Stronghold Crusader DE\Meine Mods\CastlePlanner\BepInEx\plugins\CastlePlanner_Serp\AIVPlacement.Core.pdb" kopiert.
  Die Datei wird von "D:\CDesktopLink\Unterlagen\Mods\Stronghold Crusader DE\Meine Mods\Helpers\MapParser\MapParser.Core\bin\Release\netstandard2.0\MapParser.Core.dll" in "D:\CDesktopLink\Unterlagen\Mods\Stronghold Crusader DE\Meine Mods\CastlePlanner\BepInEx\plugins\CastlePlanner_Serp\MapParser.Core.dll" kopiert.
  Die Datei wird von "D:\CDesktopLink\Unterlagen\Mods\Stronghold Crusader DE\Meine Mods\CastlePlanner\AIVPlacement.Core\bin\Release\netstandard2.0\CastlePlanner.AIVPlacement.Core.dll" in "D:\CDesktopLink\Unterlagen\Mods\Stronghold Crusader DE\Meine Mods\CastlePlanner\BepInEx\plugins\CastlePlanner_Serp\CastlePlanner.AIVPlacement.Core.dll" kopiert.
  Die Datei wird von "D:\CDesktopLink\Unterlagen\Mods\Stronghold Crusader DE\Meine Mods\CastlePlanner\AIVPlacement.Core\bin\Release\netstandard2.0\CastlePlanner.AIVPlacement.Core.pdb" in "D:\CDesktopLink\Unterlagen\Mods\Stronghold Crusader DE\Meine Mods\CastlePlanner\BepInEx\plugins\CastlePlanner_Serp\CastlePlanner.AIVPlacement.Core.pdb" kopiert.
  Die Datei wird von "D:\CDesktopLink\Unterlagen\Mods\Stronghold Crusader DE\Meine Mods\Helpers\MapParser\MapParser.Core\bin\Release\netstandard2.0\MapParser.Core.pdb" in "D:\CDesktopLink\Unterlagen\Mods\Stronghold Crusader DE\Meine Mods\CastlePlanner\BepInEx\plugins\CastlePlanner_Serp\MapParser.Core.pdb" kopiert.
  Die Datei wird von "D:\CDesktopLink\Unterlagen\Mods\Stronghold Crusader DE\Meine Mods\Helpers\AIVParser\AIVParser.Core\bin\Release\netstandard2.0\AIVParser.Core.pdb" in "D:\CDesktopLink\Unterlagen\Mods\Stronghold Crusader DE\Meine Mods\CastlePlanner\BepInEx\plugins\CastlePlanner_Serp\AIVParser.Core.pdb" kopiert.
  Aktualisieren des Timestamps von "D:\CDesktopLink\Unterlagen\Mods\Stronghold Crusader DE\Meine Mods\CastlePlanner\obj\Debug\CastlePl.002FDC64.Up2Date".
_CopyOutOfDateSourceItemsToOutputDirectory:
Das Ziel "_CopyOutOfDateSourceItemsToOutputDirectory" wird übersprungen, da alle Ausgabedateien hinsichtlich der Eingabedateien aktuell sind.
CopyFilesToOutputDirectory:
  Die Datei wird von "D:\CDesktopLink\Unterlagen\Mods\Stronghold Crusader DE\Meine Mods\CastlePlanner\obj\Debug\CastlePlanner.dll" in "D:\CDesktopLink\Unterlagen\Mods\Stronghold Crusader DE\Meine Mods\CastlePlanner\BepInEx\plugins\CastlePlanner_Serp\CastlePlanner.dll" kopiert.
  CastlePlanner -> D:\CDesktopLink\Unterlagen\Mods\Stronghold Crusader DE\Meine Mods\CastlePlanner\BepInEx\plugins\CastlePlanner_Serp\CastlePlanner.dll
  Die Datei wird von "D:\CDesktopLink\Unterlagen\Mods\Stronghold Crusader DE\Meine Mods\CastlePlanner\obj\Debug\CastlePlanner.pdb" in "D:\CDesktopLink\Unterlagen\Mods\Stronghold Crusader DE\Meine Mods\CastlePlanner\BepInEx\plugins\CastlePlanner_Serp\CastlePlanner.pdb" kopiert.
Die Erstellung von Projekt "D:\CDesktopLink\Unterlagen\Mods\Stronghold Crusader DE\Meine Mods\CastlePlanner\CastlePlanner.csproj" ist abgeschlossen (Standardziele).

Der Buildvorgang wurde erfolgreich ausgeführt.
    0 Warnung(en)
    0 Fehler

Verstrichene Zeit 00:00:00.38

Build erfolgreich.
Kopiere Plugin in den Spielordner...
574 Datei(en) kopiert
Lokaler Buildnachweis: D:\CDesktopLink\Unterlagen\Mods\Stronghold Crusader DE\Meine Mods\.release-output\local\CastlePlanner\latest.provenance.json
Plugin kopiert; vorhandene Laufzeitdaten wurden beibehalten.

