Verwende Script Extender Referenzen:
E:\ProgrammeE\Steam\steamapps\common\Stronghold Crusader Definitive Edition\BepInEx\plugins\000shcdese

ExtendedData runtime JSON/lifecycle preflight succeeded.
D:\CDesktopLink\Unterlagen\Mods\Stronghold Crusader DE\Meine Mods\ExtendedData\ExtendedData.Core\ExtendedData.Core.csproj : warning NU1900: Fehler beim Abrufen von Paketsicherheitsrisikodaten: Der Dienstindex für die Quelle "https://api.nuget.org/v3/index.json" konnte nicht geladen werden. [D:\CDesktopLink\Unterlagen\Mods\Stronghold Crusader DE\Meine Mods\ExtendedData\ExtendedData.Tests\ExtendedData.Tests.csproj]
D:\CDesktopLink\Unterlagen\Mods\Stronghold Crusader DE\Meine Mods\ExtendedData\ExtendedData.Core\ExtendedData.Core.csproj : warning NU1900: Fehler beim Abrufen von Paketsicherheitsrisikodaten: Der Dienstindex für die Quelle "https://api.nuget.org/v3/index.json" konnte nicht geladen werden.
PASS Custom Coop Trail preview names follow the selected lobby slot
PASS Custom Coop Trail preview separates displayed teams
PASS Custom Coop Trail team display hooks all four Vanilla pages
PASS bundled mission loads
PASS Coop mission modsettings use an optional sidecar
PASS path escape rejected
PASS invalid rotation rejected
PASS package catalog rejects invalid packages
PASS package catalog ignores in-progress Coop Trail exports
PASS package catalog logs only state changes
PASS package catalog reports new and resolved errors
PASS old mission schemas are rejected
PASS old Coop package schema is rejected
PASS locally edited mission JSON reloads from the same slot
PASS invalid mod settings are isolated
PASS first two active players become allied humans
PASS source alliances are normalized for Vanilla Coop
PASS complete multiplayer setup roundtrips
PASS malformed multiplayer setup is rejected
PASS preferred AIV permits differing rotations
PASS fourth trail tenth slot is addressable
PASS package fingerprint detects content changes
PASS Coop Workshop staging filters modsettings
PASS Coop Lord requirements remain mandatory when modsettings are excluded
PASS duplicate package IDs are rejected
PASS identical local and Workshop replicas are merged
PASS ordinal mapping covers four trails and ignores mission 41
PASS short Coop packages end at their declared mission
PASS native mod-settings JSON roundtrip
PASS dynamic third-party mod ids are preserved
PASS missing mod entry uses the mod-defined default
PASS Trail mod compatibility contract is validated
PASS explicit plugin opt-out marker is honored
PASS sidecar schema evolution keeps only current settings
PASS coop mission schema evolution keeps only current settings
PASS invalid mod-settings documents are rejected
PASS atomic sidecar write replaces existing file
PASS Trail coordinator ownership is centralized
PASS mission preset lifecycle preserves only expected replacements
PASS Trail Maker authoring preset survives test returns
PASS BugfixesAndQoL Customize button delegation is optional
PASS customized launch origin is persisted and fail-closed
PASS customized launch origin save roundtrip
PASS Built-in Customize origin packet roundtrip
PASS Map mod-settings packet roundtrip
PASS Map mod-settings runtime integration is fail-closed
PASS lobby packets retain main-thread ordering
PASS Steam Workshop discovery waits for Steamworks
PASS local activation setting gates the complete runtime
PASS Script Extender manifest range contract is explicit
PASS Trail Maker Coop export is integrated
PASS Coop package JSON is Unity dependency-free
PASS mission and manifest JSON use CRLF
PASS Workshop Trail staging includes nested JSON
PASS Workshop Trail staging preserves existing JSON
PASS Workshop Trail staging rejects overlapping roots
PASS Workshop upload checkbox is unified
PASS editor saves require an explicit modsettings decision
PASS mod-data namespaces are isolated and immutable
PASS invalid mod-data containers fail closed
PASS map mod-data API distinguishes file and namespace absence
PASS Custom Lord mod-data API supports paths and configs
PASS selected Lord data uses host snapshots without local files
PASS Lord data rejects altered and oversized snapshots
PASS Fixes preference snapshots retain every current and future property
PASS Fixes preference snapshots reject incompatible schemas and lossy values
PASS Lord sync diagnostics identify state without logging JSON values
PASS deferred Lord confirmations reject stale lobby and selection
PASS Lord sync accepts a confirmed lobby before game mode becomes multiplayer
PASS selected Lord fingerprint ignores media and detects gameplay files
PASS Trail Lord requirements bind the mission and survive optional-media changes
PASS Trail Lord selection distinguishes embedded, replaced Custom, and Vanilla Lords
PASS Custom Trail launch prepares Lord values and Workshop media on both paths
PASS Lord Workshop metadata never requires local multiplayer files
PASS selected Lord package manifest binds identities and mode
75/75 tests passed.
MSBuild-Version 17.11.9+a69bbaaf5 für .NET Framework
Der Buildvorgang wurde am 27.09.2026 22:44:19 gestartet.

Projekt "D:\CDesktopLink\Unterlagen\Mods\Stronghold Crusader DE\Meine Mods\ExtendedData\ExtendedData.Upload.Tests\ExtendedData.Upload.Tests.csproj" auf Knoten "1" (Standardziele).
GenerateTargetFrameworkMonikerAttribute:
Das Ziel "GenerateTargetFrameworkMonikerAttribute" wird übersprungen, da alle Ausgabedateien hinsichtlich der Eingabedateien aktuell sind.
CoreCompile:
Das Ziel "CoreCompile" wird übersprungen, da alle Ausgabedateien hinsichtlich der Eingabedateien aktuell sind.
CopyFilesToOutputDirectory:
  ExtendedData.Upload.Tests -> D:\CDesktopLink\Unterlagen\Mods\Stronghold Crusader DE\Meine Mods\ExtendedData\ExtendedData.Upload.Tests\bin\Debug\ExtendedData.Upload.Tests.exe
Die Erstellung von Projekt "D:\CDesktopLink\Unterlagen\Mods\Stronghold Crusader DE\Meine Mods\ExtendedData\ExtendedData.Upload.Tests\ExtendedData.Upload.Tests.csproj" ist abgeschlossen (Standardziele).

Der Buildvorgang wurde erfolgreich ausgeführt.
    0 Warnung(en)
    0 Fehler

Verstrichene Zeit 00:00:00.12
PASS: complete package and retry
PASS: upload allowlist and excluded gameplay gate
PASS: local and Workshop Lord source selection
PASS: conflict rollback
PASS: dynamic rules
PASS: unknown extender identity upload
PASS: version-specific info.json warning
PASS: exact tag workflow
PASS: yes/no workflow
PASS: completion callback tracking
PASS: staging failure aborts upload
PASS: explicit Vanilla upload bypasses extras
PASS: staging reset removes stale extras
PASS: valid metadata and version
PASS: message IDs
PASS: invalid WAV
PASS: separate WAV defects
PASS: misplaced paths
PASS: generic Override asset names
All CustomLordUpload tests passed.
MSBuild-Version 17.11.9+a69bbaaf5 für .NET Framework
Der Buildvorgang wurde am 27.09.2026 22:44:19 gestartet.

Projekt "D:\CDesktopLink\Unterlagen\Mods\Stronghold Crusader DE\Meine Mods\ExtendedData\ExtendedData.JsonUpload.Tests\ExtendedData.JsonUpload.Tests.csproj" auf Knoten "1" (Standardziele).
GenerateTargetFrameworkMonikerAttribute:
Das Ziel "GenerateTargetFrameworkMonikerAttribute" wird übersprungen, da alle Ausgabedateien hinsichtlich der Eingabedateien aktuell sind.
CoreCompile:
Das Ziel "CoreCompile" wird übersprungen, da alle Ausgabedateien hinsichtlich der Eingabedateien aktuell sind.
CopyFilesToOutputDirectory:
  ExtendedData.JsonUpload.Tests -> D:\CDesktopLink\Unterlagen\Mods\Stronghold Crusader DE\Meine Mods\ExtendedData\ExtendedData.JsonUpload.Tests\bin\Debug\ExtendedData.JsonUpload.Tests.exe
Die Erstellung von Projekt "D:\CDesktopLink\Unterlagen\Mods\Stronghold Crusader DE\Meine Mods\ExtendedData\ExtendedData.JsonUpload.Tests\ExtendedData.JsonUpload.Tests.csproj" ist abgeschlossen (Standardziele).

Der Buildvorgang wurde erfolgreich ausgeführt.
    0 Warnung(en)
    0 Fehler

Verstrichene Zeit 00:00:00.08
PASS: exact upload classification
PASS: recursive JSON staging
PASS: no JSON succeeds
PASS: idempotent retry
PASS: conflict rolls back
PASS: invalid child is rejected
All CustomLordJsonUpload tests passed.
MSBuild-Version 17.11.9+a69bbaaf5 für .NET Framework
Der Buildvorgang wurde am 27.09.2026 22:44:20 gestartet.

Projekt "D:\CDesktopLink\Unterlagen\Mods\Stronghold Crusader DE\Meine Mods\ExtendedData\ExtendedData.csproj" auf Knoten "1" (Standardziele).
PrepareForBuild:
  Das Verzeichnis "BepInEx\plugins\ExtendedData_Serp\" wird erstellt.
GenerateTargetFrameworkMonikerAttribute:
Das Ziel "GenerateTargetFrameworkMonikerAttribute" wird übersprungen, da alle Ausgabedateien hinsichtlich der Eingabedateien aktuell sind.
CoreCompile:
Das Ziel "CoreCompile" wird übersprungen, da alle Ausgabedateien hinsichtlich der Eingabedateien aktuell sind.
_CopyFilesMarkedCopyLocal:
  Die Datei wird von "D:\CDesktopLink\Unterlagen\Mods\Stronghold Crusader DE\Meine Mods\ExtendedData\ExtendedData.Core\bin\Release\netstandard2.0\ExtendedData.Core.dll" in "D:\CDesktopLink\Unterlagen\Mods\Stronghold Crusader DE\Meine Mods\ExtendedData\BepInEx\plugins\ExtendedData_Serp\ExtendedData.Core.dll" kopiert.
  Die Datei wird von "D:\CDesktopLink\Unterlagen\Mods\Stronghold Crusader DE\Meine Mods\ExtendedData\ExtendedData.Core\bin\Release\netstandard2.0\ExtendedData.Core.pdb" in "D:\CDesktopLink\Unterlagen\Mods\Stronghold Crusader DE\Meine Mods\ExtendedData\BepInEx\plugins\ExtendedData_Serp\ExtendedData.Core.pdb" kopiert.
  Aktualisieren des Timestamps von "D:\CDesktopLink\Unterlagen\Mods\Stronghold Crusader DE\Meine Mods\ExtendedData\obj\Release\Extended.1DBEBA44.Up2Date".
_CopyOutOfDateSourceItemsToOutputDirectory:
  Das Verzeichnis "BepInEx\plugins\ExtendedData_Serp\Locales" wird erstellt.
  Das Verzeichnis "BepInEx\plugins\ExtendedData_Serp\Locales" wird erstellt.
  Das Verzeichnis "BepInEx\plugins\ExtendedData_Serp\Locales" wird erstellt.
  Das Verzeichnis "BepInEx\plugins\ExtendedData_Serp\Locales" wird erstellt.
  Die Datei wird von "D:\CDesktopLink\Unterlagen\Mods\Stronghold Crusader DE\Meine Mods\ExtendedData\Locales\ar.txt" in "D:\CDesktopLink\Unterlagen\Mods\Stronghold Crusader DE\Meine Mods\ExtendedData\BepInEx\plugins\ExtendedData_Serp\Locales\ar.txt" kopiert.
  Die Datei wird von "D:\CDesktopLink\Unterlagen\Mods\Stronghold Crusader DE\Meine Mods\ExtendedData\Locales\de-DE.txt" in "D:\CDesktopLink\Unterlagen\Mods\Stronghold Crusader DE\Meine Mods\ExtendedData\BepInEx\plugins\ExtendedData_Serp\Locales\de-DE.txt" kopiert.
  Die Datei wird von "D:\CDesktopLink\Unterlagen\Mods\Stronghold Crusader DE\Meine Mods\ExtendedData\Locales\en-US.txt" in "D:\CDesktopLink\Unterlagen\Mods\Stronghold Crusader DE\Meine Mods\ExtendedData\BepInEx\plugins\ExtendedData_Serp\Locales\en-US.txt" kopiert.
  Das Verzeichnis "BepInEx\plugins\ExtendedData_Serp\Locales" wird erstellt.
  Das Verzeichnis "BepInEx\plugins\ExtendedData_Serp\Locales" wird erstellt.
  Die Datei wird von "D:\CDesktopLink\Unterlagen\Mods\Stronghold Crusader DE\Meine Mods\ExtendedData\Locales\el-GR.txt" in "D:\CDesktopLink\Unterlagen\Mods\Stronghold Crusader DE\Meine Mods\ExtendedData\BepInEx\plugins\ExtendedData_Serp\Locales\el-GR.txt" kopiert.
  Die Datei wird von "D:\CDesktopLink\Unterlagen\Mods\Stronghold Crusader DE\Meine Mods\ExtendedData\Locales\es-ES.txt" in "D:\CDesktopLink\Unterlagen\Mods\Stronghold Crusader DE\Meine Mods\ExtendedData\BepInEx\plugins\ExtendedData_Serp\Locales\es-ES.txt" kopiert.
  Die Datei wird von "D:\CDesktopLink\Unterlagen\Mods\Stronghold Crusader DE\Meine Mods\ExtendedData\Locales\cs-CZ.txt" in "D:\CDesktopLink\Unterlagen\Mods\Stronghold Crusader DE\Meine Mods\ExtendedData\BepInEx\plugins\ExtendedData_Serp\Locales\cs-CZ.txt" kopiert.
  Die Datei wird von "D:\CDesktopLink\Unterlagen\Mods\Stronghold Crusader DE\Meine Mods\ExtendedData\Locales\fr-FR.txt" in "D:\CDesktopLink\Unterlagen\Mods\Stronghold Crusader DE\Meine Mods\ExtendedData\BepInEx\plugins\ExtendedData_Serp\Locales\fr-FR.txt" kopiert.
  Die Datei wird von "D:\CDesktopLink\Unterlagen\Mods\Stronghold Crusader DE\Meine Mods\ExtendedData\Locales\it-IT.txt" in "D:\CDesktopLink\Unterlagen\Mods\Stronghold Crusader DE\Meine Mods\ExtendedData\BepInEx\plugins\ExtendedData_Serp\Locales\it-IT.txt" kopiert.
  Die Datei wird von "D:\CDesktopLink\Unterlagen\Mods\Stronghold Crusader DE\Meine Mods\ExtendedData\Locales\ja-JP.txt" in "D:\CDesktopLink\Unterlagen\Mods\Stronghold Crusader DE\Meine Mods\ExtendedData\BepInEx\plugins\ExtendedData_Serp\Locales\ja-JP.txt" kopiert.
  Die Datei wird von "D:\CDesktopLink\Unterlagen\Mods\Stronghold Crusader DE\Meine Mods\ExtendedData\Locales\hu-HU.txt" in "D:\CDesktopLink\Unterlagen\Mods\Stronghold Crusader DE\Meine Mods\ExtendedData\BepInEx\plugins\ExtendedData_Serp\Locales\hu-HU.txt" kopiert.
  Die Datei wird von "D:\CDesktopLink\Unterlagen\Mods\Stronghold Crusader DE\Meine Mods\ExtendedData\Locales\ko-KR.txt" in "D:\CDesktopLink\Unterlagen\Mods\Stronghold Crusader DE\Meine Mods\ExtendedData\BepInEx\plugins\ExtendedData_Serp\Locales\ko-KR.txt" kopiert.
  Die Datei wird von "D:\CDesktopLink\Unterlagen\Mods\Stronghold Crusader DE\Meine Mods\ExtendedData\Locales\nl-NL.txt" in "D:\CDesktopLink\Unterlagen\Mods\Stronghold Crusader DE\Meine Mods\ExtendedData\BepInEx\plugins\ExtendedData_Serp\Locales\nl-NL.txt" kopiert.
  Die Datei wird von "D:\CDesktopLink\Unterlagen\Mods\Stronghold Crusader DE\Meine Mods\ExtendedData\Locales\pl-PL.txt" in "D:\CDesktopLink\Unterlagen\Mods\Stronghold Crusader DE\Meine Mods\ExtendedData\BepInEx\plugins\ExtendedData_Serp\Locales\pl-PL.txt" kopiert.
  Die Datei wird von "D:\CDesktopLink\Unterlagen\Mods\Stronghold Crusader DE\Meine Mods\ExtendedData\Locales\pt-BR.txt" in "D:\CDesktopLink\Unterlagen\Mods\Stronghold Crusader DE\Meine Mods\ExtendedData\BepInEx\plugins\ExtendedData_Serp\Locales\pt-BR.txt" kopiert.
  Die Datei wird von "D:\CDesktopLink\Unterlagen\Mods\Stronghold Crusader DE\Meine Mods\ExtendedData\Locales\ru-RU.txt" in "D:\CDesktopLink\Unterlagen\Mods\Stronghold Crusader DE\Meine Mods\ExtendedData\BepInEx\plugins\ExtendedData_Serp\Locales\ru-RU.txt" kopiert.
  Die Datei wird von "D:\CDesktopLink\Unterlagen\Mods\Stronghold Crusader DE\Meine Mods\ExtendedData\Locales\th-TH.txt" in "D:\CDesktopLink\Unterlagen\Mods\Stronghold Crusader DE\Meine Mods\ExtendedData\BepInEx\plugins\ExtendedData_Serp\Locales\th-TH.txt" kopiert.
  Die Datei wird von "D:\CDesktopLink\Unterlagen\Mods\Stronghold Crusader DE\Meine Mods\ExtendedData\Locales\sv-SE.txt" in "D:\CDesktopLink\Unterlagen\Mods\Stronghold Crusader DE\Meine Mods\ExtendedData\BepInEx\plugins\ExtendedData_Serp\Locales\sv-SE.txt" kopiert.
  Die Datei wird von "D:\CDesktopLink\Unterlagen\Mods\Stronghold Crusader DE\Meine Mods\ExtendedData\Locales\tr-TR.txt" in "D:\CDesktopLink\Unterlagen\Mods\Stronghold Crusader DE\Meine Mods\ExtendedData\BepInEx\plugins\ExtendedData_Serp\Locales\tr-TR.txt" kopiert.
  Die Datei wird von "D:\CDesktopLink\Unterlagen\Mods\Stronghold Crusader DE\Meine Mods\ExtendedData\Locales\uk-UA.txt" in "D:\CDesktopLink\Unterlagen\Mods\Stronghold Crusader DE\Meine Mods\ExtendedData\BepInEx\plugins\ExtendedData_Serp\Locales\uk-UA.txt" kopiert.
  Das Verzeichnis "BepInEx\plugins\ExtendedData_Serp\Override\ScriptExtenderUI" wird erstellt.
  Die Datei wird von "D:\CDesktopLink\Unterlagen\Mods\Stronghold Crusader DE\Meine Mods\ExtendedData\Locales\zh-HK.txt" in "D:\CDesktopLink\Unterlagen\Mods\Stronghold Crusader DE\Meine Mods\ExtendedData\BepInEx\plugins\ExtendedData_Serp\Locales\zh-HK.txt" kopiert.
  Die Datei wird von "D:\CDesktopLink\Unterlagen\Mods\Stronghold Crusader DE\Meine Mods\ExtendedData\Locales\zh-CN.txt" in "D:\CDesktopLink\Unterlagen\Mods\Stronghold Crusader DE\Meine Mods\ExtendedData\BepInEx\plugins\ExtendedData_Serp\Locales\zh-CN.txt" kopiert.
  Das Verzeichnis "BepInEx\plugins\ExtendedData_Serp\Patches\Assets\GUI\XAMLResources" wird erstellt.
  Das Verzeichnis "BepInEx\plugins\ExtendedData_Serp\Patches\Assets\GUI\XAMLResources" wird erstellt.
  Die Datei wird von "D:\CDesktopLink\Unterlagen\Mods\Stronghold Crusader DE\Meine Mods\ExtendedData\Override\ScriptExtenderUI\ExtendedDataSettings.xaml" in "D:\CDesktopLink\Unterlagen\Mods\Stronghold Crusader DE\Meine Mods\ExtendedData\BepInEx\plugins\ExtendedData_Serp\Override\ScriptExtenderUI\ExtendedDataSettings.xaml" kopiert.
  Das Verzeichnis "BepInEx\plugins\ExtendedData_Serp\Patches\Assets\GUI\XAMLResources" wird erstellt.
  Das Verzeichnis "BepInEx\plugins\ExtendedData_Serp\Patches\Assets\GUI\XAMLResources" wird erstellt.
  Die Datei wird von "D:\CDesktopLink\Unterlagen\Mods\Stronghold Crusader DE\Meine Mods\ExtendedData\Patches\Assets\GUI\XAMLResources\FRONT_ManageTrail.xaml" in "D:\CDesktopLink\Unterlagen\Mods\Stronghold Crusader DE\Meine Mods\ExtendedData\BepInEx\plugins\ExtendedData_Serp\Patches\Assets\GUI\XAMLResources\FRONT_ManageTrail.xaml" kopiert.
  Die Datei wird von "D:\CDesktopLink\Unterlagen\Mods\Stronghold Crusader DE\Meine Mods\ExtendedData\Patches\Assets\GUI\XAMLResources\FRONT_EditorSetup.xaml" in "D:\CDesktopLink\Unterlagen\Mods\Stronghold Crusader DE\Meine Mods\ExtendedData\BepInEx\plugins\ExtendedData_Serp\Patches\Assets\GUI\XAMLResources\FRONT_EditorSetup.xaml" kopiert.
  Die Datei wird von "D:\CDesktopLink\Unterlagen\Mods\Stronghold Crusader DE\Meine Mods\ExtendedData\Patches\Assets\GUI\XAMLResources\HUD_ConfirmationPopup.xaml" in "D:\CDesktopLink\Unterlagen\Mods\Stronghold Crusader DE\Meine Mods\ExtendedData\BepInEx\plugins\ExtendedData_Serp\Patches\Assets\GUI\XAMLResources\HUD_ConfirmationPopup.xaml" kopiert.
  Die Datei wird von "D:\CDesktopLink\Unterlagen\Mods\Stronghold Crusader DE\Meine Mods\ExtendedData\Patches\Assets\GUI\XAMLResources\HUD_LoadSaveRequester.xaml" in "D:\CDesktopLink\Unterlagen\Mods\Stronghold Crusader DE\Meine Mods\ExtendedData\BepInEx\plugins\ExtendedData_Serp\Patches\Assets\GUI\XAMLResources\HUD_LoadSaveRequester.xaml" kopiert.
CopyFilesToOutputDirectory:
  Die Datei wird von "D:\CDesktopLink\Unterlagen\Mods\Stronghold Crusader DE\Meine Mods\ExtendedData\obj\Release\ExtendedData.dll" in "D:\CDesktopLink\Unterlagen\Mods\Stronghold Crusader DE\Meine Mods\ExtendedData\BepInEx\plugins\ExtendedData_Serp\ExtendedData.dll" kopiert.
  ExtendedData -> D:\CDesktopLink\Unterlagen\Mods\Stronghold Crusader DE\Meine Mods\ExtendedData\BepInEx\plugins\ExtendedData_Serp\ExtendedData.dll
  Die Datei wird von "D:\CDesktopLink\Unterlagen\Mods\Stronghold Crusader DE\Meine Mods\ExtendedData\obj\Release\ExtendedData.pdb" in "D:\CDesktopLink\Unterlagen\Mods\Stronghold Crusader DE\Meine Mods\ExtendedData\BepInEx\plugins\ExtendedData_Serp\ExtendedData.pdb" kopiert.
Die Erstellung von Projekt "D:\CDesktopLink\Unterlagen\Mods\Stronghold Crusader DE\Meine Mods\ExtendedData\ExtendedData.csproj" ist abgeschlossen (Standardziele).

Der Buildvorgang wurde erfolgreich ausgeführt.
    0 Warnung(en)
    0 Fehler

Verstrichene Zeit 00:00:00.22
3 Datei(en) kopiert
Installiere geprueftes Paket...
34 Datei(en) kopiert
1 Datei(en) kopiert
Lokaler Buildnachweis: D:\CDesktopLink\Unterlagen\Mods\Stronghold Crusader DE\Meine Mods\.release-output\local\ExtendedData\latest.provenance.json

Build, Tests und Installation erfolgreich.
