RUNTIME PASS: APIShared\APIShared.csproj
RUNTIME PASS: BugfixesAndQoL\BugfixesAndQoL.csproj
RUNTIME PASS: BuildingCosts\BuildingCosts.csproj
RUNTIME PASS: BuildingLimit\BuildingLimit.csproj
RUNTIME PASS: CastlePlanner\CastlePlanner.csproj
RUNTIME PASS: CheatMod\CheatMod.csproj
RUNTIME PASS: ExtendedData\ExtendedData.csproj
RUNTIME PASS: ExtraFeatures\ExtraFeatures.csproj
RUNTIME PASS: ExtremePowers\ExtremePowers.csproj
RUNTIME PASS: ImprovedHunters\ImprovedHunters.csproj
RUNTIME PASS: RandomEvents\RandomEvents.csproj
RUNTIME PASS: SerpsModsHost\SerpsModsHost.csproj
RUNTIME PASS: StartConditions\StartConditions.csproj
RUNTIME PASS: UnitCosts\UnitCosts.csproj
RUNTIME PASS: UnitLimit\UnitLimit.csproj
RUNTIME PASS: Helpers\ActiveAIVDetector\ActiveAIVDetector.csproj
RUNTIME PASS: Testmods\AIAttackTest\AIAttackTest.csproj
RUNTIME PASS: Testmods\AIDefenseTest\AIDefenseTest.csproj
RUNTIME PASS: Testmods\EnemyGatePathfindingTest\EnemyGatePathfindingTest.csproj
RUNTIME PASS: Testmods\MoatMove\MoatMove.csproj
RUNTIME PASS: Testmods\OxTetherIdleFixTest\OxTetherIdleFixTest.csproj
RUNTIME PASS: Testmods\PreplacedTest\PreplacedTest.csproj
RUNTIME PASS: Testmods\SkinTest\SkinTest.csproj
RUNTIME PASS: Testmods\StockpileAccessFixTest\StockpileAccessFixTest.csproj
RUNTIME PASS: Testmods\VirtualUnitsPrototype\VirtualUnitsPrototype.csproj
TEXT _inspect/APISharedTests/APISharedTests.csproj: CRLF=44, bareLF=0, first=<?xml version="1.0" encoding="utf-8"?>
TEXT _inspect/APISharedTests/MissionLifecycleTests.cs: CRLF=108, bareLF=0, first=using APIShared;
TEXT _inspect/APISharedTests/Program.cs: CRLF=1667, bareLF=0, first=using APIShared;
TEXT _inspect/CrusaderDE-Native-Baseline/CURRENT.md: CRLF=48, bareLF=0, first=# Current CrusaderDE Native Baseline
TEXT _inspect/CrusaderDE-Native-Baseline/sem/FBCB9319/knowledge/EDITOR_MAP_LIFECYCLE.md: CRLF=24, bareLF=0, first=# Editor map lifecycle audit
TEXT _inspect/CrusaderDE-Native-Baseline/sem/FBCB9319/knowledge/MISSION_LIFECYCLE.md: CRLF=35, bareLF=0, first=# Unified mission lifecycle audit
TEXT _inspect/HostClientPresetTests/HostClientPresetTests.csproj: CRLF=236, bareLF=0, first=<?xml version="1.0" encoding="utf-8"?>
TEXT _inspect/HostClientPresetTests/MissionTestEnvironment.cs: CRLF=17, bareLF=0, first=// Managed/native input stand-ins. Policy, state machine and adapter are the actual production sources.
TEXT _inspect/HostClientPresetTests/Program.cs: CRLF=6494, bareLF=0, first=using MessagePack;
TEXT _inspect/Integrate-MissionProjects.py: CRLF=46, bareLF=0, first=from pathlib import Path
TEXT _inspect/LobbyModSettingsPresetTests/LobbyModSettingsPresetTests.csproj: CRLF=49, bareLF=0, first=<?xml version="1.0" encoding="utf-8"?>
TEXT _inspect/Migrate-MissionConsumers.py: CRLF=74, bareLF=0, first=from pathlib import Path
TEXT _inspect/Migrate-MissionPolicy.py: CRLF=114, bareLF=0, first=from pathlib import Path
TEXT _inspect/MissionCompileCheck/MissionCompileCheck.csproj: CRLF=7, bareLF=0, first=<Project Sdk="Microsoft.NET.Sdk">
TEXT _inspect/MissionCompileCheck/Program.cs: CRLF=88, bareLF=0, first=using System.Xml.Linq;
TEXT _inspect/MissionLifecycleProjects.json: CRLF=27, bareLF=0, first=[
TEXT _inspect/MissionServiceTests/Environment.cs: CRLF=112, bareLF=0, first=// Boundary doubles only. The service, state machine and public contracts are production sources.
TEXT _inspect/MissionServiceTests/MissionServiceTests.csproj: CRLF=8, bareLF=0, first=<Project Sdk="Microsoft.NET.Sdk">
TEXT _inspect/MissionServiceTests/Program.cs: CRLF=125, bareLF=0, first=using APIShared;
TEXT _inspect/MissionStateTests/MissionStateTests.csproj: CRLF=8, bareLF=0, first=<Project Sdk="Microsoft.NET.Sdk">
TEXT _inspect/MissionStateTests/Program.cs: CRLF=11, bareLF=0, first=int assertions = 0;
TEXT _inspect/Test-MissionLifecyclePreflight.ps1: CRLF=63, bareLF=0, first=param([switch]$NormalizeChangedText)
TEXT _inspect/Update-MissionHarness.py: CRLF=126, bareLF=0, first=from pathlib import Path
TEXT AGENTS.md: CRLF=379, bareLF=0, first=# Arbeitsanweisungen für SHCDE-Mods
TEXT APIShared/APIShared.csproj: CRLF=78, bareLF=0, first=<?xml version="1.0" encoding="utf-8"?>
TEXT APIShared/src/ApiSharedRuntime.cs: CRLF=334, bareLF=0, first=using BepInEx.Logging;
TEXT APIShared/src/Contracts.cs: CRLF=132, bareLF=0, first=using System;
TEXT APIShared/src/GameplayFeatureModePolicy.cs: CRLF=302, bareLF=0, first=using BepInEx.Logging;
TEXT APIShared/src/GameplayModModePolicy.cs: CRLF=161, bareLF=0, first=using System;
TEXT APIShared/src/LobbyStateCapability.cs: CRLF=563, bareLF=0, first=using BepInEx.Logging;
TEXT APIShared/src/MissionLifecycleCapability.cs: CRLF=335, bareLF=0, first=using BepInEx.Logging;
TEXT APIShared/src/MissionLifecycleContracts.cs: CRLF=169, bareLF=0, first=using System;
TEXT APIShared/src/MissionLifecycleState.cs: CRLF=114, bareLF=0, first=using System;
TEXT APIShared/src/MissionModePolicy.cs: CRLF=808, bareLF=0, first=using SHCDESE.API;
TEXT APIShared/src/UnitHudPresentationCapability.cs: CRLF=1541, bareLF=0, first=using BepInEx.Logging;
TEXT BugfixesAndQoL/src/AITowerRuinRepairFix.cs: CRLF=437, bareLF=0, first=// Feature: Route runtime-created AI tower ruins through Vanilla cleanup in both placement branches.
TEXT BugfixesAndQoL/src/BetterAIOverbuildRulesFix.cs: CRLF=509, bareLF=0, first=// Feature: Improve AI broad obstruction cleanup while preventing reciprocal AI overbuild loops.
TEXT BugfixesAndQoL/src/BugfixesAndQoLPlugin.cs: CRLF=301, bareLF=0, first=// Feature: Plugin bootstrap for the Bugfixes and QoL mod.
TEXT BugfixesAndQoL/src/BugfixesAndQoLRuntime.cs: CRLF=1472, bareLF=0, first=// Feature: Lifecycle orchestration for the Bugfixes and QoL features.
TEXT BugfixesAndQoL/src/ExtendedShiftCommandQueueRuntime.cs: CRLF=2462, bareLF=0, first=using BepInEx.Logging;
TEXT BugfixesAndQoL/src/FastRecruitRallyMovementRuntime.cs: CRLF=309, bareLF=0, first=// Feature: Make newly recruited units run to their rally points.
TEXT BugfixesAndQoL/src/FriendlyMoatMovementRuntime.cs: CRLF=10171, bareLF=0, first=using BepInEx.Logging;
TEXT BugfixesAndQoL/src/MultiplayerLobbyReturnFeature.cs: CRLF=579, bareLF=0, first=// Feature: Recreate a normal multiplayer lobby before the final statistics release the peers.
TEXT BugfixesAndQoL/src/QuarryPileRelocationRuntime.cs: CRLF=1886, bareLF=0, first=// Feature: Relocate a quarry's linked stone pile to the next valid position.
TEXT BugfixesAndQoL/src/SurrenderFeature.cs: CRLF=1676, bareLF=0, first=// Feature: Confirmed surrender and reversible spectator statistics.
TEXT BugfixesAndQoL/src/TroopMovementFix3Runtime.cs: CRLF=603, bareLF=0, first=// Feature: Fix synchronized movement speed for mixed troop groups.
TEXT BugfixesAndQoL/tests/Program.cs: CRLF=3420, bareLF=0, first=using System;
TEXT BuildingCosts/BuildingCosts.csproj: CRLF=147, bareLF=0, first=<?xml version="1.0" encoding="utf-8"?>
TEXT BuildingLimit/BuildingLimit.csproj: CRLF=153, bareLF=0, first=<?xml version="1.0" encoding="utf-8"?>
TEXT BuildingLimit/src/ActiveBuildingCache.cs: CRLF=641, bareLF=0, first=using BepInEx.Logging;
TEXT BuildingLimit/src/BuildingLimitRuntime.cs: CRLF=258, bareLF=0, first=using BepInEx.Logging;
TEXT CastlePlanner/CastlePlanner.csproj: CRLF=263, bareLF=0, first=<?xml version="1.0" encoding="utf-8"?>
TEXT CastlePlanner/src/BlueprintRuntimeController.cs: CRLF=1016, bareLF=0, first=using BepInEx.Logging;
TEXT CastlePlanner/src/CastlePlannerRuntime.cs: CRLF=2311, bareLF=0, first=using BepInEx.Logging;
TEXT CastlePlanner/src/FreeCastlePreviewRuntime.cs: CRLF=1314, bareLF=0, first=using BepInEx.Logging;
TEXT CheatMod/CheatMod.csproj: CRLF=61, bareLF=0, first=<?xml version="1.0" encoding="utf-8"?>
TEXT CheatMod/src/CheatModRuntime.cs: CRLF=184, bareLF=0, first=using BepInEx.Logging;
TEXT ExtendedData/ExtendedData.Tests/Program.cs: CRLF=1645, bareLF=0, first=using ExtendedData.Core;
TEXT ExtendedData/src/ExtendedDataRuntime.cs: CRLF=839, bareLF=0, first=using BepInEx.Logging;
TEXT ExtraFeatures/ExtraFeatures.csproj: CRLF=65, bareLF=0, first=<?xml version="1.0" encoding="utf-8"?>
TEXT ExtraFeatures/src/AIDefenseRepairRuntime.cs: CRLF=1109, bareLF=0, first=// Feature: Configure human/AI enemy proximity and damage-anchored AIV defense rebuild timing.
TEXT ExtraFeatures/src/AiFlagDiseaseTracker.cs: CRLF=366, bareLF=0, first=// Feature: Identify Disease projectiles that must retain their Vanilla lifetime.
TEXT ExtraFeatures/src/ExtraFeaturesPlugin.cs: CRLF=174, bareLF=0, first=// Feature: Plugin bootstrap for the Extra Features mod.
TEXT ExtraFeatures/src/ExtraFeaturesRuntime.cs: CRLF=775, bareLF=0, first=// Feature: Lifecycle orchestration and shared event guards for Extra Features.
TEXT ExtraFeatures/src/KnightDismountDelayRuntime.cs: CRLF=957, bareLF=0, first=using CrusaderDE;
TEXT ExtremePowers/api/Native/NativeExtremePowersRuntime.cs: CRLF=385, bareLF=0, first=using MonoMod.RuntimeDetour;
TEXT ExtremePowers/api/Networking/ExtremePowerNetworkRuntime.cs: CRLF=106, bareLF=0, first=using MessagePack;
TEXT ExtremePowers/ExtremePowers.API.csproj: CRLF=40, bareLF=0, first=<?xml version="1.0" encoding="utf-8"?>
TEXT ExtremePowers/ExtremePowers.csproj: CRLF=33, bareLF=0, first=<?xml version="1.0" encoding="utf-8"?>
TEXT ExtremePowers/src/ExtremePowersPlugin.cs: CRLF=113, bareLF=0, first=using BepInEx;
TEXT Helpers/ActiveAIVDetector/src/ActiveAIVDetectionRuntime.cs: CRLF=1619, bareLF=0, first=using BepInEx.Logging;
TEXT Helpers/ActiveAIVDetector/src/ActiveAIVDetectorPlugin.cs: CRLF=99, bareLF=0, first=using BepInEx;
TEXT ImprovedHunters/ImprovedHunters.csproj: CRLF=201, bareLF=0, first=<?xml version="1.0" encoding="utf-8"?>
TEXT RandomEvents/RandomEvents.csproj: CRLF=78, bareLF=0, first=<?xml version="1.0" encoding="utf-8"?>
TEXT RandomEvents/src/RandomEventsRuntime.cs: CRLF=2558, bareLF=0, first=using BepInEx.Logging;
TEXT Shared/GameModeHelper.cs: CRLF=430, bareLF=0, first=using SHCDESE.API;
TEXT Shared/GameplayModActivationGate.cs: CRLF=143, bareLF=0, first=using BepInEx.Logging;
TEXT Shared/GameplaySessionLifecycle.cs: CRLF=153, bareLF=0, first=using APIShared;
TEXT Shared/PresetLobbyModSettingsViewModel.cs: CRLF=2290, bareLF=0, first=using BepInEx;
TEXT Shared/Release/release-projects.json: CRLF=60, bareLF=0, first={
TEXT Shared/ScriptExtenderUpdate/mods.json: CRLF=407, bareLF=0, first=[
TEXT StartConditions/src/StartConditionsRuntime.cs: CRLF=206, bareLF=0, first=using BepInEx.Logging;
TEXT StartConditions/src/StartConditionsRuntime.MapLifecycle.cs: CRLF=96, bareLF=0, first=using BepInEx.Logging;
TEXT StartConditions/StartConditions.csproj: CRLF=155, bareLF=0, first=<?xml version="1.0" encoding="utf-8"?>
TEXT Testmods/AIAttackTest/src/AIAttackTestPlugin.cs: CRLF=124, bareLF=0, first=using BepInEx;
TEXT Testmods/AIDefenseTest/AIDefenseTest.csproj: CRLF=109, bareLF=0, first=<?xml version="1.0" encoding="utf-8"?>
TEXT Testmods/AIDefenseTest/build.bat: CRLF=153, bareLF=0, first=@echo off
TEXT Testmods/AIDefenseTest/src/AIDefenseTestPlugin.cs: CRLF=63, bareLF=0, first=using BepInEx;
TEXT Testmods/AIDefenseTest/src/AIDefenseTestRuntime.cs: CRLF=1567, bareLF=0, first=using BepInEx.Logging;
TEXT Testmods/EnemyGatePathfindingTest/src/EnemyGatePathfindingRuntime.cs: CRLF=818, bareLF=0, first=using BepInEx.Bootstrap;
TEXT Testmods/EnemyGatePathfindingTest/src/EnemyGatePathfindingTestPlugin.cs: CRLF=155, bareLF=0, first=using BepInEx;
TEXT Testmods/EnemyGatePathfindingTest/tests/Program.cs: CRLF=1573, bareLF=0, first=using System;
TEXT Testmods/MoatMove/src/FastMovementScheduler.cs: CRLF=478, bareLF=0, first=using System;
TEXT Testmods/MoatMove/src/FriendlyMoatMovementRuntime.cs: CRLF=10045, bareLF=0, first=using BepInEx.Logging;
TEXT Testmods/MoatMove/src/MoatMovePlugin.cs: CRLF=120, bareLF=0, first=using BepInEx;
TEXT Testmods/OxTetherIdleFixTest/build.bat: CRLF=99, bareLF=0, first=@echo off
TEXT Testmods/OxTetherIdleFixTest/OxTetherIdleFixTest.csproj: CRLF=65, bareLF=0, first=<?xml version="1.0" encoding="utf-8"?>
TEXT Testmods/OxTetherIdleFixTest/src/OxTetherIdleFixTestPlugin.cs: CRLF=78, bareLF=0, first=using BepInEx;
TEXT Testmods/OxTetherIdleFixTest/src/OxTetherIdleFixTestRuntime.cs: CRLF=1471, bareLF=0, first=using BepInEx.Logging;
TEXT Testmods/PreplacedTest/build.bat: CRLF=77, bareLF=0, first=@echo off
TEXT Testmods/PreplacedTest/PreplacedTest.csproj: CRLF=57, bareLF=0, first=<?xml version="1.0" encoding="utf-8"?>
TEXT Testmods/PreplacedTest/src/PreplacedTestPlugin.cs: CRLF=82, bareLF=0, first=using BepInEx;
TEXT Testmods/PreplacedTest/src/PreplacedTestRuntime.cs: CRLF=6536, bareLF=0, first=using BepInEx.Logging;
TEXT Testmods/PreplacedTest/tests/Program.cs: CRLF=1195, bareLF=0, first=using System;
TEXT Testmods/SkinTest/src/SkinTestPlugin.cs: CRLF=66, bareLF=0, first=using BepInEx;
TEXT Testmods/SkinTest/src/SwordsmanSkinRuntime.cs: CRLF=1092, bareLF=0, first=using APIShared;
TEXT Testmods/StockpileAccessFixTest/build.bat: CRLF=92, bareLF=0, first=@echo off
TEXT Testmods/StockpileAccessFixTest/src/StockpileAccessFixTestPlugin.cs: CRLF=107, bareLF=0, first=using BepInEx;
TEXT Testmods/StockpileAccessFixTest/src/StockpileAccessFixTestRuntime.cs: CRLF=1350, bareLF=0, first=using BepInEx.Logging;
TEXT Testmods/StockpileAccessFixTest/StockpileAccessFixTest.csproj: CRLF=67, bareLF=0, first=<?xml version="1.0" encoding="utf-8"?>
TEXT Testmods/VirtualUnitsPrototype/build.bat: CRLF=51, bareLF=0, first=@echo off
TEXT Testmods/VirtualUnitsPrototype/src/VirtualEntityRuntime.cs: CRLF=1031, bareLF=0, first=using APIShared;
TEXT Testmods/VirtualUnitsPrototype/src/VirtualUnitsPlugin.cs: CRLF=59, bareLF=0, first=using BepInEx;
TEXT Testmods/VirtualUnitsPrototype/VirtualUnitsPrototype.csproj: CRLF=60, bareLF=0, first=<?xml version="1.0" encoding="utf-8"?>
TEXT UnitCosts/src/UnitCostsRuntime.cs: CRLF=2099, bareLF=0, first=using BepInEx.Logging;
TEXT UnitCosts/UnitCosts.csproj: CRLF=160, bareLF=0, first=<?xml version="1.0" encoding="utf-8"?>
TEXT UnitLimit/src/ActiveSiegeTentCache.cs: CRLF=420, bareLF=0, first=using BepInEx.Logging;
TEXT UnitLimit/src/ActiveUnitCache.cs: CRLF=787, bareLF=0, first=using BepInEx.Logging;
TEXT UnitLimit/src/UnitLimitRuntime.cs: CRLF=283, bareLF=0, first=using BepInEx.Logging;
TEXT UnitLimit/UnitLimit.csproj: CRLF=172, bareLF=0, first=<?xml version="1.0" encoding="utf-8"?>
PASS: mission lifecycle preflight; 26 projects, 569 distinct sources, 120 changed text files.
