  Wiederherzustellende Projekte werden ermittelt...
  Alle Projekte sind für die Wiederherstellung auf dem neuesten Stand.
  SemanticExtract -> D:\CDesktopLink\Unterlagen\Mods\Stronghold Crusader DE\Meine Mods\_inspect\CrusaderDE-Native-Baseline\tools\semantic\SemanticExtract\bin\Release\net10.0\SemanticExtract.dll

Der Buildvorgang wurde erfolgreich ausgeführt.
    0 Warnung(en)
    0 Fehler

Verstrichene Zeit 00:00:00.41
{"root":"D:\\CDesktopLink\\Unterlagen\\Mods\\Stronghold Crusader DE\\Meine Mods\\shcde-script-extender","gitCommit":"5908e1f12437deb7ef5f5b1dc2d64e301178fba3","fileCount":572,"patternCount":373,"delegateCount":149,"typeCount":253,"typeFieldCount":8879,"vtableMemberCount":345}
{"module": "CrusaderDE.dll", "selectedPatterns": 372, "skippedExternalPatterns": 1, "records": 746, "counts": {"('FBCB93195FC7EFCA9BDAC5204852EFDD76F9818F59A6711750D77C9CEF2831E2', 1)": 371, "('FBCB93195FC7EFCA9BDAC5204852EFDD76F9818F59A6711750D77C9CEF2831E2', 2)": 2, "('17F8DD4A92FF6125BD6A3A70ABC80C727682E489696C218D146A7EA6D2F88BF4', 1)": 371, "('17F8DD4A92FF6125BD6A3A70ABC80C727682E489696C218D146A7EA6D2F88BF4', 2)": 2}}
{"headers": 37, "combined": "D:\\CDesktopLink\\Unterlagen\\Mods\\Stronghold Crusader DE\\Meine Mods\\_inspect\\CrusaderDE-Native-Baseline\\sem\\FBCB9319\\sources\\script-extender-types.h"}
{"headers": 37, "output": "D:\\CDesktopLink\\Unterlagen\\Mods\\Stronghold Crusader DE\\Meine Mods\\_inspect\\CrusaderDE-Native-Baseline\\sem\\FBCB9319\\sources\\script-extender-types-ghidra.h"}
{"status": "ok", "claims": 27, "hookSpans": 4, "contracts": 0, "confirmedLabels": 3, "confidenceGaps": 23}
{"status": "ok", "opcodes": 43, "contracts": 8, "observations": 2, "evidence": 7, "functionClaims": 12}
Script Extender semantic input review: Ghidra required=False; changed inputs=0.
{"confirmed": 3791, "probable": 27, "unchanged": 1289, "changed": 2529, "removed": 658, "added": 660}
{"xamlFiles": 105, "valid": 105, "bindings": 7860}
{"integrity": "ok", "counts": {"functions": 8954, "function_claims": 27, "claim_evidence": 57, "hook_spans": 4, "api_contracts": 0, "chore_opcodes": 43, "chore_contracts": 8, "chore_observations": 2, "chore_evidence": 7, "function_data_references": 79264, "xrefs": 236382, "strings": 4248, "managed_methods": 8138, "pinvokes": 84, "managed_native_links": 56123, "patterns": 746, "source_types": 253, "type_fields": 8879, "vtable_members": 345, "xaml_resources": 105, "version_matches": 3818}}
{"status": "created", "manifest": "D:\\CDesktopLink\\Unterlagen\\Mods\\Stronghold Crusader DE\\Meine Mods\\_inspect\\CrusaderDE-Native-Baseline\\sem\\FBCB9319\\DATABASE_INFO.json", "databaseSha256": "984501035B341F1A8668CE8F481993F16F9901513F63F4D0C3090AA28E644775", "databaseSize": 155078656}
{"status": "ok", "logicalMatch": true, "physicalMatch": true, "sqliteVersionMatch": true, "actualSha256": "984501035B341F1A8668CE8F481993F16F9901513F63F4D0C3090AA28E644775", "actualSize": 155078656, "sqliteVersion": "3.45.3"}
{"status": "ok", "logicalMatch": true, "physicalMatch": true, "sqliteVersionMatch": true, "actualSha256": "984501035B341F1A8668CE8F481993F16F9901513F63F4D0C3090AA28E644775", "actualSize": 155078656, "sqliteVersion": "3.45.3"}
{"status": "ok", "hashes": {"E:\\ProgrammeE\\Steam\\steamapps\\common\\Stronghold Crusader Definitive Edition\\Stronghold Crusader Definitive Edition_Data\\Plugins\\x86_64\\CrusaderDE.dll": "FBCB93195FC7EFCA9BDAC5204852EFDD76F9818F59A6711750D77C9CEF2831E2", "E:\\ProgrammeE\\Steam\\steamapps\\common\\Stronghold Crusader Definitive Edition\\Stronghold Crusader Definitive Edition_Data\\Managed\\Assembly-CSharp.dll": "BC8B6A395F01D48557DB413600C8DD8D1FDFD3ABDF97BFBBB68A3C56B04FD789", "D:\\CDesktopLink\\Unterlagen\\Mods\\Stronghold Crusader DE\\Meine Mods\\x86_64\\CrusaderDE.dll": "17F8DD4A92FF6125BD6A3A70ABC80C727682E489696C218D146A7EA6D2F88BF4"}, "rawBaselineUnchanged": true, "scriptExtenderUnchanged": true, "parsedJsonFiles": 25, "parsedJsonlRecords": 350407, "validatedAddressRecords": 9700, "resolvedCrusaderPInvokes": 77, "validXamlFiles": 105, "versionMatches": 3818, "curatedFunctionClaims": 27, "curatedHookSpans": 4, "curatedApiContracts": 0, "choreOpcodes": 43, "choreContracts": 8, "choreObservations": 2, "choreEvidence": 7, "sqliteIntegrity": "ok", "foreignKeyErrors": 0, "ftsOperatorHits": 185, "pathLimit": 240, "maxPathLength": 233, "longestPath": "D:\\CDesktopLink\\Unterlagen\\Mods\\Stronghold Crusader DE\\Meine Mods\\_inspect\\CrusaderDE-Native-Baseline\\FBCB93195FC7EFCA9BDAC5204852EFDD76F9818F59A6711750D77C9CEF2831E2\\ghidra\\CrusaderDE-Ghidra-12.1.3.rep\\idata\\00\\~00000000.db\\db.1.gbf", "filesOverPathLimit": 0, "counts": {"functions": 8954, "function_claims": 27, "claim_evidence": 57, "hook_spans": 4, "api_contracts": 0, "chore_opcodes": 43, "chore_contracts": 8, "chore_observations": 2, "chore_evidence": 7, "function_data_references": 79264, "xrefs": 236382, "managed_methods": 8138, "pinvokes": 84, "managed_native_links": 56123, "patterns": 746, "source_types": 253, "type_fields": 8879, "vtable_members": 345, "xaml_resources": 105, "version_matches": 3818}}
PASS: Script Extender 2.14.1 verified; 0 affected runtime mods built, 18 unaffected runtime mods statically verified, and 0 inactive inventory entries skipped. Extender SHA-256: E5D78FDF2EA9701336C398F7D29410F206D141FC01AA8099F30C824E6AB8A0B3
