2026-09-01 13:35:37 INFO  (LoggingInitialization) Using log config file: jar:file:/D:/CDesktopLink/Unterlagen/Mods/Stronghold%20Crusader%20DE/Meine%20Mods/.tools/ghidra-12.1.3/ghidra_12.1.3_PUBLIC/Ghidra/Framework/Generic/lib/Generic.jar!/generic.log4j.xml  
2026-09-01 13:35:37 INFO  (LoggingInitialization) Using log file: D:\CDesktopLink\Unterlagen\Mods\Stronghold Crusader DE\Meine Mods\_inspect\CrusaderDE-Native-Baseline\FBCB93195FC7EFCA9BDAC5204852EFDD76F9818F59A6711750D77C9CEF2831E2\logs\ghidra-export.log  
2026-09-01 13:35:37 DEBUG (GhidraObjectInputFilter) Including serial input filter: FileSystem/data/client.rmi.serial.filter  
2026-09-01 13:35:37 INFO  (Preferences) Loading user preferences: C:\Users\Serpens66\AppData\Roaming\ghidra\ghidra_12.1.3_PUBLIC\preferences  
2026-09-01 13:35:37 INFO  (ClassSearcher) Searching for classes...  
2026-09-01 13:35:38 INFO  (ClassSearcher) Class search complete (700 ms)  
2026-09-01 13:35:38 INFO  (DefaultSSLContextInitializer) Initializing SSL Context  
2026-09-01 13:35:38 INFO  (SecureRandomFactory) Initializing Random Number Generator...  
2026-09-01 13:35:38 INFO  (SecureRandomFactory) Random Number Generator initialization complete: SHA1PRNG  
2026-09-01 13:35:38 INFO  (DefaultTrustManagerFactory) Trust manager disabled, cacerts have not been set  
2026-09-01 13:35:38 INFO  (AnalyzeHeadless) Headless startup complete (1813 ms)  
2026-09-01 13:35:38 INFO  (ClassSearcher) Class searcher loaded 59 extension points (20 false positives)  
2026-09-01 13:35:38 INFO  (HeadlessAnalyzer) HEADLESS Script Paths:
    D:\CDesktopLink\Unterlagen\Mods\Stronghold Crusader DE\Meine Mods\.tools\ghidra-12.1.3\ghidra_12.1.3_PUBLIC\Ghidra\Processors\PIC\ghidra_scripts
    D:\CDesktopLink\Unterlagen\Mods\Stronghold Crusader DE\Meine Mods\.tools\ghidra-12.1.3\ghidra_12.1.3_PUBLIC\Ghidra\Features\GnuDemangler\ghidra_scripts
    D:\CDesktopLink\Unterlagen\Mods\Stronghold Crusader DE\Meine Mods\.tools\ghidra-12.1.3\ghidra_12.1.3_PUBLIC\Ghidra\Processors\Atmel\ghidra_scripts
    D:\CDesktopLink\Unterlagen\Mods\Stronghold Crusader DE\Meine Mods\.tools\ghidra-12.1.3\ghidra_12.1.3_PUBLIC\Ghidra\Processors\DATA\ghidra_scripts
    D:\CDesktopLink\Unterlagen\Mods\Stronghold Crusader DE\Meine Mods\.tools\ghidra-12.1.3\ghidra_12.1.3_PUBLIC\Ghidra\Features\BytePatterns\ghidra_scripts
    D:\CDesktopLink\Unterlagen\Mods\Stronghold Crusader DE\Meine Mods\.tools\ghidra-12.1.3\ghidra_12.1.3_PUBLIC\Ghidra\Features\Decompiler\ghidra_scripts
    D:\CDesktopLink\Unterlagen\Mods\Stronghold Crusader DE\Meine Mods\.tools\ghidra-12.1.3\ghidra_12.1.3_PUBLIC\Ghidra\Debug\Debugger-rmi-trace\ghidra_scripts
    D:\CDesktopLink\Unterlagen\Mods\Stronghold Crusader DE\Meine Mods\.native-analysis\CrusaderDE-Baseline\tools
    D:\CDesktopLink\Unterlagen\Mods\Stronghold Crusader DE\Meine Mods\.tools\ghidra-12.1.3\ghidra_12.1.3_PUBLIC\Ghidra\Features\Base\ghidra_scripts
    D:\CDesktopLink\Unterlagen\Mods\Stronghold Crusader DE\Meine Mods\.tools\ghidra-12.1.3\ghidra_12.1.3_PUBLIC\Ghidra\Features\PDB\ghidra_scripts
    D:\CDesktopLink\Unterlagen\Mods\Stronghold Crusader DE\Meine Mods\.tools\ghidra-12.1.3\ghidra_12.1.3_PUBLIC\Ghidra\Features\WildcardAssembler\ghidra_scripts
    D:\CDesktopLink\Unterlagen\Mods\Stronghold Crusader DE\Meine Mods\.tools\ghidra-12.1.3\ghidra_12.1.3_PUBLIC\Ghidra\Features\BSim\ghidra_scripts
    D:\CDesktopLink\Unterlagen\Mods\Stronghold Crusader DE\Meine Mods\.tools\ghidra-12.1.3\ghidra_12.1.3_PUBLIC\Ghidra\Features\FunctionID\ghidra_scripts
    D:\CDesktopLink\Unterlagen\Mods\Stronghold Crusader DE\Meine Mods\.tools\ghidra-12.1.3\ghidra_12.1.3_PUBLIC\Ghidra\Features\VersionTracking\ghidra_scripts
    D:\CDesktopLink\Unterlagen\Mods\Stronghold Crusader DE\Meine Mods\.tools\ghidra-12.1.3\ghidra_12.1.3_PUBLIC\Ghidra\Features\FileFormats\ghidra_scripts
    D:\CDesktopLink\Unterlagen\Mods\Stronghold Crusader DE\Meine Mods\.tools\ghidra-12.1.3\ghidra_12.1.3_PUBLIC\Ghidra\Features\DecompilerDependent\ghidra_scripts
    D:\CDesktopLink\Unterlagen\Mods\Stronghold Crusader DE\Meine Mods\.tools\ghidra-12.1.3\ghidra_12.1.3_PUBLIC\Ghidra\Features\SwiftDemangler\ghidra_scripts
    D:\CDesktopLink\Unterlagen\Mods\Stronghold Crusader DE\Meine Mods\.tools\ghidra-12.1.3\ghidra_12.1.3_PUBLIC\Ghidra\Debug\Debugger\ghidra_scripts
    D:\CDesktopLink\Unterlagen\Mods\Stronghold Crusader DE\Meine Mods\.tools\ghidra-12.1.3\ghidra_12.1.3_PUBLIC\Ghidra\Features\SystemEmulation\ghidra_scripts
    D:\CDesktopLink\Unterlagen\Mods\Stronghold Crusader DE\Meine Mods\.tools\ghidra-12.1.3\ghidra_12.1.3_PUBLIC\Ghidra\Processors\8051\ghidra_scripts
    D:\CDesktopLink\Unterlagen\Mods\Stronghold Crusader DE\Meine Mods\.tools\ghidra-12.1.3\ghidra_12.1.3_PUBLIC\Ghidra\Features\PyGhidra\ghidra_scripts
    D:\CDesktopLink\Unterlagen\Mods\Stronghold Crusader DE\Meine Mods\.tools\ghidra-12.1.3\ghidra_12.1.3_PUBLIC\Ghidra\Processors\JVM\ghidra_scripts
    D:\CDesktopLink\Unterlagen\Mods\Stronghold Crusader DE\Meine Mods\.tools\ghidra-12.1.3\ghidra_12.1.3_PUBLIC\Ghidra\Features\MicrosoftCodeAnalyzer\ghidra_scripts  
2026-09-01 13:35:38 INFO  (HeadlessAnalyzer) HEADLESS: execution starts  
2026-09-01 13:35:38 INFO  (HeadlessAnalyzer) Opening existing project: D:\CDesktopLink\Unterlagen\Mods\Stronghold Crusader DE\Meine Mods\_inspect\CrusaderDE-Native-Baseline\FBCB93195FC7EFCA9BDAC5204852EFDD76F9818F59A6711750D77C9CEF2831E2\ghidra\CrusaderDE-Ghidra-12.1.3  
2026-09-01 13:35:39 INFO  (HeadlessProject) Opening project: D:\CDesktopLink\Unterlagen\Mods\Stronghold Crusader DE\Meine Mods\_inspect\CrusaderDE-Native-Baseline\FBCB93195FC7EFCA9BDAC5204852EFDD76F9818F59A6711750D77C9CEF2831E2\ghidra\CrusaderDE-Ghidra-12.1.3  
2026-09-01 13:35:40 INFO  (HeadlessAnalyzer) REPORT: Processing read-only project file: /CrusaderDE.dll  
2026-09-01 13:35:40 INFO  (HeadlessAnalyzer) REPORT: Execute script: ExportCrusaderBaseline.java 'D:\CDesktopLink\Unterlagen\Mods\Stronghold Crusader DE\Meine Mods\_inspect\CrusaderDE-Native-Baseline\FBCB93195FC7EFCA9BDAC5204852EFDD76F9818F59A6711750D77C9CEF2831E2\exports'   
2026-09-01 13:35:41 INFO  (HeadlessAnalyzer) SCRIPT: D:\CDesktopLink\Unterlagen\Mods\Stronghold Crusader DE\Meine Mods\.native-analysis\CrusaderDE-Baseline\tools\ExportCrusaderBaseline.java  
2026-09-01 13:35:42 INFO  (GhidraScript) ExportCrusaderBaseline.java> EXPORT_FUNCTIONS count=4478  
2026-09-01 13:35:42 INFO  (GhidraScript) ExportCrusaderBaseline.java> EXPORT_XREFS count=236382  
2026-09-01 13:35:42 INFO  (GhidraScript) ExportCrusaderBaseline.java> EXPORT_STRINGS count=4248  
2026-09-01 13:35:42 INFO  (GhidraScript) ExportCrusaderBaseline.java> EXPORT_IMPORTS count=106  
2026-09-01 13:35:42 INFO  (GhidraScript) ExportCrusaderBaseline.java> EXPORT_EXPORTS count=78  
2026-09-01 13:35:42 INFO  (GhidraScript) ExportCrusaderBaseline.java> EXPORT_SECTIONS count=9  
2026-09-01 13:35:58 WARN  (DecompileCallback) Decompiling 18006a190: Unable to read bytes at ram:18e0e0000  
2026-09-01 13:36:00 WARN  (DecompileCallback) Decompiling 180077e60: Unable to read bytes at ram:24ccccc02  
2026-09-01 13:36:13 WARN  (DecompileCallback) Decompiling 180084130: Unable to read bytes at ram:18e0e0000  
2026-09-01 13:36:14 WARN  (DecompileCallback) Decompiling 1800898b0: Unable to read bytes at ram:18e0e0000  
2026-09-01 13:36:27 WARN  (DecompileCallback) Decompiling 18009b2b0: Unable to read bytes at ram:24ccc0000  
2026-09-01 13:36:27 WARN  (DecompileCallback) Decompiling 18009b2b0, pcode error at 180000158: Unable to resolve constructor at 180000158  
2026-09-01 13:36:40 WARN  (DecompileCallback) Decompiling 1800abb90: Unable to read bytes at ram:24c000404  
2026-09-01 13:36:53 WARN  (DecompileCallback) Decompiling 1800c77c0: Unable to read bytes at ram:1dd5d5d00  
2026-09-01 13:37:23 WARN  (DecompileCallback) Decompiling 180190010: Unable to read bytes at ram:1b3455340  
2026-09-01 13:37:23 WARN  (DecompileCallback) Decompiling 180190010: Unable to read bytes at ram:1b3455340  
2026-09-01 13:37:46 INFO  (GhidraScript) ExportCrusaderBaseline.java> EXPORT_DECOMPILATION attempted=4478 completed=4475 failed=3  
2026-09-01 13:37:46 INFO  (GhidraScript) ExportCrusaderBaseline.java> EXPORT_COMPLETE directory=D:\CDesktopLink\Unterlagen\Mods\Stronghold Crusader DE\Meine Mods\_inspect\CrusaderDE-Native-Baseline\FBCB93195FC7EFCA9BDAC5204852EFDD76F9818F59A6711750D77C9CEF2831E2\exports  
